border_size=1
usage=map

Xu, Xu, Xu, Xu, Xu, Xu, Xu, Xu, Xu, Xu, Xu, Xu, Xu, Xu, Xu, Xu, Xu, Xu, Xu, Xu, Xu, Xu, Xu, Xu, Xu, Xu, Xu, Xu, Xu, Xu, Xu, Xu, Xu, Xu, Xu, Xu, Xu, Xu, Xu, Xu, Xu, Xu, Xu, Xu, Xu, Xu, Xu, Xu, Xu, Xu, Xu, Xu, Xu, Xu, Xu, Xu, Xu, Xu, Xu, Xu, Xu, Xu, Xu, Xu, Xu, Xu, Xu, Xu, Xu, Xu, Xu, Xu, Xu, Xu, Xu, Xu, Xu, Xu, Xu, Xu, Xu, Xu, Xu, Xu, Xu, Xu, Xu, Xu, Xu, Xu, Xu, Xu, Xu, Xu, Xu, Xu, Xu, Xu, Xu, Xu, Xu, Xu
Xu, Xu, Xu, Xu, Xu, Xu, Xu, Xu, Xu, Xu, Xu, Xu, Xu, Xu, Xu, Xu, Xu, Xu, Xu, Xu, Xu, Xu, Xu, Xu, Xu, Xu, Xu, Xu, Uu, Xu, Uu, Xu, Xu, Xu, Xu, Xu, Uu, Xu, Uu, Xu, Xu, Xu, Xu, Xu, Xu, Xu, Xu, Xu, Xu, Xu, Xu, Xu, Xu, Xu, Xu, Xu, Xu, Xu, Xu, Xu, Xu, Xu, Ur, Xu, Ur, Xu, Xu, Xu, Xu, Xu, Xu, Xu, Xu, Xu, Xu, Xu, Xu, Xu, Xu, Xu, Xu, Xu, Xu, Xu, Xu, Xu, Xu, Xu, Xu, Xu, Xu, Xu, Xu, Xu, Xu, Xu, Xu, Xu, Xu, Xu, Xu, Xu
Xu, Xu, Xu, Xu, Xu, Xu, Xu, Xu, Xu, Xu, Xu, Xu, Xu, Xu, Xu, Xu, Xu, Xu, Xu, Xu, Xu, Xu, Xu, Xu, Xu, Xu, Uu, Uu, Uu, Uu^Vu, Uu, Xu, Uu, Uu, Uu, Uu, Ur, Uu, Uu, Uu, Uu, Uu, Uu, Uu, Uu, Uu, Uu, Xu, Xu, Xu, Uu, Uu^Es, Uu^Es, Uu, Uu, Uu, Uu, Uu, Uu, Uu, Uu, Ur, Ur, Ur, Uu^Vu, Ur, Xu, Xu, Xu, Xu, Xu, Xu, Xu, Xu, Xu, Xu, Xu, Xu, Xu, Xu, Xu, Xu, Xu, Xu, Xu, Xu, Xu, Xu, Xu, Xu, Xu, Xu, Xu, Xu, Xu, Xu, Xu, Xu, Xu, Xu, Xu, Xu
Xu, Xu, Xu, Xu, Xu, Xu, Xu, Xu, Xu, Xu, Xu, Xu, Uu, Xu, Uu, Xu, Uu^Vu, Xu, Xu, Xu, Xu, Xu, Xu, Xu, Xu, Uu, Xu, Xu, Xu, Xu, Xu, Uu, Uu, Ur, Ur, Ur, Uu, Ur, Ur, Ur, Ur, Uu, Ur, Uu, Ur, Uu, Ur, Uu, Xu, Xu, Uu, Uu^Es, Uu^Vu, Xu, Xu, Xu, Xu, Xu, Xu, Xu, Ur, Ur, Xu, Uu, Uu, Ur, Ur, Xu, Ur, Xu, Xu, Xu, Xu, Xu, Xu, Xu, Xu, Xu, Xu, Xu, Xu, Xu, Xu, Uu, Ur, Ur, Ur, Uu, Ur, Uu, Uu, Uu, Uu^Vu, Uu, Uh, Uu, Uu, Uu, Xu, Xu, Xu, Xu
Xu, Xu, Xu, Xu, Xu, Xu, Xu, Xu, Xu, Xu, Uu, Uu, Ql, Uu, Ql, Uu, Uu, Uu, Xu, Xu, Xu, Xu, Xu, Xu, Xu, Uu, Xu, Xu, Xu, Xu, Uu, Ur, Ur, Ur, Xu, Uu, Xu, Xu, Xu, Uu, Uu, Ur, Uu, Ur, Ur, Ur, Ur, Ur, Xu, Xu, Uu, Xu, Xu, Xu, Xu, Xu, Xu, Xu, Xu, Ur, Ur, Uu, Xu, Xu, Xu, Xu, Xu, Ur, Xu, Ur, Ur, Xu, Uu, Uu^Vu, Uu, Xu, Xu, Xu, Xu, Xu, Xu, Xu, Xu, Ur, Xu, Xu, Xu, Ur, Uu, Ur, Ur, Ur, Uu, Uh, Uh, Uh, Uh, Uu, Xu, Xu, Xu, Xu
Xu, Xu, Xu, Xu, Xu, Xu, Xu, Xu, Uu, Uu, Ql, Ql, Ql, Ql, Ql, Ql, Ql, Ql, Ql, Ql, Ql, Xu, Xu, Xu, Xu, Uu, Ur, Xu, Ur, Xu, Ur, Ur, Uu, Uu, Xu, Xu, Xu, Xu, Xu, Uu, Uu, Uu, Uu^Vu, Uu, Uu, Uu, Uu, Uu, Xu, Xu, Uu, Xu, Xu, Xu, Xu, Xu, Xu, Xu, Ur, Ur, Uu^Es, Xu, Xu, Xu, Xu, Xu, Xu, Xu, Xu, Xu, Ur, Uu, Uu, Uu, Uu, Xu, Xu, Xu, Xu, Xu, Xu, Xu, Xu, Ur, Xu, Xu, Xu, Xu, Xu, Uu, Xu, Ur, Ur, Uu, Uu, Uh, Uu, Xu, Xu, Xu, Xu, Xu
Xu, Xu, Xu, Xu, Xu, Xu, Xu, Xu, Uu, Ql, Ql, Ql, Ql, Ql, Ql, Ql, Ql, Ql, Ql, Ql, Ql, Ql, Xu, Xu, Xu, Xu, Ur, Ur, Xu, Ur, Ur, Uu, Xu, Xu, Xu, Xu, Uue, Uue, Uue, Xu, Xu, Uu, Xu, Uu, Xu, Uu, Xu, Xu, Xu, Xu, Uu, Xu, Uu, Uu, Uu, Uu, Ur, Ur, Xu, Uu, Uu^Es, Uu^Vu, Uu, Uu, Ur, Xu, Xu, Xu, Ur, Uu, Ur, Ur, Ur, Uu, Uu, Xu, Xu, Xu, Xu, Xu, Xu, Xu, Xu, Xol, Xu, Xu, Xu, Xu, Xu, Xu, Xu, Ur, Ur, Uu, Uu, Uu, Xu, Xu, Xu, Xu, Xu, Xu
Xu, Xu, Xu, Xu, Xu, Xu, Uu, Uu, Ql, Ql, Ql, Ql, Ql, Ql, Ql, Ql, Ql, Ql, Ql, Ql, Uu, Xu, Xu, Xu, Xu, Xu, Ur, Ur, Xu, Uu, Uu, Ur, Xu, Xu, Uue, Uue, Uh, Uh, Uh, Uh, Uh, Xu, Xu, Xu, Xu, Xu, Xu, Xu, Xu, Xu, Uu, Uu, Xu, Xu, Xu, Xu, Ur, Xu, Xu, Xu, Xu, Xu, Ur, Ur, Xu, Ur, Uu, Ur, Ur, Ur, Xu, Uu, Uu, Ur, Ur, Uu, Uu, Xu, Uu^Vu, Xu, Xu, Xu, Uu, Ur, Uu, Xu, Xu, Xu, Xu, Xu, Xu, Ur, Ur, Uu, Uu, Uu, Xu, Xu, Xu, Xu, Xu, Xu
Xu, Xu, Xu, Xu, Xu, Xu, Uu, Ql, Uu, Ql, Ql, Ql, Ql, Ql, Ql, Ql, Ql, Ql, Ql, Ql, Ql, Uu, Xu, Xu, Xu, Xu, Ur, Xu, Xu, Xu, Uu, Ur, Xu, Xu, Uue, Uue, Uue, Uh, Uh, Uu^Vu, Uh, Uue, Uue, Xu, Uue, Uue, Uue, Xu, Xu, Xu, Uu, Xu, Xu, Xu, Ur, Xu, Ur, Xu, Ur, Uu, Ur, Ur, Xu, Xu, Xu, Xu, Uu, Ur, Ur, Xu, Xu, Xu, Xu, Uu, Uu, Ur, Ur, Uu, Uu, Uu, Xu, Uu, Ur, Ur, Uu, Uu, Xu, Xu, Xu, Xu, Xu, Ur, Uu, Ur, Uu, Xu, Xu, Xu, Uu, Xu, Xu, Xu
Xu, Xu, Xu, Xu, Xu, Uu, Uu, Uu, Xu, Ql, Ql, Ql, Ql, Ql, Ql, Ql, Ql, Ql, Uu, Ql, Uu, Uu, Xu, Xu, Xu, Xu, Ur, Ur, Xu, Uu, Uu, Ur, Xu, Xu, Uue, Uue, Uue, Ur, Ur, Uh, Ur, Uue, Ur, Ur, Ur, Ur, Ur, Ur, Xol, Xu, Ur, Uu, Ur, Ur, Ur, Ur, Ur, Ur, Ur, Ur, Xu, Xu, Xu, Xu, Xu, Xu, Xu, Uu, Ur, Ur, Xu, Xu, Xu, Xu, Uu, Uu, Ur, Ur, Ur, Xu, Xu, Ur, Ur, Ur, Xu, Xu, Xu, Xu, Xu, Xu, Ur, Ur, Uu, Ur, Uu, Xu, Uu, Uu, Xu, Uu, Xu, Xu
Xu, Xu, Xu, Xu, Xu, Uu, Xu, Xu, Ur, Ur, Ur, Ur, Ur, Ur, Ur, Ur, Ur, Xu, Ur, Ur, Ur, Ur, Uu, Xu, Xu, Xu, Ur, Ur, Xu, Uu, Ur, Ur, Uu, Xu, Xu, Uue, Ur, Ur, Uue, Ur, Wwg, Ur, Wwg, Ur, Uue, Uue, Uue, Xu, Xu, Ur, Ur, Ur, Xu, Xu, Xu, Xu, Xu, Uu, Xu, Xu, Uu, Xu, Uu, Uu, Uu, Uu, Uu, Xu, Ur, Ur, Xu, Xu, Xu, Xu, Xu, Uu, Uu, Ur, Ur, Ur, Ur, Ur, Xu, Xu, Xu, Xu, Xu, Xu, Xu, Xu, Ur, Uu, Uu, Ur, Ur, Xu, Uu, Xu, Xu, Uu, Xu, Xu
Xu, Xu, Xu, Xu, Xu, Uu, Xu, Ur, Xu, Ur, Xu, Xu, Uu, Xu, Uu, Xu, Xu, Ur, Xu, Xu, Xu, Xu, Ur, Xu, Xu, Xu, Ur, Xu, Xu, Uu, Ur, Ur, Uu, Xu, Xu, Uue, Ur, Uue, Wwg, Wwg, Wog, Wog, Wog, Wwg, Wwg, Uue, Uue, Uue, Xu, Xu, Ur, Uu^Vu, Xu, Xu, Uu, Xu, Uu, Uu, Uu, Uu, Xu, Uu, Xu, Xu, Xu, Xu, Uu, Xu, Ur, Ur, Uu, Xu, Xu, Xu, Xu, Xu, Xu, Uu, Xu, Uu, Uu, Xu, Xu, Xu, Xu, Xu, Xu, Xu, Uu, Uu, Ur, Uu, Xu, Uu, Ur, Uu, Xu, Xu, Xu, Uu, Xu, Xu
Xu, Xu, Xu, Xu, Xu, Uu, Uu, Ur, Ql, Xu, Uu, Uu, Xu, Xu, Xu, Uu, Uu, Uu, Xu, Xu, Xu, Xu, Ur, Xu, Xu, Xu, Ur, Xu, Xu, Xu, Ur, Uu, Xu, Xu, Xu, Xu, Ur, Uue, Wwg, Wog, Wog, Wog, Wog, Wog, Wog, Wwg, Uue, Uue, Xu, Xu, Ur, Uu, Uu, Uu, Xu, Uu, Uu, Uu^Vu, Uu, Xu, Xu, Xu, Xu, Xu, Uu, Uu, Uu, Xu, Uu, Ur, Xu, Xu, Xu, Xu, Xu, Xu, Xu, Xu, Xu, Xu, Xu, Xu, Xu, Xu, Xu, Xu, Xu, Xu, Ur, Ur, Uu, Xu, Xu, Uu, Ur, Uu, Xu, Xu, Xu, Uu, Xu, Xu
Xu, Xu, Xu, Xu, Xu, Xu, Uu, Ur, Ur, Ql, Ql, Uu, Xu, Xu, Xu, Xu, Xu, Uu, Ql, Ql, Xu, Xu, Ur, Ur, Xu, Xu, Ur, Xu, Xu, Uu, Ur, Uu, Xu, Xu, Xu, Xu, Ur, Uue, Wwg, Wwg, Wog, Wog, Wog, Wog, Wwg, Wwg, Uue, Uue, Xu, Xu, Ur, Xu, Xu, Xu, Uu, Xu, Uu, Uu, Uu, Uu, Uu, Xu, Uu, Uu, Xu, Xu, Uu, Xu, Ur, Ur, Xu, Xu, Xu, Xu, Xu, Xu, Uu, Xu, Xu, Xu, Xu, Xu, Xu, Xu, Xu, Xu, Ur, Ur, Uu, Uu, Xu, Xu, Uu, Uu, Ur, Uu, Xu, Xu, Uu, Uu, Xu, Xu
Xu, Xu, Xu, Xu, Xu, Xu, Uu, Xu, Xu, Ur, Ur, Ql, Ql, Uu, Ql, Xu, Ql, Ql, Ql, Ql, Ql, Xu, Ur, Ur, Xu, Xu, Ur, Xu, Xu, Uu, Ur, Uu, Xu, Xu, Xu, Uue, Ur, Uue, Wwg, Wwg, Wwg, Wwg, Wwg, Wwg, Wwg, Wwg, Uue, Xu, Xu, Xu, Ur, Xu, Ur, Xu, Xu, Uu, Xu, Xu, Xu, Uu, Xu, Uu, Xu, Xu, Xu, Xu, Ur, Ur, Xu, Xu, Xu, Xu, Ur, Uu, Ur, Uu, Xu, Uu, Xu, Xu, Xu, Xu, Xu, Uu, Ur, Ur, Ur, Uu, Xu, Xu, Xu, Xu, Uu, Uu, Ur, Uu, Uu, Uu, Uu, Uu, Xu, Xu
Xu, Xu, Xu, Xu, Xu, Xu, Xu, Uu, Xu, Xu, Xu, Ur, Ur, Ur, Ur, Ql, Ur, Ql, Ur, Ur, Ur, Ur, Ur, Ur, Xu, Xu, Ur, Xu, Xu, Uu, Ur, Uu, Xu, Xu, Xu, Ur, Uue, Ds, Ds, Wwg, Ds, Wwg, Ds, Wwg, Ds, Ds, Ur, Ur, Xol, Ur, Ur, Ur, Uu, Ur, Ur, Ur, Ur, Xu, Xu, Xu, Xu, Xu, Ur, Ur, Ur, Ur, Xu, Xu, Xu, Xu, Ur, Ur, Xu, Ur, Ur, Xu, Xu, Uu, Xu, Xu, Xu, Xu, Xu, Uu, Ur, Ur, Xu, Xu, Xu, Xu, Xu, Xu, Uu, Uu, Ur, Uu, Xu, Xu, Uu, Xu, Xu, Xu
Xu, Xu, Xu, Xu, Xu, Xu, Xu, Uu, Uu, Xu, Xu, Xu, Xu, Ur, Xu, Ur, Ur, Ur, Ur, Ur, Uu^Vu, Ur, Uu, Xu, Xu, Xu, Ur, Xu, Xu, Uu, Ur, Ur, Xu, Xu, Xu, Ur, Ur, Uue, Ur, Ds, Ur, Ds, Ur, Ds, Uue, Ur, Uue, Xu, Xu, Xu, Ur, Xu, Uu, Xu, Xu, Ur, Xu, Ur, Ur, Ur, Ur, Ur, Xu, Ur, Xu, Uu^Vu, Xu, Xu, Xu, Ur, Xu, Xu, Xu, Xu, Ur, Xu, Xu, Uu, Xu, Xu, Uu, Uu, Uu, Ur, Ur, Xu, Xu, Xu, Xu, Xu, Xu, Xu, Uu, Uu, Ur, Uu, Xu, Xu, Uu, Xu, Xu, Xu
Xu, Xu, Xu, Xu, Xu, Xu, Xu, Xu, Xu, Uu, Uu, Xu, Xu, Ur, Ur, Xu, Xu, Ur, Ur, Ur, Ur, Ur, Xu, Xu, Xu, Xu, Ur, Xu, Xu, Uu, Uu, Ur, Uu, Xu, Xu, Xu, Ur, Ur, Uue, Ur, Uue, Uue, Uue, Uue, Uue, Uue, Uue, Uue, Xu, Xu, Ur, Uu, Uu, Uu, Uu, Xu, Uu, Xu, Xu, Uu, Uu, Xu, Xu, Xu, Xu, Xu, Xu, Xu, Ur, Ur, Xu, Xu, Xu, Xu, Ur, Uu, Uu, Uu, Xu, Xu, Xu, Uu, Uu, Ur, Ur, Xu, Uu, Xu, Xu, Xu, Xu, Xu, Uu, Ur, Ur, Uu, Uu, Uu, Xu, Xu, Xu, Xu
Xu, Xu, Xu, Xu, Xu, Xu, Xu, Xu, Xu, Xu, Xu, Uu, Uu, Xu, Ur, Xu, Xu, Xu, Ur, Ur, Uu, Uu, Xu, Xu, Xu, Uu, Ur, Xu, Xu, Xu, Uu, Ur, Ur, Uu, Uu, Xu, Xol, Xu, Xu, Xu, Xu, Uue, Xu, Xu, Xu, Uue, Xu, Xu, Ur, Ur, Ur, Xu, Xu, Xu, Xu, Uu, Uu, Uu^Vu, Xu, Xu, Xu, Uu, Uu, Xu, Xu, Xu, Xu, Xu, Ur, Xu, Xu, Xu, Uu, Uu, Ur, Uu, Uu, Uu, Uu, Xu, Xu, Xu, Xu, Uu, Uu, Ur, Ur, Uu, Uu, Xu, Xu, Xu, Uu, Ur, Uu, Uu, Uu, Xu, Xu, Xu, Xu, Xu
Xu, Xu, Xu, Xu, Xu, Xu, Xu, Xu, Xu, Xu, Xu, Xu, Xu, Uu, Uu, Ur, Ur, Uu, Uu, Ur, Xu, Xu, Xu, Xu, Xu, Ur, Xu, Xu, Xu, Xu, Xu, Uu, Ur, Ur, Ur, Xu, Ur, Xu, Xu, Xu, Xu, Xu, Xu, Xu, Xu, Xu, Xu, Xu, Ur, Ur, Uu, Xu, Uu, Xu, Uu, Uu, Uu, Xu, Uu, Xu, Xu, Xu, Uu, Xu, Xu, Xu, Xu, Ur, Ur, Uu, Xu, Uu, Uu, Ur, Ur, Uu, Uu, Uu, Uu, Uu, Xu, Xu, Xu, Xu, Xu, Uu, Uu, Ur, Ur, Uu, Uu, Xu, Ur, Ur, Uu, Xu, Xu, Xu, Xu, Xu, Xu, Xu
Xu, Xu, Xu, Xu, Xu, Xu, Xu, Xu, Xu, Xu, Xu, Xu, Xu, Xu, Ur, Ur, Xu, Xu, Xu, Xu, Xu, Xu, Xu, Xu, Xu, Ur, Xu, Xu, Xu, Xu, Xu, Xu, Xu, Ur, Ur, Ur, Ur, Xu, Xu, Xu, Xu, Xu, Xu, Xu, Xu, Xu, Xu, Xu, Ur, Ur, Ur, Uu, Xu, Uu, Uu, Xu, Uu, Uu, Xu, Uu, Xu, Xu, Uu, Xu, Xu, Xu, Uu, Ur, Xu, Ur, Ur, Uu, Ur, Ur, Uu, Uu, Uu, Uu^Vu, Uu, Uu, Uu, Xu, Xu, Xu, Xu, Xu, Xu, Uu, Uu, Ur, Ur, Ur, Ur, Uu, Xu, Xu, Xu, Xu, Xu, Xu, Xu, Xu
Xu, Xu, Xu, Xu, Xu, Xu, Xu, Xu, Xu, Xu, Xu, Xu, Xu, Xu, Ur, Uu, Xu, Xu, Xu, Xu, Xu, Xu, Xu, Xu, Xu, Ur, Xu, Xu, Xu, Xu, Xu, Xu, Xu, Xu, Xu, Uu, Ur, Ur, Ur, Xu, Xu, Xu, Xu, Xu, Xu, Xu, Xu, Xu, Ur, Ur, Uu, Uu, Uu, Uu, Uu, Uu, Xu, Xu, Xu, Xu, Uu, Uu, Xu, Xu, Ur, Uu, Ur, Ur, Xu, Uu, Uu, Ur, Ur, Ur, Ur, Uu, Uu, Uu, Uu, Uu, Uu, Uu, Uu, Xu, Xu, Xu, Xu, Xu, Xu, Uu, Uu, Ur, Uu, Uu, Uu, Uu^Vu, Uu, Xu, Xu, Xu, Xu, Xu
Xu, Xu, Xu, Xu, Xu, Xu, Xu, Xu, Xu, Xu, Xu, Xu, Xu, Xu, Ur, Uu, Xu, Xu, Xu, Xu, Uu, Uu, Uu, Xu, Uu, Ur, Uu, Xu, Xu, Xu, Xu, Xu, Xu, Xu, Xu, Xu, Uu, Ur, Ur, Ur, Ur, Xu, Uu, Uu, Uu, Xu, Xu, Xu, Uu^Vu, Ur, Uu, Xu, Xu, Xu, Xu, Xu, Uu, Uu, Uu, Uu, Xu, Xu, Uu, Ur, Uu, Ur, Xu, Xu, Uu^Edb, Uu, Uu^Edb, Uu, Ur, Uu, Uu, Ur, Ur, Uu, Xu, Uu, Uu, Xu, Uu, Xu, Xu, Xu, Xu, Xu, Xu, Xu, Uu, Ur, Ur, Uu, Uu, Uu, Uu, Uu, Xu, Xu, Xu, Xu
Xu, Xu, Xu, Xu, Xu, Xu, Xu, Xu, Uu, Uu, Uu, Uu, Uu, Xu, Ur, Uu, Xu, Xu, Xu, Xu, Xu, Uu, Uu, Uu, Uu, Ur, Uu, Uu, Xu, Xu, Xu, Xu, Xu, Xu, Xu, Xu, Xu, Uu, Uu, Ur, Ur, Uu, Uu, Uu, Uu, Xu, Xu, Xu, Xu, Ur, Uu, Xu, Uu, Uu, Uu, Uu, Xu, Xu, Xu, Xu, Uu, Ur, Ur, Ur, Xu, Xu, Uu, Uu, Uu^Vu, Uu^Edb, Uu, Uu, Ur, Uu, Uu, Uu, Ur, Ur, Ur, Xu, Xu, Uu, Uu, Xu, Xu, Xu, Xu, Xu, Xu, Xu, Xu, Uu, Uu, Ur, Ur, Ur, Ur, Uu, Xu, Xu, Xu, Xu
Xu, Xu, Xu, Xu, Xu, Xu, Xu, Uu, Ur, Ur, Ur, Ur, Ur, Ur, Ur, Ur, Ur, Uu, Ur, Xu, Ur, Xu, Uu, Uu, Uu, Ur, Uu, Uu, Uu, Xu, Xu, Xu, Xu, Xu, Xu, Xu, Xu, Xu, Xu, Uu, Xu, Ur, Xu, Uu, Xu, Xu, Xu, Xu, Xu, Ur, Uu, Uu, Xu, Xu, Xu, Xu, Xu, Xu, Xu, Xu, Ur, Ur, Xu, Xu, Xu, Uu, Uu, Uu, Uu, Uu, Xu, Uu, Ur, Uu, Uu, Xu, Xu, Ur, Ur, Ur, Ur, Xu, Xu, Uu, Xu, Xu, Xu, Xu, Xu, Xu, Xu, Xu, Xu, Uu, Xu, Ur, Ur, Xu, Xu, Xu, Xu, Xu
Xu, Xu, Xu, Xu, Xu, Xu, Xu, Uu, Ur, Ur, Uu, Uu, Uu, Uu, Uu, Ur, Uu, Ur, Uu, Ur, Uu, Ur, Ur, Ur, Ur, Ur, Uu, Uu, Uu, Xu, Xu, Xu, Xu, Xu, Xu, Xu, Xu, Xu, Xu, Xu, Xu, Xol, Xu, Xu, Xu, Xu, Xu, Xu, Xu, Ur, Ur, Xu, Xu, Xu, Uu, Uu, Uu, Uu, Uu, Uu, Ur, Uu, Uu, Uu, Uu, Xu, Uu, Xu, Uu, Uu, Uu, Uu, Ur, Uu, Uu, Uu, Uu, Uu, Xu, Ur, Ur, Uu, Uu, Uu, Xu, Xu, Xu, Xu, Xu, Xu, Xu, Xu, Xu, Xu, Xu, Xu, Xol, Xu, Xu, Xu, Xu, Xu
Xu, Xu, Xu, Xu, Xu, Xu, Xu, Xu, Xol, Xu, Xu, Xu, Xu, Uu, Xu, Uu, Xu, Uu, Xu, Uu, Uu, Uu, Uu, Uu, Uu, Ur, Ur, Ur, Ur, Xu, Ur, Xu, Ur, Xu, Xu, Xu, Xu, Xu, Ur, Xu, Ur, Ur, Ur, Xu, Ur, Xu, Ur, Xu, Ur, Xu, Ur, Xu, Ur, Uu, Ur, Ur, Ur, Uu, Ur, Xu, Ur, Xu, Ur, Xu, Uu, Uu, Uu, Uu, Xu, Uu, Uu, Xu, Ur, Xu, Uu, Uu, Uu, Uu, Uu, Xu, Ur, Ur, Xu, Xu, Uu, Xu, Xu, Xu, Uu, Xu, Xu, Xu, Xu, Xu, Xu, Xu, Ur, Xu, Xu, Xu, Xu, Xu
Xu, Xu, Xu, Xu, Xu, Xu, Xu, Xu, Ur, Xu, Xu, Xu, Xu, Xu, Xu, Xu, Xu, Xu, Xu, Xu, Xu, Xu, Xu, Uu, Uu, Uu, Ur, Ur, Uu, Ur, Xu, Ur, Uu, Ur, Ur, Ur, Ur, Ur, Uu, Ur, Xu, Uu, Xu, Ur, Xu, Ur, Xu, Ur, Xu, Ur, Ur, Ur, Uu, Ur, Uu, Ur, Uu, Ur, Uu, Ur, Uu, Ur, Ur, Ur, Ur, Ur, Ur, Ur, Ur, Ur, Ur, Ur, Ur, Uu, Uu, Uu, Ur, Ur, Ur, Ur, Ur, Ur, Ur, Uu, Ur, Uu, Ur, Uu, Ur, Uu, Ur, Uu, Uu, Uu, Ur, Ur, Ur, Uu, Xu, Xu, Xu, Xu
Xu, Xu, Xu, Xu, Uu, Uu, Uu^Edb, Uu, Ur, Uu, Xu, Xu, Xu, Xu, Xu, Xu, Xu, Xu, Xu, Xu, Uu, Xu, Xu, Xu, Xu, Uu, Uu, Ur, Uu, Uu, Xu, Xu, Xu, Xu, Xu, Xu, Xu, Xu, Xu, Xu, Xu, Xu, Xu, Xu, Xu, Xu, Xu, Xu, Xu, Xu, Ur, Uu, Uu, Xu, Xu, Xu, Xu, Xu, Xu, Xu, Xu, Uu, Xu, Uu, Xu, Uu, Xu, Uu, Xu, Uu, Xu, Ur, Xu, Uu, Xu, Ur, Xu, Uu, Xu, Uu, Xu, Ur, Xu, Ur, Ur, Ur, Xu, Ur, Xu, Ur, Xu, Ur, Ur, Ur, Xu, Ur, Xu, Xu, Xu, Xu, Xu, Xu
Xu, Xu, Xu, Xu, Uu, Uu^Edb, Uu^Edb, Uu, Ur, Uu, Uu, Uu, Uu, Xu, Xu, Xu, Uu, Uu, Uu, Uu, Uu, Uu, Uu, Xu, Xu, Uu, Uu, Ur, Uu, Uu, Xu, Xu, Wog, Xu, Wog, Xu, Xu, Xu, Xu, Xu, Wog, Xu, Wog, Xu, Wog, Xu, Wog, Xu, Xu, Xu, Ur, Uu, Xu, Xu, Xu, Xu, Xu, Xu, Xu, Xu, Xu, Xu, Xu, Xu, Xu, Xu, Xu, Xu, Xu, Xu, Xu, Xol, Xu, Xu, Xu, Xol, Xu, Xu, Xu, Xu, Xu, Xu, Xu, Xu, Xu, Xu, Xu, Xu, Xu, Xu, Xu, Xu, Xol, Xu, Xu, Xu, Xu, Xu, Xu, Xu, Xu, Xu
Xu, Xu, Xu, Xu, Uu, Uu^Edb, Uu^Edb, Uu, Ur, Uu, Ur, Uu, Uu, Xu, Xol, Xu, Uu, Uu, Uu, Uu, Uu^Vu, Uu, Uu, Xu, Xu, Xu, Uu, Ur, Uu^Edb, Xu, Xu, Wog, Wog, Wog, Wog, Wog, Wog, Xu, Xu, Wog, Wwg, Wog, Wwg, Wog, Wwg, Wog, Wwg, Wog, Xu, Xu, Ur, Ur, Ur, Xol, Ur, Uu, Uu, Xu, Uu, Xu, Uu, Xu, Uu, Xu, Xu, Xu, Xu, Xu, Xu, Xu, Uu, Ur, Uu, Xu, Xu, Ur, Ur, Xu, Xu, Xu, Xu, Xu, Xu, Xu, Xu, Xu, Xu, Xu, Xu, Xu, Xu, Xu, Uu, Xu, Uu, Xu, Xu, Xu, Xu, Xu, Xu, Xu
Xu, Xu, Xu, Xu, Xu, Uu^Edb, Uu, Uu, Ur, Ur, Uu, Ur, Ur, Ur, Xu, Ur, Ur, Uu, Uu, Uu, Uu, Uu, Uu, Xu, Xu, Xu, Uu, Ur, Ur, Xu, Xu, Wog, Wog, Wog, Wog, Wog, Wog, Xu, Wog, Wog, Wwg, Wwg, Wwg, Wwg, Wwg, Wwg, Uue^Edb, Xu, Xol, Ur, Ur, Ur, Xu, Xu, Xu, Ur, Uu, Uu, Uu, Uu, Uu, Uu, Uu, Uu, Uu, Xu, Xu, Xu, Xu, Xu, Uu, Ur, Uu, Xu, Xu, Uu, Ur, Xu, Uu, Uu, Uu, Xu, Uu, Uu, Uu, Uu, Uu, Uu, Wwg, Uu, Wwg, Uu, Uu, Uu, Uu, Uu, Uu, Xu, Xu, Xu, Xu, Xu
Xu, Xu, Xu, Xu, Xu, Xu, Xu, Uu, Ur, Uu, Uu, Uu, Xu, Xu, Xu, Xu, Xu, Ur, Ur, Uu, Uu, Uu, Uu, Xu, Xu, Xu, Uu, Ur, Uu, Xu, Xu, Wog, Wog, Wog, Wog, Wog, Wwg, Wog, Wwg, Wwg, Uue^Edb, Wwg, Wwg, Wwg, Wwg, Uue^Edb, Ur, Ur, Xu, Xu, Ur, Uu, Xu, Xu, Xu, Ur, Ur, Uu, Ur, Uu, Ur, Uu, Uu, Uu, Uu, Xu, Ur, Xu, Xol, Uu, Uu, Ur, Uu, Xu, Xu, Uu, Uu, Ur, Uu, Uu, Uu, Ur, Wwg, Wwg, Wwg, Wwg, Wwg, Wwg, Ur, Wwg, Ur, Wwg, Wwg, Wwg, Wwg, Uu, Uu, Uu, Xu, Xu, Xu, Xu
Xu, Xu, Xu, Xu, Xu, Xu, Xu, Uu, Ur, Ur, Xu, Xu, Xu, Xu, Xu, Xu, Xu, Xu, Xol, Xu, Xu, Xu, Xu, Xu, Xu, Xu, Uu, Ur, Uu, Xu, Xu, Wog, Wog, Wog, Wwg, Wwg, Wwg, Wwg, Uue^Edb, Uue^Edb, Ur^Edb, Uue^Edb, Uue^Edb, Uue^Edb, Uue^Edb, Uue^Edb, Ur, Xu, Xu, Xu, Ur, Uu, Xu, Xu, Xu, Xu, Ur, Ur, Uu, Ur, Uu, Ur, Ur, Ur, Ur, Ur, Uu, Ur, Xu, Xu, Uu, Ur, Uu, Xu, Xu, Xu, Uu, Ur, Ur, Uu, Uu, Uu, Wwg, Wwg, Uu, Ur, Wwg, Ur, Wwg, Ur, Wwg, Wwg, Wwg, Uu, Ur, Wwg, Wwg, Uu, Uu, Xu, Xu, Xu
Xu, Xu, Xu, Xu, Xu, Xu, Xu, Xu, Xol, Xu, Xu, Xu, Xu, Xu, Xu, Xu, Uu, Xu, Ur, Xu, Xu, Xu, Xu, Xu, Xu, Xu, Uu, Ur, Uu, Xu, Xu, Xu, Xu, Wog, Wwg, Wwg, Uue^Edb, Uue^Edb, Ur, Ur, Xu, Ur, Ur, Ur, Uu, Ur, Uu, Uu^Vu, Xu, Xu, Ur, Uu, Xu, Xu, Xu, Xu, Xos, Xu, Uu, Uu, Uu, Uu, Uu, Uu, Xu, Xu, Xu, Xu, Xu, Xu, Uu, Ur, Uu, Xu, Xu, Xu, Uu, Uu, Uh, Ur, Ur, Uu, Uu, Wwg, Wwg, Wwg, Wwg, Wwf, Uu, Uu, Wwg, Wog, Wog, Wwg, Wwg, Ur, Wwg, Wwg, Ur, Xu, Xu, Xu
Xu, Xu, Xu, Xu, Xu, Xu, Uu, Xu, Ur, Xu, Xu, Xu, Xu, Xu, Xu, Xu, Uu, Uu, Ur, Uu, Uu, Xu, Xu, Xu, Ur, Ur, Ur, Ur, Ur, Xu, Xu, Xu, Wog, Wog, Wwg, Uue^Edb, Ur, Ur, Xu, Xu, Xu, Xu, Xu, Uu^Vu, Xu, Uu, Xu, Xu, Xu, Xu, Ur, Ur, Xu, Xu, Xu, Xu, Ur, Xu, Xu, Xu, Xu, Xu, Xu, Xu, Xu, Xu, Xu, Xu, Xu, Xu, Uu, Ur, Uu, Xu, Xu, Xu, Uu, Uu, Uh, Uu, Ur, Uu, Uu, Wwg, Wwg, Wwg, Wwg, Wwf, Uu, Wwg, Uu, Wwg, Wwg, Wog, Wog, Wwg, Wwg, Wwg, Wwg, Ur, Xu, Xu
Xu, Xu, Xu, Xu, Uu, Uu, Uu, Uu, Ur, Uu, Uu, Xu, Xu, Xu, Xu, Xu, Uu, Uu, Ur, Uu, Uu, Uu, Xu, Xu, Uu^Vu, Uu, Uu, Ur, Uu, Xu, Xu, Wog, Wog, Wog, Wwg, Uue^Edb, Ur, Xu, Xu, Xu, Xu, Xu, Xu, Xu, Xu, Xu, Xu, Xu, Xu, Xu, Ur, Xu, Xu, Ur, Ur, Xu, Ur, Xu, Xu, Xu, Xu, Xu, Xu, Xu, Uu, Xu, Xu, Xu, Xu, Xu, Uu, Ur, Uu, Xu, Xu, Xu, Xu, Uu, Uu, Uh, Uu, Ur, Ur, Uu, Wwg, Wwg, Uu^Vu, Uu, Uu, Uu, Wwf, Uu, Uu^Vu, Wwg, Wog, Wog, Wwg, Uu, Wwg, Uu, Xu, Xu
Xu, Xu, Xu, Xu, Xu, Uu, Uu, Uu, Ur, Uu, Uu, Uu, Xu, Xu, Xu, Xu, Uu^Vu, Uu, Ur, Ur, Uu, Uu, Uu, Xu, Xu, Uu, Uu, Ur, Uu, Xu, Xu, Wog, Wwg, Wwg, Wwg, Uue^Edb, Ur, Xu, Uu, Uu, Ur, Ur, Ur, Xu, Xu, Xu, Xu, Xu, Xu, Xu, Xos, Xu, Xu, Xu, Uu, Ur, Ur, Xu, Xu, Xu, Uu, Uu, Uu, Uu, Uu, Uu, Uu, Xu, Xu, Xu, Uu, Ur, Uu, Xu, Xu, Xu, Xu, Uu, Uu, Uh, Uh, Uu, Uu, Wwf, Wwf, Wwf, Wwg, Wog, Wog, Wwf, Uu, Uu, Wwg, Wwg, Wog, Wog, Wwg, Uu, Wwg, Wwg, Xu, Xu
Xu, Xu, Xu, Xu, Xu, Uu, Uu, Uu, Ur, Uu, Uu^Vu, Uu, Uu, Xu, Xu, Xu, Ur, Uu, Ur, Ur, Uu, Uu, Uu, Xu, Xu, Uu, Uu, Ur, Uu, Xu, Xu, Wog, Wwg, Wwg, Wwg, Uue^Edb, Ur, Xu, Xos, Uu, Ur, Ur, Ur, Ur, Ur, Xu, Xu, Xu, Uu, Rr, Ur, Rr, Uu, Xu, Xu, Uu, Ur, Ur, Ur, Uu, Ur, Uu, Uu, Uu, Uu, Uu, Uu, Xu, Xu, Xu, Uu, Ur, Uu, Xu, Xu, Xu, Xu, Xu, Uu, Uu, Uu, Uh, Uu, Uu, Wwg, Wwg, Wwg, Wwg, Wwg, Wwf, Wwg, Wwg, Wwg, Wwg, Wwg, Wwg, Uu, Uu, Wwg, Uu, Xu, Xu
Xu, Xu, Xu, Xu, Xu, Xu, Uu, Uu, Ur, Uu, Uu, Uu, Uu, Xu, Xu, Xu, Uu, Ur, Uu, Ur, Uu, Uu, Uu, Xu, Xu, Xu, Uu, Ur, Uu, Xu, Xu, Wog, Wwg, Wwg, Uue^Edb, Uue, Ur, Xu, Ur, Xu, Ur, Ur, Ur, Ur, Ur, Xu, Xu, Xu, Uu, Rr, Ur, Rr, Uu, Xu, Xu, Uu, Uu, Ur, Ur, Ur, Uu, Ur, Ur, Uu, Uu, Uu, Uu, Uu, Xu, Xu, Xu, Ur, Ur, Uu, Ur, Xu, Xu, Xu, Xu, Uu, Uu, Uh, Uh, Uu, Uu, Wwg, Wwg, Wwg, Wwg, Wwf, Wwg, Wwg, Uu, Wwg, Uu, Wwg, Wwg, Wwg, Uu, Xu, Xu, Xu
Xu, Xu, Xu, Xu, Xu, Xu, Xu, Uu, Ur, Uu, Uu, Uu, Uu, Xu, Xu, Xu, Uu, Uu, Ur, Ur, Uu, Uu, Uu, Xu, Xu, Xu, Xu, Ur, Uu, Xu, Xu, Wwg, Uue^Edb, Uue^Edb, Ur, Ur^Edb, Ur, Ur, Xu, Xu, Ur, Ur, Ur, Ur, Ur, Ur, Xu, Xu, Uu, Rr, Ur, Rr, Uu, Xu, Xu, Xu, Uu, Uu, Uu, Ur, Ur, Uu, Uu, Ur, Ur, Uu, Uu, Uu, Xu, Xu, Xu, Uu, Ur, Ur, Ur, Ur, Xu, Xu, Xu, Xu, Xu, Uu, Uh, Uu, Uu, Uu, Uu, Uu, Uu, Uu, Uu, Uu, Uu, Uu, Xu, Uu, Xu, Uu, Xu, Xu, Xu, Xu
Xu, Xu, Xu, Xu, Xu, Xu, Xu, Xu, Xol, Xu, Xu, Xu, Xu, Xu, Xu, Xu, Xu, Uu, Xu, Ur, Xu, Uu, Xu, Xu, Xu, Xu, Xu, Ur, Uu, Xu, Xu, Wwg, Uue^Edb, Ur^Edb, Ur, Ur^Edb, Xu, Xu, Xu, Ur, Ur, Ur, Ur, Ur, Ur, Ur, Xu, Xu, Uu, Rr, Ur, Rr, Uu, Xu, Xu, Xu, Xu, Uu, Uu, Ur, Ur, Ur, Ur, Uu, Uu, Ur, Uu, Uu, Xu, Xu, Xu, Ur, Uu, Xu, Xu, Ur, Ur, Xu, Xu, Xu, Xu, Uu, Uu, Uu, Uu, Uu, Xu, Uu, Xu, Uu, Xu, Uu, Xu, Xu, Xu, Xu, Xu, Xu, Xu, Xu, Xu, Xu
Xu, Xu, Xu, Xu, Xu, Xu, Uu, Xu, Ur, Xu, Xu, Xu, Xu, Xu, Xu, Xu, Xu, Xu, Xu, Xol, Xu, Xu, Xu, Xu, Xu, Xu, Xu, Ur, Uu, Xu, Xu, Xu, Xu, Ur, Xu, Xu, Xu, Xu, Xu, Ur, Ur, Ur, Ur, Ur, Ur, Ur, Xu, Xu, Uu, Rr, Ur, Rr, Uu, Xu, Xu, Xu, Uu, Uu, Uu, Uu, Ur, Ur, Ur, Ur, Ur, Ur, Uu, Uu, Xu, Xu, Xu, Ur, Uu, Xu, Xu, Xu, Xu, Ur, Uu, Xu, Xu, Uu, Xu, Uu, Xu, Uu, Uu, Xu, Xu, Xu, Xu, Xu, Uu, Uu, Ur, Ur, Ur, Ur, Ur, Xu, Uu, Xu
Xu, Xu, Xu, Xu, Uu, Uu^Vu, Ur, Ur, Uu, Uu, Uu, Xu, Xu, Xu, Xu, Xu, Uu, Xu, Uu, Ur, Ur, Xu, Xu, Xu, Uu, Uu, Uu, Ur, Uu, Xu, Xu, Xu, Xu, Xol, Xu, Xu, Xu, Xu, Xu, Ur, Ur, Ur, Ur, Ur, Ur, Ur, Xu, Xu, Uu, Rr, Ur, Rr, Uu, Xu, Xu, Xu, Uu, Uu, Uu, Uu, Ur, Uu, Uu, Ur, Uu, Uu, Uu, Uu, Xu, Xu, Xu, Ur, Uu, Xu, Xu, Xu, Xu, Ur, Ur, Xu, Uu, Xu, Xu, Xol, Xu, Xu, Xu, Xu, Uu, Uu, Ur, Ur, Ur, Ur, Xu, Xu, Xu, Xu, Xu, Ur, Ur, Xu
Xu, Xu, Xu, Xu, Uu, Ur, Uu, Uu, Uu, Uu^Vu, Uu, Xu, Xu, Xu, Xu, Xu, Uu, Uu, Uu^Vu, Ur, Ur, Uu, Xu, Xu, Uu, Uu^Vu, Uu, Ur, Ur, Xu, Xu, Xu, Ur, Ur, Uu, Xu, Xu, Xu, Xu, Ur, Ur, Ur, Ur, Ur, Ur, Ur, Xu, Xu, Xu, Rr, Ur, Rr, Xu, Xu, Xu, Xu, Uu, Uu, Ur, Ur, Uu, Uu, Uu, Uu, Uu, Uu, Uu, Uu, Xu, Xu, Xu, Ur, Uu, Xu, Xu, Xu, Xu, Xu, Xu, Ur, Ur, Uu, Uu, Uu, Ur, Ur, Ur, Ur, Ur, Ur, Xu, Ur, Xu, Xu, Xu, Xu, Xu, Xu, Xu, Xu, Ur, Xu
Xu, Xu, Xu, Xu, Xu, Uu, Xu, Uu, Xu, Uu, Xu, Xu, Xu, Xu, Xu, Xu, Xu, Uu, Uu, Uu, Uu, Uu, Xu, Xu, Uu, Uu, Uu, Ur, Uu, Xu, Xu, Xu, Ur, Ur, Xu, Xu, Xu, Xu, Xu, Xu, Xu, Ur, Ur, Ur, Ur, Ur, Ur, Xu, Xu, Xu, Xu, Xu, Xu, Xu, Xu, Uu, Ur, Ur, Uu, Xu, Uu, Uu, Uu, Uu, Uu, Uu, Uu, Uu, Uu, Xu, Xu, Ur, Ur, Ur, Ur, Ur, Ur, Ur, Ur, Ur, Ur, Ur, Xu, Ur, Ur, Xu, Xu, Xu, Xu, Xu, Xu, Xu, Xu, Xu, Ur, Xu, Ur, Xu, Ur, Ur, Ur, Xu
Xu, Xu, Xu, Xu, Xu, Xu, Xu, Xu, Xu, Xu, Xu, Xu, Xu, Xu, Xu, Xu, Xu, Xu, Xu, Xu, Xu, Xu, Xu, Xu, Uu, Uu, Uu, Ur, Ur, Ur, Ur, Ur, Xu, Xu, Xu, Xu, Xu, Xu, Uu, Xu, Xu, Xu, Xu, Ur, Ur, Ur, Xu, Xu, Xu, Xu, Xu, Xu, Xu, Xu, Xu, Ur, Uu, Uu, Xu, Uu, Xu, Uu, Xu, Uu, Uu, Uu, Uu, Uu, Uu, Xu, Xu, Uu, Ur, Ur, Xu, Uu, Xu, Uu, Xu, Uu, Xu, Ur, Uu, Ur, Ur, Uu, Ur, Uu, Ur, Uu, Ur, Ur, Ur, Ur, Xu, Ur, Ur, Ur, Ur, Ur, Xu, Xu
Xu, Xu, Xu, Xu, Xu, Xu, Xu, Xu, Xu, Xu, Xu, Xu, Xu, Xu, Xu, Xu, Xu, Xu, Xu, Xu, Xu, Xu, Xu, Xu, Uu, Uu, Uu, Ur, Ur, Ur, Xu, Xu, Xu, Xu, Xu, Xu, Uu, Uu, Uu, Uu, Uu, Xu, Xu, Xu, Xu, Xu, Xu, Xu, Uh, Uh, Uh, Uu^Vu, Uh, Xu, Xu, Xu, Xu, Xu, Xu, Xu, Xu, Xu, Xu, Xu, Xu, Uu, Uu, Uu, Uu, Xu, Xu, Xu, Ur, Uu, Xu, Xu, Xu, Xu, Xu, Xu, Xu, Xu, Xu, Xu, Ur, Ur, Uu, Ur, Xu, Ur, Xu, Uu, Xu, Uu, Uu, Uu, Xu, Ur, Ur, Xu, Xu, Xu
Xu, Xu, Xu, Xu, Xu, Xu, Xu, Xu, Uu, Xu, Uu, Xu, Xu, Xu, Xu, Xu, Xu, Xu, Xu, Xu, Xu, Xu, Xu, Xu, Xu, Uu, Uu, Ur, Uu, Xu, Xu, Xu, Xu, Xu, Uu, Uu, Rr, Rr, Ur, Rr, Rr, Rr, Rr, Xu, Xu, Xu, Xu, Uh, Uh, Uh, Uh, Uh, Uh, Uh, Xu, Xu, Xu, Xu, Xu, Xu, Uu, Xu, Uu, Xu, Xu, Xu, Xu, Xu, Xu, Xu, Xu, Uu, Ur, Uu, Uu, Uu, Uu, Xu, Uu, Xu, Uu, Xu, Uu, Xu, Ur, Uu, Xu, Xu, Xu, Xu, Xu, Xu, Xu, Xu, Xu, Xu, Xu, Ur, Ur, Xu, Xu, Xu
Xu, Xu, Xu, Xu, Uu, Xu, Uu, Uu, Uu, Uu, Uu, Uu, Uu, Uu, Uu, Uu, Uu, Xu, Uu, Xu, Uu, Xu, Uu, Xu, Uu, Xu, Uu, Ur, Uu, Xu, Xu, Xu, Xu, Uu, Uu, Uu, Rr, Rr, Ur, Ur, Ur, Ur, Ur, Xu, Xu, Xu, Uh, Uh, Uh, Uh, Uh, Uh, Uh, Uh, Uh, Xu, Xu, Xu, Xu, Uu, Rr, Uu, Uu, Uu, Uu, Xu, Xu, Xu, Xu, Xu, Xu, Uu, Ur, Ur, Ur, Ur, Ur, Ur, Ur, Uu, Ur, Uu, Ur, Ur, Ur, Uu, Ur, Ur, Ur, Uu, Ur, Xu, Ur, Xu, Ur, Xu, Ur, Xu, Ur, Xu, Xu, Xu
Xu, Xu, Xu, Xu, Uu, Uu, Ur, Ur, Ur, Ur, Ur, Ur, Ur, Ur, Ur, Ur, Ur, Ur, Ur, Uu, Ur, Uu, Ur, Uu, Ur, Ur, Ur, Ur, Uu, Xu, Xu, Xu, Xu, Xu, Xu, Uu, Uu, Rr, Ur, Rr, Uu, Rr, Xu, Xu, Xu, Uh, Uh, Uh, Uh, Uh, 2 Uh, Uh, Uh, Uh, Uh, Uh, Xu, Xu, Ur, Rr, Ur, Rr, Ur, Uu, Uu, Uu, Xu, Xu, Xu, Xu, Xu, Uu, Ur, Uu, Xu, Uu, Xu, Uu, Xu, Ur, Uu, Ur, Xu, Ur, Xu, Ur, Xu, Ur, Xu, Ur, Xu, Ur, Uu, Ur, Uu, Ur, Ur, Ur, Xu, Xu, Xu, Xu
Xu, Xu, Xu, Uu, Uu, Uu, Ur, Uu, Xu, Uu, Xu, Uu, Uu^Em, Uu, Uu, Uu^Vu, Uu, Uu, Uu, Ur, Uu, Ur, Uu, Ur, Uu, Ur^Es, Uu, Ur, Ur, Uu, Uu, Xu, Xu, Xu, Xu, Xu, Xu, Uu, Ur, Uu, Xu, Xu, Xu, Xu, Xu, Xu, Uh, Uh, Uh, Uh, Uh, Uh, Uh, Uh, Uh, Uh, Xu, Xu, Uu, Ur, Rr, Ur, Ur, Rr, Uu, Uu, Xu, Xu, Xu, Xu, Xu, Uu, Ur, Xu, Xu, Xu, Xu, Xu, Xu, Xu, Xu, Xu, Xu, Xu, Xu, Xu, Xu, Xu, Uu, Xu, Uu, Xu, Xu, Xu, Xu, Xu, Xol, Xu, Xu, Xu, Xu, Xu
Xu, Xu, Xu, Uu, Ur, Ur, Uu, Uu, Xu, Xu, Xu, Xu, Xu, Xu, Xu, Uu, Xu, Uu, Uu, Uu, Xu, Uu, Xu, Uu, Uu, Uu, Xu, Uu, Uu^Es, Ur, Ur, Uu, Uu, Xu, Xu, Xu, Xu, Xu, Xos, Xu, Xu, Xu, Uu, Xu, Xu, Xu, Xu, Uh, Uh, Uh, Uh, Uh, Uh, Uh, Uh, Xu, Xu, Xu, Xu, Uu, Uu, Rr, Uu, Ur, Uu, Uu, Xu, Xu, Xu, Xu, Xu, Uu, Ur, Xu, Xu, Xu, Uu, Uu, Uu, Xu, Uu, Uu, Uu, Uu, Uu, Xu, Xu, Xu, Uu, Uu^Vu, Ur, Uu, Ur, Uu, Uu, Xu, Ur, Xu, Uu, Xu, Xu, Xu
Xu, Xu, Xu, Xu, Ur, Ur, Uu, Uu, Xu, Xu, Xu, Xu, Uue, Xu, Uue, Xu, Xu, Xu, Xu, Xu, Xu, Xu, Xu, Xu, Xu, Xu, Xu, Xu, Xu, Uu^Es, Uu^Es, Ur, Ur, Uu, Uu, Xu, Xu, Xu, Ur, Xu, Xu, Uu, Uu, Xu, Xu, Xu, Xu, Uh, Uh, Uh, Uh, Uh, Uh, Uh, Xu, Xu, Xu, Xu, Xu, Xu, Xu, Uu, Xu, Ur, Xu, Uu, Xu, Xu, Xu, Xu, Xu, Ur, Uu, Xu, Xu, Xu, Uu, Uh, Uh, Uu, Uh, Uu^Vu, Uu, Xu, Xu, Uu, Xu, Xu, Ur, Ur, Uu, Ur, Uu, Ur, Ur, Ur, Ur, Uu, Uu, Xu, Xu, Xu
Xu, Xu, Xu, Xu, Xol, Xu, Uu, Uu, Xu, Xu, Xu, Xu, Xu, Uue, Uh, Uue, Uue, Uue, Uue, Xu, Ur, Xu, Ur, Xu, Xu, Xu, Xu, Xu, Xu, Xu, Xu, Uu^Es, Uu, Ur, Ur, Uu, Ur, Xu, Ur, Xu, Xu, Uu, Uu, Ur, Uu, Xu, Xu, Xu, Xu, Uh, Xu, Uh, Xu, Xu, Xu, Xu, Uu, Uu, Uu, Xu, Xu, Xu, Xu, Xos, Xu, Xu, Xu, Xu, Xu, Xu, Xu, Ur, Uu, Xu, Xu, Xu, Uu, Uh, Uh, Uh, Uu, Uu, Xu, Xu, Xu, Xu, Xu, Xu, Xol, Xu, Xu, Uu, Xu, Uu, Xu, Ur, Xu, Uu, Xu, Xu, Xu, Xu
Xu, Xu, Uu, Xu, Ur, Xu, Xu, Uu, Xu, Xu, Xu, Xu, Uue, Uue, Uh, Uu^Vu, Ur, Ur, Ur, Ur, Wwg, Ur, Uue, Ur, Ur, Xu, Xu, Xu, Xu, Xu, Xu, Xu, Xu, Uu, Uu, Ur, Ur, Ur, Uu, Xu, Xu, Uu, Uu, Ur, Uu, Xu, Xu, Xu, Xu, Xu, Xu, Xu, Xu, Xu, Xu, Ur, Ur, Uu, Uu, Uu, Xu, Xu, Xu, Ur, Xu, Xu, Xu, Xu, Xu, Xu, Ur, Ur, Uu, Xu, Xu, Xu, Uu, Uh, Uh, Uh, Uu, Uu, Uu, Xu, Xu, Xu, Xu, Xu, Ur, Xu, Xu, Xu, Xu, Xu, Xu, Xol, Xu, Xu, Xu, Xu, Xu, Xu
Xu, Xu, Uu, Uu, Ur, Uu, Uu, Xu, Xu, Xu, Xu, Xu, Uue, Uh, Uu^Vu, Uh, Ur, Ur, Wwg, Wwg, Wwg, Wwg, Wwg, Uue, Uh, Ur, Ur, Xu, Xu, Xu, Uh, Xu, Xu, Xu, Xu, Xu, Xol, Xu, Xu, Xu, Xu, Uu, Ur, Ur, Uu, Uu, Xu, Xu, Xu, Xu, Ur, Xu, Xu, Xu, Xu, Uu, Ur, Uh, Uh, Uu, Xu, Xu, Xu, Ur, Xu, Xu, Xu, Xu, Xu, Xu, Ur, Ur, Uu, Xu, Xu, Xu, Uu, Uu, Uu, Uh, Uu, Uu, Xu, Xu, Xu, Xu, Uu, Uu, Ur, Xu, Xu, Xu, Xu, Xu, Wwg, Ur, Xu, Xu, Xu, Xu, Xu, Xu
Xu, Xu, Uu, Ur, Ur, Uu, Uu, Xu, Xu, Xu, Uue, Uue, Uue, Uh, Uue, Ur, Wwg, Wwg, Wog, Wog, Wog, Wog, Wog, Wwg, Wwg, Uh, Ur, Uh, Uu^Vu, Uh, Uue, Uue, Uue, Xu, Uue, Xu, Ur, Xu, Xu, Xu, Xu, Uu, Ur, Ur, Uu, Uu, Xu, Xu, Uu, Rr, Ur, Rr, Uu, Xu, Xu, Uu, Uu, Ur, Uu, Uh, Xu, Xu, Xu, Ur, Ur, Uu, Uu, Uu, Ur, Ur, Uu, Uu, Xu, Xu, Xu, Xu, Uu, Uu, Uu, Uu, Ur, Ur, Ur, Ur, Ur, Ur, Ur, Ur, Xu, Xu, Xu, Xu, Uue, Uue, Wwg, Ur, Wwg, Wog, Wog, Xu, Xu, Xu
Xu, Xu, Uu, Ur, Uu, Uu, Uu, Xu, Xu, Xu, Uue, Uue, Uue, Uue, Uue, Ur, Wwg, Wog, Wwg, Wog, Wwg, Wog, Wog, Wog, Wog, Wwg, Wwg, Ur, Ur, Uh, Ur, Ur, Ur, Ur, Ur, Ur, Uue, Uue, Uue, Xu, Xu, Uu, Ur, Ur, Uu, Uu, Xu, Xu, Uu, Rr, Ur, Rr, Uu, Xu, Xu, Uu, Uu, Ur, Ur, Uu, Uu, Xu, Xu, Ur, Ur, Ur, Ur, Ur, Uu, Uu, Xu, Xu, Xu, Xu, Uu, Uu, Uu, Uu, Ur, Ur, Xu, Xu, Xu, Xu, Xu, Xu, Xu, Xu, Xu, Xu, Uue, Uue, Wwg, Wwg, Uh, Ur, Wwg, Wog, Wog, Wog, Xu, Xu
Xu, Xu, Uu, Ur, Uu, Uu, Uu, Xu, Xu, Xu, Xu, Uue, Uue, Uue, Ur, Ur, Wwg, Wwg, Xu, Wwg, Wwg, Wog, Wog, Wog, Wog, Wog, Wog, Wwg, Wwg, Ur, Ur, Uue, Uue, Ur, Uue, Uue, Uue, Uue, Xu, Xu, Xu, Uu, Uu, Ur, Uu, Xu, Xu, Xu, Uu, Rr, Ur, Rr, Uu, Xu, Xu, Uu, Uu, Uu, Ur, Uu, Uu, Xu, Xu, Xu, Xu, Uu, Uu, Uu, Xu, Xu, Xu, Xu, Ur, Uu, Ur, Uu, Ur, Ur, Uu, Uu, Xu, Xu, Xu, Xu, Xu, Xu, Uue, Xu, Uue, Uue, Xu, Wwg, Wog, Uu^Vu, Ur, Ur, Wwg, Wog, Wog, Xu, Xu, Xu
Xu, Xu, Uu, Ur, Uu, Uu, Uu, Xu, Xu, Xu, Uue, Uue, Uue, Uue, Ur, Wwg, Xu, Xu, Xu, Xu, Xu, Wwg, Wwg, Wog, Wog, Wog, Wwg, Wwg, Ur, Uue, Ur, Uue, Uue, Ur, Uue, Uue, Uue, Uue, Uue, Xu, Xu, Uu, Uu, Ur, Xu, Xu, Xu, Xu, Uu, Uu, Ur, Uu, Uu, Xu, Xu, Xu, Uu, Uu, Ur, Uu, Xu, Xu, Xu, Xu, Xu, Xu, Xu, Xu, Xu, Xu, Xu, Uu, Ur, Ur, Xu, Ur, Ur, Uu, Uu, Xu, Xu, Xu, Xu, Uu^Vu, Uu, Uue, Uue, Uue, Wog, Xu, Wog, Wog, Wwg, Ur, Wwg, Wwg, Wog, Wog, Wog, Xu, Xu, Xu
Xu, Xu, Xu, Ur, Xu, Uu, Xu, Xu, Xu, Xu, Xu, Xu, Xu, Xu, Xol, Xu, Xu, Xu, Xu, Xu, Xu, Wwg, Uh, Wwg, Wwg, Wwg, Ur, Ur, Uue, Ur, Uue, Uue, Uue, Ur, Uue, Uue, Uue, Uue, Xu, Xu, Xu, Xu, Uu, Ur, Uu, Xu, Xu, Xu, Uu, Uu, Ur, Ur, Uu, Xu, Xu, Xu, Xu, Xuc, Xos, Xu, Xu, Xu, Xu, Xu, Xu, Xu, Xu, Xu, Xu, Xu, Xu, Xu, Xol, Xu, Xu, Xu, Xu, Ur, Xu, Xu, Xu, Xu, Uue, Uu, Uue, Uue, Wog, Wog, Wog, Wog, Wwg, Wwg, Ur, Ur, Wwg, Wog, Wog, Wog, Wog, Xu, Xu, Xu
Xu, Xu, Xu, Xol, Xu, Uu, Xu, Xu, Xu, Xu, Xu, Xu, Uu, Xu, Ur, Xu, Xu, Xu, Xu, Xu, Xu, Xu, Uh, Uu^Vu, Uh, Ur, Uue, Uue, Uue, Uue, Uue, Uue, Uue, Ur, Uue, Uue, Uue, Xu, Xu, Xu, Xu, Uu, Ur, Ur, Uu, Uu, Xu, Xu, Xu, Uu, Xos, Uu, Xu, Xu, Xu, Xu, Xu, Xu, Ur, Xu, Uu, Xu, Uu, Xu, Xu, Xu, Xu, Xu, Xu, Xu, Xu, Xu, Ur, Xu, Xu, Xu, Xu, Xol, Xu, Xu, Xu, Xu, Uue, Uue, Uue, Wwg, Wwg, Wog, Wwg, Wwg, Ur, Ur, Wwg, Ur, Wwg, Wog, Wog, Wog, Wog, Xu, Xu, Xu
Xu, Xu, Uu, Ur, Uu, Xu, Xu, Xu, Xu, Xu, Xu, Xu, Uu, Uu, Ur, Uu, Uu, Uu, Uu, Uu, Xu, Xu, Xu, Uh, Uue, Ur, Uue, Uue, Xu, Xu, Xu, Xu, Xu, Ur, Xu, Uue, Xu, Xu, Xu, Xu, Uu, Uu, Ur, Uu, Uu, Uu, Xu, Xu, Xu, Xu, Ur, Xu, Xu, Xu, Xu, Xu, Xu, Xu, Ur, Uu, Xu, Uu, Ur, Ur, Ur, Ur, Ur, Ur, Ur, Xu, Ur, Ur, Xu, Xu, Xu, Uu, Uu, Uu, Uu, Uu, Xu, Xu, Xu, Uue, Wwg, Wwg, Ur, Ur, Ur, Ur, Wwg, Wwg, Wwg, Ur, Wwg, Wog, Wog, Wog, Xu, Xu, Xu, Xu
Xu, Xu, Uu, Ur, Uu, Uu, Xu, Xu, Xu, Xu, Xu, Uu, Uu, Uu, Ur, Uu, Uu, Uu, Uu, Uu, Xu, Xu, Xu, Xu, Xu, Ur, Xu, Xu, Xu, Xu, Xu, Xu, Xu, Xol, Xu, Xu, Xu, Xu, Xu, Xu, Uu, Ur, Uu, Uu, Uu, Uu, Uu, Xu, Xu, Xu, Ur, Xu, Xu, Xu, Xu, Xu, Xu, Xu, Ur, Ur, Ur, Ur, Xu, Uu, Uu, Uu, Uu, Uu, Uu, Ur, Ur, Xu, Xu, Xu, Xu, Uu, Uu, Uu^Vu, Uu, Uu, Xu, Xu, Xu, Xu, Xu, Wwg, Ur, Ur, Wwg, Wog, Wwg, Wog, Wog, Ur, Wwg, Wog, Uue, Xu, Xu, Xu, Xu, Xu
Xu, Xu, Uu, Ur, Uu, Uu, Xu, Xu, Xu, Xu, Xu, Uu, Uu, Uu, Uu, Ur, Uu, Uu, Uu, Uu, Xu, Xu, Xu, Xu, Xu, Xol, Xu, Xu, Xu, Xu, Uu, Uu^Vu, Ur, Ur, Uu, Xu, Xu, Xu, Xu, Xu, Uu, Ur, Uu, Uu, Uu, Uu, Xu, Xu, Xu, Xu, Ur, Xu, Uu, Xu, Xu, Xu, Xu, Xu, Ur, Ur, Uu, Uu, Uu, Xu, Xu, Xu, Xu, Xu, Uu, Uu, Xu, Ur, Xu, Xu, Xu, Xu, Xu, Uu, Uu, Uu, Xu, Xu, Xu, Xu, Xu, Xu, Ur, Uue, Uue, Wwg, Wwg, Wwg, Ur, Ur, Uue, Uue, Uh, Xu, Xu, Xu, Xu, Xu
Xu, Xu, Uu, Ur, Uu, Uu, Xu, Xu, Xu, Xu, Xu, Uu, Uu, Uu, Uu, Ur, Uu, Uu, Uu, Uu, Xu, Xu, Xu, Xu, Uu^Vu, Ur, Uu, Xu, Xu, Xu, Uu, Uu, Ur, Uu, Uu, Uu, Uu, Xu, Xu, Xu, Xu, Ur, Xu, Uu, Xu, Xu, Xu, Xu, Uu, Xu, Ur, Uu, Uu, Uu, Xu, Xu, Xu, Xu, Xol, Xu, Xu, Xu, Xu, Xu, Uu, Uu, Uu, Uu, Xu, Xu, Xu, Ur, Xu, Xu, Xu, Xu, Xu, Xu, Xu, Uu, Xu, Xu, Xu, Xu, Xu, Xu, Ur, Xu, Xu, Uue, Uue, Uue, Ur, Ur, Uue, Uu, Xu, Xu, Xu, Xu, Xu, Xu
Xu, Xu, Uu, Ur, Uu, Uu, Xu, Xu, Xu, Xu, Xu, Uu, Uu, Uu, Uu, Ur, Uu, Uu, Xu, Xu, Xu, Xu, Xu, Uu, Ur, Ur, Uu, Uu, Uu, Xu, Uu, Uu^Es, Ur, Ur, Uu, Uu^Es, Uu, Xu, Xu, Xu, Xu, Xos, Xu, Xu, Xu, Xu, Xu, Uu, Uu, Uu, Ur, Ur, Uu, Uu, Xu, Xu, Xu, Xu, Ur, Xu, Xu, Xu, Xu, Uu, Uu^Vu, Uu, Xu, Xu, Xu, Xu, Xu, Ur, Xu, Xu, Xu, Xu, Xu, Xu, Xu, Uu, Xu, Xu, Xu, Xu, Xu, Xu, Ur, Xu, Xu, Xu, Xu, Uue, Ur, Uue, Uu, Uu^Vu, Xu, Xu, Xu, Xu, Xu, Xu
Xu, Xu, Xu, Ur, Uu, Uu, Xu, Xu, Xu, Xu, Xu, Xu, Xu, Uu, Uu, Ur, Uu, Uu, Xu, Xu, Xu, Xu, Ur, Ur, Uu, Uu, Uu, Uu, Uu, Xu, Uu, Uu^Es, Uu, Ur, Uu, Uu^Es, Uu, Xu, Xu, Xu, Uu, Ur, Uu, Xu, Uu, Xu, Uu, Uu, Uu, Uu, Ur, Ur, Uu, Uu, Xu, Xu, Uu^Vu, Uu, Ur, Uu, Uu, Xu, Xu, Xu, Xu, Xu, Xu, Xu, Xu, Xu, Xu, Xol, Xu, Xu, Xu, Xu, Xu, Xu, Xu, Uu, Xu, Xu, Xu, Xu, Xu, Xu, Ur, Xu, Xu, Xu, Xu, Xu, Xol, Xu, Xu, Xu, Xu, Xu, Xu, Xu, Xu, Xu
Xu, Xu, Xu, Ur, Xu, Xu, Xu, Xu, Xu, Xu, Xu, Xu, Xu, Xu, Xu, Ur, Xu, Xu, Xu, Xu, Uu, Uu, Ur, Ur, Ur, Uu, Ur, Uu, Ur, Uu, Ur, Uu^Es, Ur, Ur, Ur, Uu^Es, Uu, Uu, Uu, Uu, Ur, Ur, Ur, Uu, Ur, Uu, Ur, Ur, Ur, Ur, Uu, Xu, Xu, Xu, Uu, Uu, Uu, Uu, Ur, Uu, Uu, Uu, Uu, Xu, Xu, Xu, Uu, Uu, Uu, Uu, Uu, Ur, Ur, Uu, Uu, Uu, Uu, Xu, Xu, Xol, Xu, Xu, Xu, Xu, Xu, Xu, Xol, Xu, Xu, Xu, Uu, Xu, Ur, Xu, Xu, Xu, Xu, Xu, Xu, Xu, Xu, Xu
Xu, Xu, Xu, Xu, Xu, Xu, Xu, Xu, Xu, Xu, Uu, Xu, Xu, Xu, Xu, Xol, Xu, Xu, Xu, Xu, Ur, Ur, Uu, Uu, Uu, Ur, Uu, Ur, Uu, Ur, Uu, Ur, Uu, Ur, Ur, Ur, Ur, Ur, Ur, Ur, Ur, Ur, Uu, Ur, Uu, Ur, Uu, Uu, Ur, Uu, Uu, Xu, Xu, Xu, Uu, Uu, Ur, Ur, Uu, Ur, Ur, Ur, Ur, Ur, Ur, Uu, Ur, Uu, Ur, Ur, Ur, Ur, Uu, Ur, Ur, Ur, Ur, Ur, Ur, Ur, Ur, Ur, Ur, Uu, Ur, Xu, Ur, Xu, Ur, Ur, Ur, Ur, Uu, Uu, Uu, Xu, Xu, Xu, Xu, Xu, Xu, Xu
Xu, Xu, Xu, Xu, Xu, Xu, Xu, Xu, Xu, Xu, Uu, Uu, Ur, Ur, Ur, Uu, Ur, Xu, Ur, Ur, Uu, Uu, Xu, Uu, Xu, Uu, Xu, Uu, Xu, Uu, Xu, Uu, Uu, Uu, Uu, Uu, Uu, Uu, Uu, Uu, Uu, Uu, Uu, Uu, Uu, Uu, Uu, Uu, Ur, Ur, Ur, Uu, Ur, Ur, Ur, Ur, Uu, Uu, Uu, Uu, Uu, Uu, Uu, Uu, Uu, Ur, Uu, Ur, Uu, Uu, Uu, Uu, Uu, Uu, Uu, Uu, Uu, Uu, Uu, Uu, Uu, Uu, Uu, Ur, Uu, Ur, Uu, Ur, Uu, Uu, Ur, Uu, Ur, Uu, Uu, Uu, Uu, Uu, Uu, Xu, Xu, Xu
Xu, Xu, Xu, Xu, Xu, Xu, Xu, Xu, Xu, Uu, Uu, Ur, Uu, Ur, Xu, Ur, Uu, Ur, Ur, Uu, Xu, Xu, Xu, Xu, Xu, Xu, Xu, Xu, Xu, Xu, Xu, Xu, Xu, Xu, Xu, Xu, Xu, Xu, Xu, Xu, Xu, Xu, Xu, Uu, Xu, Uu, Xu, Uu, Xu, Ur, Uu, Ur, Uu, Ur, Uu, Uu, Xu, Uu, Xu, Uu, Xu, Uu, Uu, Uu, Uu, Uu, Uu, Uu, Uu, Uu, Uu, Uu, Uu, Uu, Uu, Uu, Uu, Uu, Uu, Uu, Uu, Uu, Uu, Uu, Uu, Uu, Uu, Uu, Uu, Uu, Uu, Ur, Uu, Ur, Ur, Ur, Ur, Uu, Uu, Uu, Xu, Xu
Xu, Xu, Xu, Xu, Xu, Xu, Xu, Xu, Uu, Uu, Ur, Ur, Uu, Xu, Xu, Xu, Uu, Uu, Ur, Uu, Xu, Xu, Xu, Xu, Xu, Xu, Xu, Xu, Xu, Xu, Uu, Xu, Uu, Xu, Xu, Xu, Xu, Xu, Xu, Xu, Xu, Xu, Xu, Xu, Xu, Xu, Xu, Xu, Xu, Xu, Xu, Xu, Xu, Xu, Xu, Xu, Xu, Xu, Xu, Xu, Xu, Xu, Xu, Xu, Xu, Xu, Xu, Xu, Xu, Xu, Xu, Xu, Xu, Xu, Xu, Xu, Xu, Uu, Xu, Uu, Uu, Uu, Uu, Uu, Uu, Uu, Uu, Uu, Xu, Uu, Xu, Uu, Xu, Uu, Uu, Ur, Ur, Uu, Uu, Uu, Xu, Xu
Xu, Xu, Uu, Xu, Uu, Xu, Xu, Xu, Uu, Uu, Ur, Uu, Uu, Uu, Xu, Xu, Uu, Ur, Uu, Uu, Xu, Xu, Xu, Xu, Uu, Uu, Uu, Uu, Uu, Uu, Uu, Uu, Uu, Uu, Uu^Edt, Uu, Uu, Uu, Uu, Xu, Xu, Xu, Xu, Xu, Xu, Xu, Xu, Xu, Xu, Xu, Xu, Xu, Uue, Xu, Uue, Uue, Uue, Uue, Uue, Xu, Uue, Xu, Xu, Xu, Xu, Xu, Xu, Xu, Xu, Xu, Xu, Xu, Xu, Xu, Xu, Xu, Xu, Xu, Xu, Xu, Xu, Xu, Xu, Xu, Xu, Xu, Xu, Xu, Uu, Xu, Uu, Xu, Xu, Xu, Xu, Uu, Uu, Ur, Uu, Uu, Xu, Xu
Xu, Xu, Uu, Uu, Uu, Xu, Xu, Uu, Uu, Ur, Ur, Uu, Uu, Uu, Xu, Xu, Uu, Ur, Uu, Uu, Xu, Xu, Xu, Uu, Uu, Uu, Uu, Uu, Uu, Uu, Uu, Uu, Uue, Uu^Edt, Uu^Edt, Uu^Edt, Uu^Edt, Uu, Uu, Uu, Uu, Xu, Xu, Xu, Xu, Xu, Uu, Uu, Uu, Xu, Xu, Uue, Uue, Uue, Uh, Uue, Uue, Uue, Uh, Uue, Uue, Uue, Uue, Xu, Xu, Xu, Xu, Xu, Xu, Xu, Xu, Xu, Aa, Aa, Uu, Aa, Uh, Uu, Aa, Xu, Xu, Xu, Xu, Xu, Xu, Xu, Uu, Uu, Uu, Uu, Uh, Uu, Uu, Xu, Xu, Xu, Uu, Ur, Uu, Uu, Xu, Xu
Xu, Xu, Uu, Ur, Uu, Xu, Xu, Uu, Uu, Ur, Uu, Uu, Uu, Uu, Xu, Xu, Ur, Ur, Uu, Uu^Vu, Xu, Xu, Xu, Uu, Uu, Uu^Vu, Uu, Uu, Uu, Uu, Uue, Uue, Sm, Uue, Uue, Uu, Uu, Uu^Vu, Uu^Edt, Uu, Uu, Xu, Xu, Xu, Xu, Xu, Uu, Uu^Vu, Uu^Es, Xu, Xu, Uue, Uue, Uue, Uue, Uh, Uu^Vu, Uh, Uh, Uue, Uue, Uue, Uue, Xu, Xu, Xu, Xu, Xu, Xu, Xu, Uu^Vu, Uu, Uu, Uu, Uh, Uh, Uh, Uh, Uu, Aa, Aa, Xu, Xu, Xu, Xu, Xu, Uu, Uu, Uh, Uh, Uh, Uh, Uu, Xu, Xu, Xu, Uu, Ur, Ur, Uu, Xu, Xu
Xu, Xu, Uu, Ur, Uu, Xu, Xu, Uu, Ur, Ur, Uu, Uu, Uu, Uu, Xu, Xu, Ur, Uu, Uu, Uu, Xu, Xu, Xu, Uu, Uue, Uue, Uue, Uue, Uue, Uue, Sm, Sm, Sm, Sm, Sm, Uue, Uue, Uu^Edt, Uu, Uu, Uu, Uu, Ur, Xu, Ur, Xu, Xu, Uu, Uu, Xu, Xu, Uue, Uue, Uue, Uue, Uue, Uh, Uh, Rd, Uue, Uue, Uue, Uue, Xu, Xu, Xu, Xu, Xu, Uu, Aa, Aa, Uu, Uh, Uh, Ur, Uu, Aa, Uh, Uh, Uu, Aa, Aa, Xu, Xu, Xu, Uu, Uu, Uu, Ur, Ur, Uu, Uh, Uu, Xu, Xu, Xu, Uu, Ur, Ur, Uu, Xu, Xu
Xu, Xu, Uu, Ur, Uu, Xu, Xu, Uu, Ur, Uu, Uu, Uh, Uu, Uu, Xu, Xu, Ur, Xu, Xu, Xu, Xu, Xu, Xu, Uu, Uue, Sm, Sm, Sm, Sm, Sm, Sm, Sm, Sm, Sm, Sm, Sm, Sm, Uue, Uue, Uu, Ur, Ur, Ur, Ur, Xu, Xol, Xu, Uu^Es, Uu^Es, Xu, Xu, Xu, Uue, Uue, Uh, Uh, Rd, Rd, Rd, Rd, Rd, Uue, Uue, Xu, Xu, Xu, Xu, Xu, Xu, Aa, Uu, Aa, Uh, Aa, Aa, Ur, Uu, Aa, Uh, Uu, Uu^Vu, Aa, Xu, Xu, Xu, Uu, Uu, Uu^Vu, Ur, Uu, Uu, Uu, Uu, Xu, Xu, Xu, Uu, Uu, Ur, Uu, Xu, Xu
Xu, Xu, Uu, Ur, Ur, Xol, Ur, Ur, Uu, Uu, Uh, Uh, Uu, Xu, Xu, Xu, Xu, Xol, Xu, Xu, Xu, Xu, Uue, Uue, Uue, Uue, Uue, Sm, Sm, Sm, Sm, Sm, Sm, Sm, Sm, Sm, Uue, Uue, Ur, Ur, Uu, Ur, Xu, Xu, Uu, Ur, Uu, Uu, Uu, Xu, Xu, Xu, Uue, Uue, Rd, Rd, Rd, Rd, Rd, Rd, Ur, Uue, Ur, Uue, Uue, Xu, Xu, Xu, Xu, Uu, Uu, Aa, Uh, Uh, Aa, Ur, Ur, Aa, Uh, Uh, Uu, Uu, Xu, Xu, Xu, Uu, Uu, Uu, Ur, Uu, Uu, Uu, Uu, Xu, Xu, Xu, Uu, Uu, Ur, Uu, Xu, Xu
Xu, Xu, Uu, Ur, Uu, Xu, Xu, Ur, Uu, Uu, Uh, Uu, Uu, Xu, Xu, Xu, Uu, Ur, Ur, Xu, Ur, Uu, Ur, Uue, Ur, Uue, Uue, Uue, Uue, Sm, Uue, Sm, Uue, Sm, Ur, Uue, Ur, Ur, Uu, Uu, Uu, Uu, Xu, Xu, Uu, Ur, Ur, Uu, Uu, Xu, Xu, Xu, Uue, Rd, Rd, Rd, Rd, Rd, Ur, Ur, Uue, Ur, Ur, Ur, Ur, Xu, Xu, Xu, Xu, Xu, Uu, Uu, Uu, Uh, Uu, Ur, Ur, Aa, Aa, Uh, Aa, Uu, Xu, Xu, Xu, Uu, Uu, Uu, Ur, Uu, Uu, Uu, Xu, Xu, Xu, Xu, Uu, Uu, Ur, Uu, Xu, Xu
Xu, Xu, Uu, Ur, Uu, Xu, Xu, Ur, Uu, Uu, Uh, Uu, Uu, Xu, Xu, Uu, Uu, Uu, Uu, Ur, Uu, Ur, Uu, Ur, Ur, Ur, Ur, Uue, Uue, Uue, Uue, Uue, Ur, Ur, Ur, Ur, Uue, Uu, Uue, Uu, Uu, Uu, Xu, Xu, Uu, Uu, Ur, Uu, Uu, Xu, Xu, Xu, Uue, Rd, Rd, Rd, Rd, Ur, Uue, Uue, Uue, Xu, Xu, Ur, Uue, Ur, Ur, Xu, Xu, Xu, Uu, Aa, Aa, Aa, Uu, Uu, Ur, Uu, Uu, Aa, Uu, Uu, Xu, Xu, Xu, Xu, Xu, Uu, Ur, Uu, Xu, Xu, Xu, Xu, Uu, Uu, Uu, Uu, Ur, Uu, Xu, Xu
Xu, Xu, Uu, Ur, Uu, Xu, Xu, Ur, Uu, Uu, Uu, Uu, Uu, Xu, Xu, Uu, Uu, Uu, Uu, Uu, Uu, Uu, Xu, Xu, Xu, Uue, Uue, Ur, Uue, Uue, Ur, Ur, Ur, Ur, Uue, Uue, Uue, Uue, Uue, Uue, Uu, Uu, Xu, Xu, Xu, Uu, Ur, Ur, Uu, Xu, Xu, Xu, Xu, Uue, Uue, Rd, Ur, Ur, Uue, Uue, Xu, Xu, Xu, Xu, Xu, Ur, Ur, Xu, Xu, Xu, Xu, Uu, Uu, Aa, Uu, Uu, Ur, Uu, Uu, Uu, Xu, Xu, Xu, Xu, Xu, Xu, Xu, Xu, Xol, Xu, Xu, Xu, Xu, Xu, Uu, Uu, Ur, Ur, Uu, Uu, Xu, Xu
Xu, Xu, Uu, Uu, Uu, Xu, Xu, Ur, Uu, Uu, Uu, Uu, Uu, Xu, Xu, Uu, Uu, Uu, Uu, Uu, Uu, Uu, Xu, Xu, Xu, Xu, Xu, Uue, Uue, Uue, Ur, Ur, Uue, Uue, Uue, Uue, Uue, Uue, Uue, Uue, Uue, Uu, Xu, Xu, Xu, Xu, Ur, Ur, Uu, Xu, Xu, Xu, Xu, Xu, Xu, Uue, Ur, Uue, Uue, Uue, Xu, Xu, Xu, Xu, Xu, Xu, Ur, Xu, Xu, Xu, Xu, Xu, Xu, Uu, Xu, Uu, Ur, Uu, Uu, Xu, Xu, Xu, Xu, Xu, Xu, Xu, Uu, Xu, Ur, Xu, Uu, Xu, Xu, Xu, Ur, Ur, Ur, Uu, Uu, Uu, Xu, Xu
Xu, Xu, Xu, Uu, Uu^Vu, Xu, Xu, Ur, Ur, Uu, Uu, Uu, Uu, Xu, Xu, Uu, Uu, Uu, Uu, Uu, Uu, Uu, Xu, Xu, Xu, Xu, Xu, Xu, Xol, Ur, Uue, Uue, Uue, Uue, Xu, Xu, Xu, Uue, Xu, Uue, Xu, Xu, Ur, Xu, Xu, Xu, Uu, Ur, Uu, Xu, Xu, Xu, Xu, Xu, Xu, Xu, Xol, Xu, Xu, Xu, Xu, Xu, Xu, Xu, Xu, Xu, Xol, Xu, Xu, Xu, Xu, Xu, Xu, Xu, Xu, Xu, Xol, Xu, Xu, Xu, Xu, Xu, Xu, Xu, Uu, Uu, Uu, Uu, Ur, Ur, Uu, Uu, Xu, Xu, Ur, Ur, Uu, Uu, Xu, Xu, Xu, Xu
Xu, Xu, Xu, Xu, Xu, Xu, Xu, Ur, Ur, Uu, Uu, Uu, Uu, Xu, Xu, Xu, Xu, Uu, Uu, Uu, Xu, Xu, Xu, Xu, Xu, Xu, Xu, Xu, Ur, Xu, Xu, Xu, Xu, Xu, Xu, Xu, Xu, Xu, Xu, Xu, Xu, Xu, Ur, Xu, Xu, Xu, Uu, Ur, Uu, Xu, Xu, Xu, Xu, Xu, Uu, Xu, Ur, Xu, Uu, Xu, Uu, Xu, Xu, Xu, Xu, Xu, Ur, Xu, Xu, Xu, Xu, Xu, Xu, Xu, Xu, Xu, Ur, Xu, Xu, Xu, Xu, Xu, Xu, Xu, Ur, Ur, Ur, Ur, Ur, Uu, Uu, Uu, Uu, Xu, Xol, Xu, Xu, Xu, Xu, Xu, Xu, Xu
Xu, Xu, Xu, Xu, Xu, Xu, Xu, Ur, Ur, Uu, Uu, Uu, Uu, Uu, Xu, Xu, Xu, Xu, Xu, Xu, Xu, Xu, Xu, Xu, Xu, Xu, Xu, Ur, Uu, Xu, Xu, Xu, Uu, Xu, Uu, Xu, Uu, Xu, Xu, Xu, Xu, Uu, Ur, Uu, Xu, Xu, Xu, Ur, Xu, Xu, Xu, Xu, Uu, Uu, Uu, Uu, Ur, Uu, Uu, Uu, Uh, Uu, Uu, Xu, Xu, Uu, Uu, Ur, Ur, Xu, Xu, Uu, Uu, Uu, Uu, Uu, Ur, Uu, Uu, Uu, Uu, Xu, Xu, Xu, Ur, Uu, Uu, Uu, Uu, Ur, Ur, Uu, Uu, Xu, Ur, Xu, Uu, Xu, Xu, Xu, Xu, Xu
Xu, Xu, Xu, Xu, Xu, Xu, Uu, Uu, Ur, Uu, Xu, Uu, Uu, Uu, Xu, Xu, Xu, Xu, Xu, Xu, Xu, Xu, Xu, Xu, Uu, Uu, Ur, Ur, Xu, Xu, Xu, Uu, Uu, Uu, Uh, Uu, Uu, Uu, Uu, Uu, Ur, Ur, Uu^Edt, Uu, Xu, Xu, Xu, Ur, Xu, Xu, Xu, Xu, Uu, Uu^Em, Uu, Uh, Uu, Ur, Uu, Uu^Vu, Uh, Uu, Uu, Xu, Xu, Xu, Xu, Uu, Uu, Ur, Ur, Uu, Uu, Uu, Uu, Uu, Ur, Uu, Uu, Uu^Vu, Uu, Uu, Xu, Xu, Xol, Xu, Uu, Uu, Uu, Uu, Uu, Ur, Ur, Uu, Ur, Uu, Uu, Uu, Xu, Xu, Xu, Xu
Xu, Xu, Xu, Xu, Xu, Xu, Uu, Xu, Ur, Xu, Xu, Xu, Xu, Xu, Xu, Xu, Xu, Xu, Xu, Xu, Xu, Xu, Uu, Uu, Uu, Uu, Ur, Uu, Uu, Xu, Xu, Uu, Uu, Uh, Uh, Uh, Uh, Uu, Ur, Ur, Ur, Uu, Uu^Edt, Uu, Xu, Xu, Xu, Ur, Xu, Xu, Xu, Xu, Uu, Uu, Uu, Uh, Uh, Ur, Ur, Uu, Uu, Uh, Uu, Uu, Xu, Xu, Xu, Xu, Xu, Uu, Uu, Ur, Ur, Ur, Ur, Uu, Ur, Ur, Ur, Ur, Ur, Uu, Uu, Xu, Ur, Xu, Xu, Uu, Uu, Uu, Uu, Uu^Vu, Uu, Ur, Uu, Uu, Uu, Uu, Xu, Xu, Xu, Xu
Xu, Xu, Xu, Xu, Xu, Uu, Xu, Ur, Xu, Xu, Xu, Xu, Xu, Xu, Xu, Xu, Uu, Xu, Xu, Xu, Xu, Xu, Xu, Uu, Uu, Uu, Uu, Ur, Ur, Xu, Xu, Xu, Xu, Uu, Uu, Uh, Uu, Uu, Ur, Ur, Uu^Edt, Uu^Vu, Uu, Uu, Xu, Xu, Xu, Ur, Xu, Xu, Xu, Xu, Xu, Uu, Uu, Uu, Uh, Uu, Ur, Uu, Uu, Uh, Uu, Uu, Xu, Xu, Xu, Xu, Xu, Xu, Xu, Uu, Uu, Ur, Uu, Ur, Ur, Uu, Uu, Ur, Uu, Ur, Ur, Ur, Ur, Uu, Uu, Xu, Xu, Uu, Uu, Uu, Uu, Uu, Xu, Xu, Xu, Xu, Xu, Xu, Xu, Xu
Xu, Xu, Xu, Xu, Xu, Uu, Ur, Ur, Xu, Xu, Xu, Xu, Uu, Uu^Vu, Uu, Uu, Xu, Uu, Uu, Uu, Uu, Xu, Xu, Xu, Xu, Uu, Uu, Ur, Ur, Ur, Uu, Xu, Xu, Uu, Uu, Uu, Ur, Ur, Uu, Uu, Uu^Edt, Uu^Edt, Uu, Uu, Xu, Xu, Xu, Ur, Xu, Xu, Xu, Xu, Xu, Uu, Uu, Uu, Uu, Uu, Ur, Uu, Uu, Uu, Uu, Uu, Xu, Xu, Xu, Xu, Xu, Xu, Xu, Xu, Xu, Uu, Xu, Ur, Ur, Uu, Uu, Uu, Uu, Uu, Uu, Ur, Uu, Uu, Uu, Xu, Xu, Xu, Xu, Uu, Xu, Xu, Xu, Xu, Uu, Xu, Xu, Xu, Xu, Xu
Xu, Xu, Xu, Xu, Uu, Uu, Ur, Xu, Xu, Xu, Xu, Xu, Uu, Uu, Xu, Uu, Xu, Xu, Xu, Uu, Uu, Uu, Uu, Xu, Xu, Xu, Xu, Uu, Uu, Ur, Ur, Uu, Uu, Xu, Xu, Uu, Ur, Uu, Xu, Uu, Uu, Uu, Xu, Xu, Xu, Xu, Xu, Ur, Xu, Xu, Xu, Xu, Xu, Xu, Xu, Uu, Uu, Uu, Ur, Uu, Uu, Uu, Xu, Xu, Xu, Xu, Xu, Xu, Xu, Xu, Xu, Xu, Xu, Xu, Xu, Xu, Xol, Xu, Xu, Xu, Xu, Uu, Uu, Uu, Uu, Uu, Uu, Xu, Xu, Xu, Xu, Xu, Uu, Uu, Uu, Uu, Uu^Vu, Uu, Uu, Xu, Xu, Xu
Xu, Xu, Xu, Xu, Uu, Ur, Xu, Xu, Xu, Xu, Xu, Xu, Uu, Xu, Xu, Uu, Xu, Uu, Xu, Uu, Uu, Uu, Uu, Uu, Uu, Xu, Xu, Xu, Xu, Uu, Uu, Ur, Ur, Uu, Uu, Xu, Xol, Xu, Xu, Xu, Uu, Uu, Xu, Xu, Xu, Xu, Xu, Ur, Xu, Xu, Xu, Xu, Xu, Xu, Xu, Xu, Uu, Uu, Ur, Uu, Uu, Xu, Xu, Xu, Xu, Xu, Xu, Xu, Xu, Xu, Xu, Xu, Xu, Xu, Xu, Xu, Ur, Xu, Xu, Xu, Xu, Xu, Xu, Uu, Uu, Uu, Uu, Xu, Xu, Xu, Uu, Uu, Uu, Uu, Ur, Uu, Ur, Uu, Uu, Uu, Xu, Xu
Xu, Xu, Xu, Xu, Uu, Ur, Xu, Xu, Xu, Xu, Xu, Xu, Uu, Xu, Ur, Uu, Ur, Uu, Uu, Ur, Ur, Ur, Ur, Ur, Ur, Uu, Uu, Xu, Xu, Xu, Xu, Uu, Uu, Ur, Ur, Xu, Ur, Xu, Xu, Xu, Xu, Uu, Xu, Xu, Xu, Xu, Uu, Ur, Uu, Xu, Xu, Xu, Xu, Xu, Xu, Xu, Xu, Uu, Ur, Uu, Xu, Xu, Xu, Xu, Xu, Xu, Xu, Xu, Xu, Xu, Xu, Xu, Xu, Xu, Xu, Xu, Ur, Xu, Xu, Xu, Xu, Xu, Xu, Xu, Xu, Uu, Xu, Xu, Uu, Xu, Uu, Uu, Ur, Ur, Ur, Ur, Uu, Ur, Uu, Uu, Xu, Xu
Xu, Xu, Xu, Xu, Uu, Ur, Uu, Xu, Xu, Xu, Xu, Xu, Ur, Ur, Ur, Ur, Uu, Ur, Ur, Ur, Uu, Xu, Xu, Uu, Uu, Ur, Ur, Uu, Xu, Xu, Xu, Xu, Xu, Uu, Uu, Ur, Ur, Uu^Vu, Uu^Edt, Xu, Xu, Xu, Xu, Xu, Uu, Uu, Uu, Ur, Uu, Uu, Uu, Xu, Xu, Xu, Xu, Xu, Xu, Xu, Xol, Xu, Xu, Xu, Xu, Xu, Xu, Xu, Uu, Xu, Uu, Uu, Uu, Uu, Uu, Uu, Uu, Uu, Ur, Xu, Xu, Xu, Xu, Xu, Xu, Xu, Xu, Xu, Xu, Xu, Uu, Uu, Uu, Uu, Ur, Uu, Uu, Uu, Uu, Ur, Uu, Uu, Xu, Xu
Xu, Xu, Xu, Xu, Ur, Ur, Xu, Xu, Xu, Xu, Xu, Xu, Ur, Xu, Xu, Xu, Xu, Uu, Uu, Uu, Uu, Uu, Uu, Xu, Uu, Uu, Ur, Uu, Uu, Xu, Xu, Xu, Xu, Xu, Uh, Xu, Xu, Ur, Ur, Uu^Edt, Ur, Xu, Ur, Uu, Uu, Uu, Ur, Ur, Ur, Uu, Uu, Uu, Uu, Xu, Xu, Xu, Xu, Xu, Ur, Xu, Uu, Uu, Ur, Uu, Ur, Ur, Ur, Ur, Ur, Ur, Ur, Uu, Uu, Xu, Uu, Uu, Ur, Xu, Xu, Xu, Xu, Xu, Xu, Xu, Xu, Xu, Uu, Uu, Uu, Uu, Uu, Uu, Ur, Uu, Ur, Ur, Ur, Ur, Uu, Uu, Xu, Xu
Xu, Xu, Xu, Xu, Ur, Ur, Xu, Xu, Xu, Xu, Xu, Xu, Xol, Xu, Xu, Xu, Xu, Xu, Xu, Uu, Uu, Uu, Uu, Uu, Uu, Xu, Xu, Ur, Ur, Uu, Uu, Xu, Uu^Vu, Xu, Xu, Uh, Uu, Xu, Xu, Ur, Uu, Ur, Uu, Ur, Ur, Ur, Cud, Cud, Cud, Uu, Ur, Uu, Uu, Uu, Uu, Xu, Ur, Ur, Ur, Ur, Ur, Ur, Ur, Ur, Uu, Ur, Xu, Uu, Xu, Ur, Uu, Ur, Ur, Ur, Ur, Ur, Ur, Ur, Ur, Uu, Uu, Xu, Xu, Xu, Uu, Uu, Uu, Uu, Uu, Uu, Uu, Uu, Ur, Ur, Uu, Uu, Uu, Uu, Uu, Xu, Xu, Xu
Xu, Xu, Xu, Xu, Uu, Ur, Ur, Xu, Ur, Xu, Uu, Xu, Ur, Xu, Xu, Xu, Xu, Xu, Xu, Xu, Xu, Uu, Uu, Uu, Uu, Uu, Uu, Uu, Uu, Ur, Ur, Uu, Uu, Uu, Uu, Xu, Uu, Uu, Uu, Xu, Xu, Uu, Uu, Uu, Uu, Uu, Cud, 1 Kud, Cud, Ur, Uu, Ur, Ur, Ur, Ur, Ur, Ur, Ur, Ur, Uu, Uu, Uu, Uu, Uu, Xu, Xu, Xu, Xu, Xu, Xu, Xu, Uu, Uu, Ur, Uu^Vu, Ur, Ur, Ur, Ur, Ur, Ur, Uu, Uu, Xu, Xu, Uu, Xu, Uu, Xu, Uu, Xu, Xu, Xol, Xu, Xu, Uu, Uu, Uu, Uu, Xu, Xu, Xu
Xu, Xu, Xu, Xu, Uu, Uu, Uu, Ur, Ur, Ur, Ur, Ur, Uu, Xu, Xu, Xu, Xu, Xu, Xu, Xu, Xu, Xu, Xu, Uu, Uu^Vu, Uu, Uu, Uu, Uu, Uu, Uu, Ur, Ur, Ur, Ur, Xu, Xol, Xu, Xu, Uu, Uu, Xu, Xu, Uu, Uu, Uu, Uu, Cud, Ur, Uu, Uu, Uu, Uu, Ur, Ur, Ur, Ur, Ur, Xu, Uu, Xu, Uu, Uu, Xu, Xu, Xu, Xu, Xu, Uu, Xu, Xu, Xu, Ur, Ur, Ur, Ur, Ur, Ur, Ur, Ur, Ur, Ur, Ur, Xu, Ur, Xu, Ur, Xu, Ur, Xu, Ur, Xu, Ur, Xu, Xu, Xu, Xu, Xu, Xu, Xu, Xu, Xu
Xu, Xu, Xu, Xu, Xu, Uu, Uu, Uu, Uu, Uu^Vu, Uu, Uu, Uu, Xu, Xu, Xu, Xu, Xu, Xu, Xu, Xu, Xu, Xu, Xu, Xu, Xu, Xu, Uu, Xu, Uu, Xu, Uu, Uu, Ur, Uu, Ur, Xu, Uu, Uu, Xu, Xu, Uu, Uu, Uu, Uu, Uu, Uu, Ur, Ur, Uu, Uu, Uu, Xu, Xu, Xu, Xu, Xu, Ur, Ur, Ur, Ur, Xu, Ur, Ur, Ur, Ur, Ur, Ur, Ur, Ur, Ur, Ur, Uu, Ur, Xu, Uu, Uu, Uu, Uu, Uu, Uu, Uu, Uu, Ur, Uu, Ur, Uu, Ur, Uu, Ur, Uu, Ur, Ur, Uu, Uu, Xu, Xu, Xu, Xu, Xu, Xu, Xu
Xu, Xu, Xu, Xu, Xu, Xu, Xu, Uu, Xu, Uu, Xu, Uu, Xu, Uu, Xu, Xu, Xu, Xu, Xu, Xu, Xu, Xu, Xu, Xu, Xu, Xu, Xu, Xu, Xu, Xu, Xu, Xu, Xu, Xu, Xu, Xu, Xu, Xu, Xu, Xu, Xu, Xu, Xu, Xu, Xu, Uu, Uu, Ur, Ur, Uu, Xu, Xu, Xu, Xu, Xu, Xu, Xu, Xu, Xu, Xu, Xu, Ur, Xu, Xu, Xu, Ur, Xu, Uu, Xu, Xu, Xu, Uu, Xu, Xu, Xu, Xu, Xu, Uu, Xu, Uu, Xu, Uu, Xu, Uu, Xu, Uu, Xu, Uu, Xu, Xu, Xu, Xu, Xu, Xu, Xu, Xu, Xu, Xu, Xu, Xu, Xu, Xu
Xu, Xu, Xu, Xu, Xu, Xu, Xu, Xu, Xu, Xu, Xu, Xu, Xu, Xu, Xu, Xu, Xu, Xu, Xu, Xu, Xu, Xu, Xu, Xu, Xu, Xu, Xu, Xu, Xu, Xu, Xu, Xu, Xu, Xu, Xu, Xu, Xu, Xu, Xu, Xu, Xu, Xu, Xu, Xu, Xu, Xu, Uu, Ur, Rr, Uu, Xu, Xu, Xu, Xu, Xu, Xu, Xu, Xu, Xu, Xu, Xu, Xu, Xu, Xu, Xu, Xu, Xu, Xu, Xu, Xu, Xu, Xu, Xu, Xu, Xu, Xu, Xu, Xu, Xu, Xu, Xu, Xu, Xu, Xu, Xu, Xu, Xu, Xu, Xu, Xu, Xu, Xu, Xu, Xu, Xu, Xu, Xu, Xu, Xu, Xu, Xu, Xu
