border_size=1
usage=map

Xu, Xu, Xu, Xu, Xu, Xu, Xu, Xu, Xu, Xu, Xu, Xu, Xu, Xu, Xu, Xu, Xu, Xu, Xu, Xu, Xu, Xu, Xu, Xu, Xu, Xu, Xu, Xu, Xu, Xu, Xu, Xu, Xu, Xu, Xu, Xu, Xu, Xu, Xu, Xu, Xu, Xu, Xu, Xu, Xu, Xu, Xu, Xu, Xu, Xu, Xu, Xu, Xu, Xu, Xu, Xu, Xu, Xu, Xu, Xu, Xu, Xu, Xu, Xu, Xu, Xu, Xu, Xu, Xu, Xu, Xu, Xu, Xu, Xu, Xu, Xu, Xu, Xu, Xu, Xu, Xu, Xu, Xu, Xu, Xu, Xu, Xu, Xu, Xu, Xu, Xu, Xu, Xu, Xu, Xu, Xu, Xu, Xu, Xu, Xu, Xu, Xu
Xu, Xu, Xu, Xu, Xu, Xu, Xu, Xu, Xu, Xu, Xu, Xu, Xu, Xu, Xu, Xu, Xu, Xu, Xu, Xu, Xu, Xu, Xu, Xu, Xu, Xu, Xu, Xu, Uu, Xu, Uu, Xu, Xu, Xu, Xu, Xu, Uu, Xu, Uu, Xu, Xu, Xu, Xu, Xu, Xu, Xu, Xu, Xu, Xu, Xu, Xu, Xu, Xu, Xu, Xu, Xu, Xu, Xu, Xu, Xu, Xu, Xu, Ur, Xu, Ur, Xu, Xu, Xu, Xu, Xu, Xu, Xu, Xu, Xu, Xu, Xu, Xu, Xu, Xu, Xu, Xu, Xu, Xu, Xu, Xu, Xu, Xu, Xu, Xu, Xu, Xu, Xu, Xu, Xu, Xu, Xu, Xu, Xu, Xu, Xu, Xu, Xu
Xu, Xu, Xu, Xu, Xu, Xu, Xu, Xu, Xu, Xu, Xu, Xu, Xu, Xu, Xu, Xu, Xu, Xu, Xu, Xu, Xu, Xu, Xu, Xu, Xu, Xu, Uu, Uu, Uu, Uu^Vu, Uu, Xu, Uu, Uu, Uu, Uu, Ur, Uu, Uu, Uu, Uu, Uu, Uu, Uu, Uu, Uu, Uu, Xu, Xu, Xu, Uu, Uu^Es, Uu^Es, Uu, Uu, Uu, Uu, Uu, Uu, Uu, Uu, Ur, Ur, Ur, Uu^Vu, Ur, Xu, Xu, Xu, Xu, Xu, Xu, Xu, Xu, Xu, Xu, Xu, Xu, Xu, Xu, Xu, Xu, Xu, Xu, Xu, Xu, Xu, Xu, Xu, Xu, Xu, Xu, Xu, Xu, Xu, Xu, Xu, Xu, Xu, Xu, Xu, Xu
Xu, Xu, Xu, Xu, Xu, Xu, Xu, Xu, Xu, Xu, Xu, Xu, Uu, Xu, Uu, Xu, Uu^Vu, Xu, Xu, Xu, Xu, Xu, Xu, Xu, Xu, Uu, Xu, Xu, Xu, Xu, Xu, Uu, Uu, Ur, Ur, Ur, Uu, Ur, Ur, Ur, Ur, Uu, Ur, Uu, Ur, Uu, Ur, Uu, Xu, Xu, Uu, Uu^Es, Uu^Vu, Xu, Xu, Xu, Xu, Xu, Xu, Xu, Ur, Ur, Xu, Uu, Uu, Ur, Ur, Xu, Ur, Xu, Xu, Xu, Xu, Xu, Xu, Xu, Xu, Xu, Xu, Xu, Xu, Xu, Xu, Uu, Ur, Ur, Ur, Uu, Ur, Uu, Uu, Uu, Uu^Vu, Uu, Uh, Uu, Uu, Uu, Xu, Xu, Xu, Xu
Xu, Xu, Xu, Xu, Xu, Xu, Xu, Xu, Xu, Xu, Uu, Uu, Ql, Uu, Ql, Uu, Uu, Uu, Xu, Xu, Xu, Xu, Xu, Xu, Xu, Uu, Xu, Xu, Xu, Xu, Uu, Ur, Ur, Ur, Xu, Uu, Xu, Xu, Xu, Uu, Uu, Ur, Uu, Ur, Ur, Ur, Ur, Ur, Xu, Xu, Uu, Xu, Xu, Xu, Xu, Xu, Xu, Xu, Xu, Ur, Ur, Uu, Xu, Xu, Xu, Xu, Xu, Ur, Xu, Ur, Ur, Xu, Uu, Uu^Vu, Uu, Xu, Xu, Xu, Xu, Xu, Xu, Xu, Xu, Ur, Xu, Xu, Xu, Ur, Uu, Ur, Ur, Ur, Uu, Uh, Uh, Uh, Uh, Uu, Xu, Xu, Xu, Xu
Xu, Xu, Xu, Xu, Xu, Xu, Xu, Xu, Uu, Uu, Ql, Ql, Ql, Ql, Ql, Ql, Ql, Ql, Ql, Ql, Ql, Xu, Xu, Xu, Xu, Uu, Ur, Xu, Ur, Xu, Ur, Ur, Uu, Uu, Xu, Xu, Xu, Xu, Xu, Uu, Uu, Uu, Uu^Vu, Uu, Uu, Uu, Uu, Uu, Xu, Xu, Uu, Xu, Xu, Xu, Xu, Xu, Xu, Xu, Ur, Ur, Uu^Es, Xu, Xu, Xu, Xu, Xu, Xu, Xu, Xu, Xu, Ur, Uu, Uu, Uu, Uu, Xu, Xu, Xu, Xu, Xu, Xu, Xu, Xu, Ur, Xu, Xu, Xu, Xu, Xu, Uu, Xu, Ur, Ur, Uu, Uu, Uh, Uu, Xu, Xu, Xu, Xu, Xu
Xu, Xu, Xu, Xu, Xu, Xu, Xu, Xu, Uu, Ql, Ql, Ql, Ql, Ql, Ql, Ql, Ql, Ql, Ql, Ql, Ql, Ql, Xu, Xu, Xu, Xu, Ur, Ur, Xu, Ur, Ur, Uu, Xu, Xu, Xu, Xu, Uu, Uu, Uu, Xu, Xu, Uu, Xu, Uu, Xu, Uu, Xu, Xu, Xu, Xu, Uu, Xu, Uu, Uu, Uu, Uu, Ur, Ur, Xu, Uu, Uu^Es, Uu^Es, Uu, Uu, Ur, Xu, Xu, Xu, Ur, Uu, Ur, Ur, Ur, Uu, Uu, Xu, Xu, Xu, Xu, Xu, Xu, Xu, Xu, Xol, Xu, Xu, Xu, Xu, Xu, Xu, Xu, Ur, Ur, Uu, Uu, Uu, Xu, Xu, Xu, Xu, Xu, Xu
Xu, Xu, Xu, Xu, Xu, Xu, Uu, Uu, Ql, Ql, Ql, Ql, Ql, Ql, Ql, Ql, Ql, Ql, Ql, Ql, Uu, Xu, Xu, Xu, Xu, Xu, Ur, Ur, Xu, Uu, Uu, Ur, Xu, Xu, Uu, Uu, Uh, Uh, Uh, Uu, Uu, Xu, Xu, Xu, Xu, Xu, Xu, Xu, Xu, Xu, Uu, Uu, Xu, Xu, Xu, Xu, Ur, Xu, Xu, Xu, Xu, Xu, Ur, Ur, Xu, Ur, Uu, Ur, Ur, Ur, Xu, Uu, Uu, Ur, Ur, Uu, Uu, Xu, Uu^Vu, Xu, Xu, Xu, Uu, Ur, Uu, Xu, Xu, Xu, Xu, Xu, Xu, Ur, Ur, Uu, Uu, Uu, Xu, Xu, Xu, Xu, Xu, Xu
Xu, Xu, Xu, Xu, Xu, Xu, Uu, Ql, Uu, Ql, Ql, Ql, Ql, Ql, Ql, Ql, Ql, Ql, Ql, Ql, Ql, Uu, Xu, Xu, Xu, Xu, Ur, Xu, Xu, Xu, Uu, Ur, Xu, Xu, Uu, Uu, Uu, Uh, Uh, Uu^Vu, Uu, Uu, Uu, Xu, Uu, Uu, Uu, Xu, Xu, Xu, Uu, Xu, Xu, Xu, Ur, Xu, Ur, Xu, Ur, Uu, Ur, Ur, Xu, Xu, Xu, Xu, Uu, Ur, Ur, Xu, Xu, Xu, Xu, Uu, Uu, Ur, Ur, Uu, Uu, Uu, Xu, Uu, Ur, Ur, Uu, Uu, Xu, Xu, Xu, Xu, Xu, Ur, Uu, Ur, Uu, Xu, Xu, Xu, Uu, Xu, Xu, Xu
Xu, Xu, Xu, Xu, Xu, Uu, Uu, Uu, Xu, Ql, Ql, Ql, Ql, Ql, Ql, Ql, Ql, Ql, Uu, Ql, Uu, Uu, Xu, Xu, Xu, Xu, Ur, Ur, Xu, Uu, Uu, Ur, Xu, Xu, Uu, Uu, Uu, Ur, Ur, Uu, Ur, Uu, Ur, Ur, Ur, Ur, Ur, Ur, Xol, Xu, Ur, Uu, Ur, Ur, Ur, Ur, Ur, Ur, Ur, Ur, Xu, Xu, Xu, Xu, Xu, Xu, Xu, Uu, Ur, Ur, Xu, Xu, Xu, Xu, Uu, Uu, Ur, Ur, Ur, Xu, Xu, Ur, Ur, Ur, Xu, Xu, Xu, Xu, Xu, Xu, Ur, Ur, Uu, Ur, Uu, Xu, Uu, Uu, Xu, Uu, Xu, Xu
Xu, Xu, Xu, Xu, Xu, Uu, Xu, Xu, Ur, Ur, Ur, Ur, Ur, Ur, Ur, Ur, Ur, Xu, Ur, Ur, Ur, Ur, Uu, Xu, Xu, Xu, Ur, Ur, Xu, Uu, Ur, Ur, Uu, Xu, Xu, Uu, Uu, Ur, Uu, Ur, Uu, Ur, Uu, Ur, Uu, Uu, Uu, Xu, Xu, Ur, Ur, Ur, Xu, Xu, Xu, Xu, Xu, Uu, Xu, Xu, Uu, Xu, Uu, Uu, Uu, Uu, Uu, Xu, Ur, Ur, Xu, Xu, Xu, Xu, Xu, Uu, Uu, Ur, Ur, Ur, Ur, Ur, Xu, Xu, Xu, Xu, Xu, Xu, Xu, Xu, Ur, Uu, Uu, Ur, Ur, Xu, Uu, Xu, Xu, Uu, Xu, Xu
Xu, Xu, Xu, Xu, Xu, Uu, Xu, Ur, Xu, Ur, Xu, Xu, Uu, Xu, Uu, Xu, Xu, Ur, Xu, Xu, Xu, Xu, Ur, Xu, Xu, Xu, Ur, Xu, Xu, Uu, Ur, Ur, Uu, Xu, Xu, Xu, Xu, Xu, Xu, Uu, Uu, Uu, Xu, Uu, Uu, Uu, Uu, Uu, Xu, Xu, Ur, Xu, Xu, Xu, Uu, Xu, Uu, Uu, Uu, Uu, Xu, Uu, Xu, Xu, Xu, Xu, Uu, Xu, Ur, Ur, Uu, Xu, Xu, Xu, Xu, Xu, Xu, Uu, Xu, Uu, Uu, Xu, Xu, Xu, Xu, Xu, Xu, Xu, Uu, Uu, Ur, Uu, Xu, Uu, Ur, Uu, Xu, Xu, Xu, Uu, Xu, Xu
Xu, Xu, Xu, Xu, Xu, Uu, Uu, Ur, Ql, Xu, Uu, Uu, Xu, Xu, Xu, Uu, Uu, Uu, Xu, Xu, Xu, Xu, Ur, Xu, Xu, Xu, Ur, Xu, Xu, Xu, Ur, Uu, Xu, Xu, Xu, Xu, Xu, Xu, Xu, Xu, Xu, Xu, Xu, Xu, Xu, Uu, Xu, Xu, Xu, Xu, Ur, Uu, Uu, Uu, Xu, Uu, Uu, Uu^Vu, Uu, Xu, Xu, Xu, Xu, Xu, Uu, Uu, Uu, Xu, Uu, Ur, Xu, Xu, Xu, Xu, Xu, Xu, Xu, Xu, Xu, Xu, Xu, Xu, Xu, Xu, Xu, Xu, Xu, Xu, Ur, Ur, Uu, Xu, Xu, Uu, Ur, Uu, Xu, Xu, Xu, Uu, Xu, Xu
Xu, Xu, Xu, Xu, Xu, Xu, Uu, Ur, Ur, Ql, Ql, Uu, Xu, Xu, Xu, Xu, Xu, Uu, Ql, Ql, Xu, Xu, Ur, Ur, Xu, Xu, Ur, Xu, Xu, Uu, Ur, Uu, Xu, Xu, Xu, Xu, Xu, Xu, Xu, Xu, Xu, Xu, Xu, Xu, Xu, Xu, Xu, Xu, Xu, Xu, Ur, Xu, Xu, Xu, Uu, Xu, Uu, Uu, Uu, Uu, Uu, Xu, Uu, Uu, Xu, Xu, Uu, Xu, Ur, Ur, Xu, Xu, Xu, Xu, Xu, Xu, Uu, Xu, Xu, Xu, Xu, Xu, Xu, Xu, Xu, Xu, Ur, Ur, Uu, Uu, Xu, Xu, Uu, Uu, Ur, Uu, Xu, Xu, Uu, Uu, Xu, Xu
Xu, Xu, Xu, Xu, Xu, Xu, Uu, Xu, Xu, Ur, Ur, Ql, Ql, Uu, Ql, Xu, Ql, Ql, Ql, Ql, Ql, Xu, Ur, Ur, Xu, Xu, Ur, Xu, Xu, Uu, Ur, Uu, Xu, Xu, Xu, Xu, Uu, Uu, Uu, Xu, Uu, Uu, Uu, Xu, Uu, Uu, Uu, Xu, Xu, Xu, Ur, Xu, Ur, Xu, Xu, Uu, Xu, Xu, Xu, Uu, Xu, Uu, Xu, Xu, Xu, Xu, Ur, Ur, Xu, Xu, Xu, Xu, Ur, Uu, Ur, Uu, Xu, Uu, Xu, Xu, Xu, Xu, Xu, Uu, Ur, Ur, Ur, Uu, Xu, Xu, Xu, Xu, Uu, Uu, Ur, Uu, Uu, Uu, Uu, Uu, Xu, Xu
Xu, Xu, Xu, Xu, Xu, Xu, Xu, Uu, Xu, Xu, Xu, Ur, Ur, Ur, Ur, Ql, Ur, Ql, Ur, Ur, Ur, Ur, Ur, Ur, Xu, Xu, Ur, Xu, Xu, Uu, Ur, Uu, Xu, Xu, Xu, Uu, Uh, Uh, Uh, Uu, Uu, Uu, Uu, Uu, Ur, Uu, Ur, Ur, Xol, Ur, Ur, Ur, Uu, Ur, Ur, Ur, Ur, Xu, Xu, Xu, Xu, Xu, Ur, Ur, Ur, Ur, Xu, Xu, Xu, Xu, Ur, Ur, Xu, Ur, Ur, Xu, Xu, Uu, Xu, Xu, Xu, Xu, Xu, Uu, Ur, Ur, Xu, Xu, Xu, Xu, Xu, Xu, Uu, Uu, Ur, Uu, Xu, Xu, Uu, Xu, Xu, Xu
Xu, Xu, Xu, Xu, Xu, Xu, Xu, Uu, Uu, Xu, Xu, Xu, Xu, Ur, Xu, Ur, Ur, Ur, Ur, Ur, Uu^Vu, Ur, Uu, Xu, Xu, Xu, Ur, Xu, Xu, Uu, Ur, Ur, Xu, Xu, Xu, Uu, Uu, Uh, Ur, Uu, Ur, Ur, Ur, Ur, Uu, Ur, Uu, Uu, Xu, Xu, Ur, Xu, Uu, Xu, Xu, Ur, Xu, Ur, Ur, Ur, Ur, Ur, Xu, Ur, Xu, Uu^Vu, Xu, Xu, Xu, Ur, Xu, Xu, Xu, Xu, Ur, Xu, Xu, Uu, Xu, Xu, Uu, Uu, Uu, Ur, Ur, Xu, Xu, Xu, Xu, Xu, Xu, Xu, Uu, Uu, Ur, Uu, Xu, Xu, Uu, Xu, Xu, Xu
Xu, Xu, Xu, Xu, Xu, Xu, Xu, Xu, Xu, Uu, Uu, Xu, Xu, Ur, Ur, Xu, Xu, Ur, Ur, Ur, Ur, Ur, Xu, Xu, Xu, Xu, Ur, Xu, Xu, Uu, Uu, Ur, Uu, Xu, Xu, Xu, Ur, Ur, Uu, Ur, Uu, Uu, Uu, Uu, Uu, Uu, Uu, Uu, Xu, Xu, Ur, Uu, Uu, Uu, Uu, Xu, Uu, Xu, Xu, Uu, Uu, Xu, Xu, Xu, Xu, Xu, Xu, Xu, Ur, Ur, Xu, Xu, Xu, Xu, Ur, Uu, Uu, Uu, Xu, Xu, Xu, Uu, Uu, Ur, Ur, Xu, Uu, Xu, Xu, Xu, Xu, Xu, Uu, Ur, Ur, Uu, Uu, Uu, Xu, Xu, Xu, Xu
Xu, Xu, Xu, Xu, Xu, Xu, Xu, Xu, Xu, Xu, Xu, Uu, Uu, Xu, Ur, Xu, Xu, Xu, Ur, Ur, Uu, Uu, Xu, Xu, Xu, Uu, Ur, Xu, Xu, Xu, Uu, Ur, Ur, Uu, Uu, Xu, Xol, Xu, Xu, Xu, Xu, Uu, Xu, Xu, Xu, Uu, Xu, Xu, Ur, Ur, Ur, Xu, Xu, Xu, Xu, Uu, Uu, Uu^Vu, Xu, Xu, Xu, Uu, Uu, Xu, Xu, Xu, Xu, Xu, Ur, Xu, Xu, Xu, Uu, Uu, Ur, Uu, Uu, Uu, Uu, Xu, Xu, Xu, Xu, Uu, Uu, Ur, Ur, Uu, Uu, Xu, Xu, Xu, Uu, Ur, Uu, Uu, Uu, Xu, Xu, Xu, Xu, Xu
Xu, Xu, Xu, Xu, Xu, Xu, Xu, Xu, Xu, Xu, Xu, Xu, Xu, Uu, Uu, Ur, Ur, Uu, Uu, Ur, Xu, Xu, Xu, Xu, Xu, Ur, Xu, Xu, Xu, Xu, Xu, Uu, Ur, Ur, Ur, Xu, Ur, Xu, Xu, Xu, Xu, Xu, Xu, Xu, Xu, Xu, Xu, Xu, Ur, Ur, Uu, Xu, Uu, Xu, Uu, Uu, Uu, Xu, Uu, Xu, Xu, Xu, Uu, Xu, Xu, Xu, Xu, Ur, Ur, Uu, Xu, Uu, Uu, Ur, Ur, Uu, Uu, Uu, Uu, Uu, Xu, Xu, Xu, Xu, Xu, Uu, Uu, Ur, Ur, Uu, Uu, Xu, Ur, Ur, Uu, Xu, Xu, Xu, Xu, Xu, Xu, Xu
Xu, Xu, Xu, Xu, Xu, Xu, Xu, Xu, Xu, Xu, Xu, Xu, Xu, Xu, Ur, Ur, Xu, Xu, Xu, Xu, Xu, Xu, Xu, Xu, Xu, Ur, Xu, Xu, Xu, Xu, Xu, Xu, Xu, Ur, Ur, Ur, Ur, Xu, Xu, Xu, Xu, Xu, Xu, Xu, Xu, Xu, Xu, Xu, Ur, Ur, Ur, Uu, Xu, Uu, Uu, Xu, Uu, Uu, Xu, Uu, Xu, Xu, Uu, Xu, Xu, Xu, Uu, Ur, Xu, Ur, Ur, Uu, Ur, Ur, Uu, Uu, Uu, Uu^Vu, Uu, Uu, Uu, Xu, Xu, Xu, Xu, Xu, Xu, Uu, Uu, Ur, Ur, Ur, Ur, Uu, Xu, Xu, Xu, Xu, Xu, Xu, Xu, Xu
Xu, Xu, Xu, Xu, Xu, Xu, Xu, Xu, Xu, Xu, Xu, Xu, Xu, Xu, Ur, Uu, Xu, Xu, Xu, Xu, Xu, Xu, Xu, Xu, Xu, Ur, Xu, Xu, Xu, Xu, Xu, Xu, Xu, Xu, Xu, Uu, Ur, Ur, Ur, Xu, Xu, Xu, Xu, Xu, Xu, Xu, Xu, Xu, Ur, Ur, Uu, Uu, Uu, Uu, Uu, Uu, Xu, Xu, Xu, Xu, Uu, Uu, Xu, Xu, Ur, Uu, Ur, Ur, Xu, Uu, Uu, Ur, Ur, Ur, Ur, Uu, Uu, Uu, Uu, Uu, Uu, Uu, Uu, Xu, Xu, Xu, Xu, Xu, Xu, Uu, Uu, Ur, Uu, Uu, Uu, Uu^Vu, Uu, Xu, Xu, Xu, Xu, Xu
Xu, Xu, Xu, Xu, Xu, Xu, Xu, Xu, Xu, Xu, Xu, Xu, Xu, Xu, Ur, Uu, Xu, Xu, Xu, Xu, Uu, Uu, Uu, Xu, Uu, Ur, Uu, Xu, Xu, Xu, Xu, Xu, Xu, Xu, Xu, Xu, Uu, Ur, Ur, Ur, Ur, Xu, Uu, Uu, Uu, Xu, Xu, Xu, Ur, Ur, Uu, Xu, Xu, Xu, Xu, Xu, Uu, Uu, Uu, Uu, Xu, Xu, Uu, Ur, Uu, Ur, Xu, Xu, Uu^Edb, Uu, Uu^Edb, Uu, Ur, Uu, Uu, Ur, Ur, Uu, Xu, Uu, Uu, Xu, Uu, Xu, Xu, Xu, Xu, Xu, Xu, Xu, Uu, Ur, Ur, Uu, Uu, Uu, Uu, Uu, Xu, Xu, Xu, Xu
Xu, Xu, Xu, Xu, Xu, Xu, Xu, Xu, Uu, Uu, Uu, Uu, Uu, Xu, Ur, Uu, Xu, Xu, Xu, Xu, Xu, Uu, Uu, Uu, Uu, Ur, Uu, Uu, Xu, Xu, Xu, Xu, Xu, Xu, Xu, Xu, Xu, Uu, Uu, Ur, Ur, Uu, Uu, Uu, Uu, Xu, Xu, Xu, Xu, Ur, Uu, Xu, Uu, Uu, Uu, Uu, Xu, Xu, Xu, Xu, Uu, Ur, Ur, Ur, Xu, Xu, Uu, Uu, Uu^Vu, Uu^Edb, Uu, Uu, Ur, Uu, Uu, Uu, Ur, Ur, Ur, Xu, Xu, Uu, Uu, Xu, Xu, Xu, Xu, Xu, Xu, Xu, Xu, Uu, Uu, Ur, Ur, Ur, Ur, Uu, Xu, Xu, Xu, Xu
Xu, Xu, Xu, Xu, Xu, Xu, Xu, Uu, Ur, Ur, Ur, Ur, Ur, Ur, Ur, Ur, Ur, Uu, Ur, Xu, Ur, Xu, Uu, Uu, Uu, Ur, Uu, Uu, Uu, Xu, Xu, Xu, Xu, Xu, Xu, Xu, Xu, Xu, Xu, Uu, Xu, Ur, Xu, Uu, Xu, Xu, Xu, Xu, Xu, Ur, Uu, Uu, Xu, Xu, Xu, Xu, Xu, Xu, Xu, Xu, Ur, Ur, Xu, Xu, Xu, Uu, Uu, Uu, Uu, Uu, Xu, Uu, Ur, Uu, Uu, Xu, Xu, Ur, Ur, Ur, Ur, Xu, Xu, Uu, Xu, Xu, Xu, Xu, Xu, Xu, Xu, Xu, Xu, Uu, Xu, Ur, Ur, Xu, Xu, Xu, Xu, Xu
Xu, Xu, Xu, Xu, Xu, Xu, Xu, Uu, Ur, Ur, Uu, Uu, Uu, Uu, Uu, Ur, Uu, Ur, Uu, Ur, Uu, Ur, Ur, Ur, Ur, Ur, Uu, Uu, Uu, Xu, Xu, Xu, Xu, Xu, Xu, Xu, Xu, Xu, Xu, Xu, Xu, Xol, Xu, Xu, Xu, Xu, Xu, Xu, Xu, Ur, Ur, Xu, Xu, Xu, Uu, Uu, Uu, Uu, Uu, Uu, Ur, Uu, Uu, Uu, Uu, Xu, Uu, Xu, Uu, Uu, Uu, Uu, Ur, Uu, Uu, Uu, Uu, Uu, Xu, Ur, Ur, Uu, Uu, Uu, Xu, Xu, Xu, Xu, Xu, Xu, Xu, Xu, Xu, Xu, Xu, Xu, Xol, Xu, Xu, Xu, Xu, Xu
Xu, Xu, Xu, Xu, Xu, Xu, Xu, Xu, Xol, Xu, Xu, Xu, Xu, Uu, Xu, Uu, Xu, Uu, Xu, Uu, Uu, Uu, Uu, Uu, Uu, Ur, Ur, Ur, Ur, Xu, Ur, Xu, Ur, Xu, Xu, Xu, Xu, Xu, Ur, Xu, Ur, Ur, Ur, Xu, Ur, Xu, Ur, Xu, Ur, Xu, Ur, Xu, Ur, Uu, Ur, Ur, Ur, Uu, Ur, Xu, Ur, Xu, Ur, Xu, Uu, Uu, Uu, Uu, Xu, Uu, Uu, Xu, Ur, Xu, Uu, Uu, Uu, Uu, Uu, Xu, Ur, Ur, Xu, Xu, Uu, Xu, Xu, Xu, Uu, Xu, Xu, Xu, Xu, Xu, Xu, Xu, Ur, Xu, Xu, Xu, Xu, Xu
Xu, Xu, Xu, Xu, Xu, Xu, Xu, Xu, Ur, Xu, Xu, Xu, Xu, Xu, Xu, Xu, Xu, Xu, Xu, Xu, Xu, Xu, Xu, Uu, Uu, Uu, Ur, Ur, Uu, Ur, Xu, Ur, Uu, Ur, Ur, Ur, Ur, Ur, Uu, Ur, Xu, Uu, Xu, Ur, Xu, Ur, Xu, Ur, Xu, Ur, Ur, Ur, Uu, Ur, Uu, Ur, Uu, Ur, Uu, Ur, Uu, Ur, Ur, Ur, Ur, Ur, Ur, Ur, Ur, Ur, Ur, Ur, Ur, Uu, Uu, Uu, Ur, Ur, Ur, Ur, Ur, Ur, Ur, Uu, Ur, Uu, Ur, Uu, Ur, Uu, Ur, Uu, Uu, Uu, Ur, Ur, Ur, Uu, Xu, Xu, Xu, Xu
Xu, Xu, Xu, Xu, Uu, Uu, Uu^Edb, Uu, Ur, Uu, Xu, Xu, Xu, Xu, Xu, Xu, Xu, Xu, Xu, Xu, Uu, Xu, Xu, Xu, Xu, Uu, Uu, Ur, Uu, Uu, Xu, Xu, Xu, Xu, Xu, Xu, Xu, Xu, Xu, Xu, Xu, Xu, Xu, Xu, Xu, Xu, Xu, Xu, Xu, Xu, Ur, Uu, Uu, Xu, Xu, Xu, Xu, Xu, Xu, Xu, Xu, Uu, Xu, Uu, Xu, Uu, Xu, Uu, Xu, Uu, Xu, Ur, Xu, Uu, Xu, Ur, Xu, Uu, Xu, Uu, Xu, Ur, Xu, Ur, Ur, Ur, Xu, Ur, Xu, Ur, Xu, Ur, Ur, Ur, Xu, Ur, Xu, Xu, Xu, Xu, Xu, Xu
Xu, Xu, Xu, Xu, Uu, Uu^Edb, Uu^Edb, Uu, Ur, Uu, Uu, Uu, Uu, Xu, Xu, Xu, Uu, Uu, Uu, Uu, Uu, Uu, Uu, Xu, Xu, Uu, Uu, Ur, Uu, Uu, Xu, Xu, Uu, Xu, Uu, Xu, Xu, Xu, Xu, Xu, Ur, Xu, Ur, Xu, Ur, Xu, Ur, Xu, Xu, Xu, Ur, Uu, Xu, Xu, Xu, Xu, Xu, Xu, Xu, Xu, Xu, Xu, Xu, Xu, Xu, Xu, Xu, Xu, Xu, Xu, Xu, Xol, Xu, Xu, Xu, Xol, Xu, Xu, Xu, Xu, Xu, Xu, Xu, Xu, Xu, Xu, Xu, Xu, Xu, Xu, Xu, Xu, Xol, Xu, Xu, Xu, Xu, Xu, Xu, Xu, Xu, Xu
Xu, Xu, Xu, Xu, Uu, Uu^Edb, Uu^Edb, Uu, Ur, Uu, Ur, Uu, Uu, Xu, Xol, Xu, Uu, Uu, Uu, Uu, Uu^Vu, Uu, Uu, Xu, Xu, Xu, Uu, Ur, Uu, Xu, Xu, Uu, Uu, Ur, Uu^Vu, Uu, Uu, Xu, Xu, Ur, Ur, Ur, Ur, Ur, Ur, Ur, Ur, Xu, Xu, Xu, Ur, Uu, Xu, Xu, Uu, Uu, Uu, Xu, Uu, Xu, Uu, Xu, Uu, Xu, Xu, Xu, Xu, Xu, Xu, Xu, Uu, Ur, Uu, Xu, Xu, Ur, Ur, Xu, Xu, Xu, Xu, Xu, Xu, Xu, Xu, Xu, Xu, Xu, Xu, Xu, Xu, Xu, Uu, Xu, Uu, Xu, Xu, Xu, Xu, Xu, Xu, Xu
Xu, Xu, Xu, Xu, Xu, Uu^Edb, Uu, Uu, Ur, Ur, Uu, Ur, Ur, Ur, Xu, Ur, Ur, Uu, Uu, Uu, Uu, Uu, Uu, Xu, Xu, Xu, Uu, Ur, Ur, Xu, Xu, Uu, Uu, Ur, Uu, Uu, Uu, Xu, Ur, Ur, Ur, Ur, Ur, Ur, Ur, Ur, Ur, Ur, Xu, Xu, Ur, Uu, Xu, Xu, Xu, Uu, Uu, Uu, Uu, Uu, Uu, Uu, Uu, Uu, Uu, Xu, Xu, Xu, Xu, Xu, Uu, Ur, Uu, Xu, Xu, Uu, Ur, Xu, Uu, Uu, Uu, Xu, Uu, Uu, Uu, Uu, Uu, Uu, Wwg, Uu, Wwg, Uu, Uu, Uu, Uu, Uu, Uu, Xu, Xu, Xu, Xu, Xu
Xu, Xu, Xu, Xu, Xu, Xu, Xu, Uu, Ur, Uu, Uu, Uu, Xu, Xu, Xu, Xu, Xu, Ur, Ur, Uu, Uu, Uu, Uu, Xu, Xu, Xu, Uu, Ur, Uu, Xu, Xu, Uu, Uu, Ur, Ur, Ur, Ur, Ur, Xu, Ur, Ur, Ur, Ur, Ur, Ur, Ur, Ur, Ur, Xu, Xu, Ur, Uu, Xu, Xu, Xu, Uu, Uu, Uu, Ur, Uu, Ur, Uu, Uu, Uu, Uu, Xu, Ur, Xu, Xol, Uu, Uu, Ur, Uu, Xu, Xu, Uu, Uu, Ur, Uu, Uu, Uu, Ur, Wwg, Wwg, Wwg, Wwg, Wwg, Wwg, Ur, Wwg, Ur, Wwg, Wwg, Wwg, Wwg, Uu, Uu, Uu, Xu, Xu, Xu, Xu
Xu, Xu, Xu, Xu, Xu, Xu, Xu, Uu, Ur, Ur, Xu, Xu, Xu, Xu, Xu, Xu, Xu, Xu, Xol, Xu, Xu, Xu, Xu, Xu, Xu, Xu, Uu, Ur, Uu, Xu, Xu, Uu, Uu, Ur, Uu, Uu, Uu, Xu, Xu, Ur, Ur, Ur, Ur, Ur, Ur, Ur, Ur, Ur, Xu, Xu, Ur, Uu, Xu, Xu, Xu, Xu, Ur, Ur, Uu, Ur, Uu, Ur, Ur, Ur, Ur, Ur, Uu, Ur, Xu, Xu, Uu, Ur, Uu, Xu, Xu, Xu, Uu, Ur, Ur, Uu, Uu, Uu, Wwg, Wwg, Uu, Ur, Wwg, Ur, Wwg, Ur, Wwg, Wwg, Wwg, Uu, Ur, Wwg, Wwg, Uu, Uu, Xu, Xu, Xu
Xu, Xu, Xu, Xu, Xu, Xu, Xu, Xu, Xol, Xu, Xu, Xu, Xu, Xu, Xu, Xu, Uu, Xu, Ur, Xu, Xu, Xu, Xu, Xu, Xu, Xu, Uu, Ur, Uu, Xu, Xu, Xu, Xu, Ur, Xu, Xu, Xu, Xu, Xu, Xu, Xu, Ur, Ur, Ur, Ur, Ur, Ur, Ur, Xu, Xu, Ur, Uu, Xu, Xu, Xu, Xu, Xol, Xu, Uu, Uu, Uu, Uu, Uu, Uu, Xu, Xu, Xu, Xu, Xu, Xu, Uu, Ur, Uu, Xu, Xu, Xu, Uu, Uu, Uh, Ur, Ur, Uu, Uu, Wwg, Wwg, Wwg, Wwg, Wwf, Uu, Uu, Wwg, Wog, Wog, Wwg, Wwg, Ur, Wwg, Wwg, Ur, Xu, Xu, Xu
Xu, Xu, Xu, Xu, Xu, Xu, Uu, Xu, Ur, Xu, Xu, Xu, Xu, Xu, Xu, Xu, Uu, Uu, Ur, Uu, Uu, Xu, Xu, Xu, Ur, Ur, Ur, Ur, Ur, Xu, Xu, Xu, Xu, Xol, Xu, Xu, Xu, Xu, Xu, Xu, Xu, Xu, Xu, Xu, Xu, Ur, Xu, Xu, Xu, Xu, Ur, Ur, Xol, Xu, Xu, Xu, Ur, Xu, Xu, Xu, Xu, Xu, Xu, Xu, Xu, Xu, Xu, Xu, Xu, Xu, Uu, Ur, Uu, Xu, Xu, Xu, Uu, Uu, Uh, Uu, Ur, Uu, Uu, Wwg, Wwg, Wwg, Wwg, Wwf, Uu, Wwg, Uu, Wwg, Wwg, Wog, Wog, Wwg, Wwg, Wwg, Wwg, Ur, Xu, Xu
Xu, Xu, Xu, Xu, Uu, Uu, Uu, Uu, Ur, Uu, Uu, Xu, Xu, Xu, Xu, Xu, Uu, Uu, Ur, Uu, Uu, Uu, Xu, Xu, Uu^Vu, Uu, Uu, Ur, Uu, Xu, Xu, Uu, Uu, Ur, Uu, Uu, Uu, Xu, Xu, Xu, Xu, Xu, Xu, Xu, Xu, Xu, Xu, Xu, Xu, Xu, Ur, Xu, Xu, Ur, Ur, Xu, Ur, Xu, Xu, Xu, Xu, Xu, Xu, Xu, Uu, Xu, Xu, Xu, Xu, Xu, Uu, Ur, Uu, Xu, Xu, Xu, Xu, Uu, Uu, Uh, Uu, Ur, Ur, Uu, Wwg, Wwg, Uu^Vu, Uu, Uu, Uu, Wwf, Uu, Uu^Vu, Wwg, Wog, Wog, Wwg, Uu, Wwg, Uu, Xu, Xu
Xu, Xu, Xu, Xu, Xu, Uu, Uu, Uu, Ur, Uu, Uu, Uu, Xu, Xu, Xu, Xu, Uu^Vu, Uu, Ur, Ur, Uu, Uu, Uu, Xu, Xu, Uu, Uu, Ur, Uu, Xu, Xu, Uu, Uu, Ur, Uu, Uu, Uu, Xu, Uu, Uu, Ur, Ur, Ur, Xu, Xu, Xu, Xu, Xu, Xu, Xu, Xos, Xu, Xu, Xu, Uu, Ur, Ur, Xu, Xu, Xu, Uu, Uu, Uu, Uu, Uu, Uu, Uu, Xu, Xu, Xu, Uu, Ur, Uu, Xu, Xu, Xu, Xu, Uu, Uu, Uh, Uh, Uu, Uu, Wwf, Wwf, Wwf, Wwg, Wog, Wog, Wwf, Uu, Uu, Wwg, Wwg, Wog, Wog, Wwg, Uu, Wwg, Wwg, Xu, Xu
Xu, Xu, Xu, Xu, Xu, Uu, Uu, Uu, Ur, Uu, Uu^Vu, Uu, Uu, Xu, Xu, Xu, Ur, Uu, Ur, Ur, Uu, Uu, Uu, Xu, Xu, Uu, Uu, Ur, Uu, Xu, Xu, Uu, Uu, Ur, Uu, Uu, Uu, Xu, Xol, Uu, Ur, Ur, Ur, Ur, Ur, Xu, Xu, Xu, Uu, Rr, Ur, Rr, Uu, Xu, Xu, Uu, Ur, Ur, Ur, Uu, Ur, Uu, Uu, Uu, Uu, Uu, Uu, Xu, Xu, Xu, Uu, Ur, Uu, Xu, Xu, Xu, Xu, Xu, Uu, Uu, Uu, Uh, Uu, Uu, Wwg, Wwg, Wwg, Wwg, Wwg, Wwf, Wwg, Wwg, Wwg, Wwg, Wwg, Wwg, Uu, Uu, Wwg, Uu, Xu, Xu
Xu, Xu, Xu, Xu, Xu, Xu, Uu, Uu, Ur, Uu, Uu, Uu, Uu, Xu, Xu, Xu, Uu, Ur, Uu, Ur, Uu, Uu, Uu, Xu, Xu, Xu, Uu, Ur, Uu, Xu, Xu, Uu, Uu, Ur, Uu, Uu, Ur, Xu, Ur, Xu, Ur, Ur, Ur, Ur, Ur, Xu, Xu, Xu, Uu, Rr, Ur, Rr, Uu, Xu, Xu, Uu, Uu, Ur, Ur, Ur, Uu, Ur, Ur, Uu, Uu, Uu, Uu, Uu, Xu, Xu, Xu, Ur, Ur, Uu, Ur, Xu, Xu, Xu, Xu, Uu, Uu, Uh, Uh, Uu, Uu, Wwg, Wwg, Wwg, Wwg, Wwf, Wwg, Wwg, Uu, Wwg, Uu, Wwg, Wwg, Wwg, Uu, Xu, Xu, Xu
Xu, Xu, Xu, Xu, Xu, Xu, Xu, Uu, Ur, Uu, Uu, Uu, Uu, Xu, Xu, Xu, Uu, Uu, Ur, Ur, Uu, Uu, Uu, Xu, Xu, Xu, Xu, Ur, Uu, Xu, Xu, Uu, Uu, Ur, Ur, Ur, Ur, Ur, Xu, Xu, Ur, Ur, Ur, Ur, Ur, Ur, Xu, Xu, Uu, Rr, Ur, Rr, Uu, Xu, Xu, Xu, Uu, Uu, Uu, Ur, Ur, Uu, Uu, Ur, Ur, Uu, Uu, Uu, Xu, Xu, Xu, Uu, Ur, Ur, Ur, Ur, Xu, Xu, Xu, Xu, Xu, Uu, Uh, Uu, Uu, Uu, Uu, Uu, Uu, Uu, Uu, Uu, Uu, Uu, Xu, Uu, Xu, Uu, Xu, Xu, Xu, Xu
Xu, Xu, Xu, Xu, Xu, Xu, Xu, Xu, Xol, Xu, Xu, Xu, Xu, Xu, Xu, Xu, Xu, Uu, Xu, Ur, Xu, Uu, Xu, Xu, Xu, Xu, Xu, Ur, Uu, Xu, Xu, Uu, Uu, Ur, Ur, Ur, Xu, Xu, Xu, Ur, Ur, Ur, Ur, Ur, Ur, Ur, Xu, Xu, Uu, Rr, Ur, Rr, Uu, Xu, Xu, Xu, Xu, Uu, Uu, Ur, Ur, Ur, Ur, Uu, Uu, Ur, Uu, Uu, Xu, Xu, Xu, Ur, Uu, Xu, Xu, Ur, Ur, Xu, Xu, Xu, Xu, Uu, Uu, Uu, Uu, Uu, Xu, Uu, Xu, Uu, Xu, Uu, Xu, Xu, Xu, Xu, Xu, Xu, Xu, Xu, Xu, Xu
Xu, Xu, Xu, Xu, Xu, Xu, Uu, Xu, Ur, Xu, Xu, Xu, Xu, Xu, Xu, Xu, Xu, Xu, Xu, Xol, Xu, Xu, Xu, Xu, Xu, Xu, Xu, Ur, Uu, Xu, Xu, Xu, Xu, Ur, Xu, Xu, Xu, Xu, Xu, Ur, Ur, Ur, Ur, Ur, Ur, Ur, Xu, Xu, Uu, Rr, Ur, Rr, Uu, Xu, Xu, Xu, Uu, Uu, Uu, Uu, Ur, Ur, Ur, Ur, Ur, Ur, Uu, Uu, Xu, Xu, Xu, Ur, Uu, Xu, Xu, Xu, Xu, Ur, Uu, Xu, Xu, Uu, Xu, Uu, Xu, Uu, Uu, Xu, Xu, Xu, Xu, Xu, Uu, Uu, Ur, Ur, Ur, Ur, Ur, Xu, Uu, Xu
Xu, Xu, Xu, Xu, Uu, Uu^Vu, Ur, Ur, Uu, Uu, Uu, Xu, Xu, Xu, Xu, Xu, Uu, Xu, Uu, Ur, Ur, Xu, Xu, Xu, Uu, Uu, Uu, Ur, Uu, Xu, Xu, Xu, Xu, Xol, Xu, Xu, Xu, Xu, Xu, Ur, Ur, Ur, Ur, Ur, Ur, Ur, Xu, Xu, Uu, Rr, Ur, Rr, Uu, Xu, Xu, Xu, Uu, Uu, Uu, Uu, Ur, Uu, Uu, Ur, Uu, Uu, Uu, Uu, Xu, Xu, Xu, Ur, Uu, Xu, Xu, Xu, Xu, Ur, Ur, Xu, Uu, Xu, Xu, Xol, Xu, Xu, Xu, Xu, Uu, Uu, Ur, Ur, Ur, Ur, Xu, Xu, Xu, Xu, Xu, Ur, Ur, Xu
Xu, Xu, Xu, Xu, Uu, Ur, Uu, Uu, Uu, Uu^Vu, Uu, Xu, Xu, Xu, Xu, Xu, Uu, Uu, Uu^Vu, Ur, Ur, Uu, Xu, Xu, Uu, Uu^Vu, Uu, Ur, Ur, Xu, Xu, Xu, Ur, Ur, Uu, Xu, Xu, Xu, Xu, Ur, Ur, Ur, Ur, Ur, Ur, Ur, Xu, Xu, Xu, Rr, Ur, Rr, Xu, Xu, Xu, Xu, Uu, Uu, Ur, Ur, Uu, Uu, Uu, Uu, Uu, Uu, Uu, Uu, Xu, Xu, Xu, Ur, Uu, Xu, Xu, Xu, Xu, Xu, Xu, Ur, Ur, Uu, Uu, Uu, Ur, Ur, Ur, Ur, Ur, Ur, Xu, Ur, Xu, Xu, Xu, Xu, Xu, Xu, Xu, Xu, Ur, Xu
Xu, Xu, Xu, Xu, Xu, Uu, Xu, Uu, Xu, Uu, Xu, Xu, Xu, Xu, Xu, Xu, Xu, Uu, Uu, Uu, Uu, Uu, Xu, Xu, Uu, Uu, Uu, Ur, Uu, Xu, Xu, Xu, Ur, Ur, Xu, Xu, Xu, Xu, Xu, Xu, Xu, Ur, Ur, Ur, Ur, Ur, Ur, Xu, Xu, Xu, Xu, Xu, Xu, Xu, Xu, Uu, Ur, Ur, Uu, Xu, Uu, Uu, Uu, Uu, Uu, Uu, Uu, Uu, Uu, Xu, Xu, Ur, Ur, Ur, Ur, Ur, Ur, Ur, Ur, Ur, Ur, Ur, Xu, Ur, Ur, Xu, Xu, Xu, Xu, Xu, Xu, Xu, Xu, Xu, Ur, Xu, Ur, Xu, Ur, Ur, Ur, Xu
Xu, Xu, Xu, Xu, Xu, Xu, Xu, Xu, Xu, Xu, Xu, Xu, Xu, Xu, Xu, Xu, Xu, Xu, Xu, Xu, Xu, Xu, Xu, Xu, Uu, Uu, Uu, Ur, Ur, Ur, Ur, Ur, Xu, Xu, Xu, Xu, Xu, Xu, Uu, Xu, Xu, Xu, Xu, Ur, Ur, Ur, Xu, Xu, Xu, Xu, Xu, Xu, Xu, Xu, Xu, Ur, Uu, Uu, Xu, Uu, Xu, Uu, Xu, Uu, Uu, Uu, Uu, Uu, Uu, Xu, Xu, Uu, Ur, Ur, Xu, Uu, Xu, Uu, Xu, Uu, Xu, Ur, Uu, Ur, Ur, Uu, Ur, Uu, Ur, Uu, Ur, Ur, Ur, Ur, Xu, Ur, Ur, Ur, Ur, Ur, Xu, Xu
Xu, Xu, Xu, Xu, Xu, Xu, Xu, Xu, Xu, Xu, Xu, Xu, Xu, Xu, Xu, Xu, Xu, Xu, Xu, Xu, Xu, Xu, Xu, Xu, Uu, Uu, Uu, Ur, Ur, Ur, Xu, Xu, Xu, Xu, Xu, Xu, Uu, Uu, Uu, Uu, Uu, Xu, Xu, Xu, Xu, Xu, Xu, Xu, Rr, Rr, Rr, Rr, Rr, Xu, Xu, Xu, Xu, Xu, Xu, Xu, Xu, Xu, Xu, Xu, Xu, Uu, Uu, Uu, Uu, Xu, Xu, Xu, Ur, Uu, Xu, Xu, Xu, Xu, Xu, Xu, Xu, Xu, Xu, Xu, Ur, Ur, Uu, Ur, Xu, Ur, Xu, Uu, Xu, Uu, Uu, Uu, Xu, Ur, Ur, Xu, Xu, Xu
Xu, Xu, Xu, Xu, Xu, Xu, Xu, Xu, Uu, Xu, Uu, Xu, Xu, Xu, Xu, Xu, Xu, Xu, Xu, Xu, Xu, Xu, Xu, Xu, Xu, Uu, Uu, Ur, Uu, Xu, Xu, Xu, Xu, Xu, Uu, Uu, Rr, Rr, Ur, Rr, Rr, Rr, Rr, Xu, Xu, Xu, Xu, Rr, Rr, Rr, Rr, Rr, Rr, Rr, Xu, Xu, Xu, Xu, Xu, Xu, Uu, Xu, Uu, Xu, Xu, Xu, Xu, Xu, Xu, Xu, Xu, Uu, Ur, Uu, Uu, Uu, Uu, Xu, Uu, Xu, Uu, Xu, Uu, Xu, Ur, Uu, Xu, Xu, Xu, Xu, Xu, Xu, Xu, Xu, Xu, Xu, Xu, Ur, Ur, Xu, Xu, Xu
Xu, Xu, Xu, Xu, Uu, Xu, Uu, Uu, Uu, Uu, Uu, Uu, Uu, Uu, Uu, Uu, Uu, Xu, Uu, Xu, Uu, Xu, Uu, Xu, Uu, Xu, Uu, Ur, Uu, Xu, Xu, Xu, Xu, Uu, Uu, Uu, Rr, Rr, Ur, Ur, Ur, Ur, Ur, Xu, Xu, Xu, Rr, Rr, Rr, Rr, Rr, Rr, Rr, Rr, Rr, Xu, Xu, Xu, Xu, Uu, Rr, Uu, Uu, Uu, Uu, Xu, Xu, Xu, Xu, Xu, Xu, Uu, Ur, Ur, Ur, Ur, Ur, Ur, Ur, Uu, Ur, Uu, Ur, Ur, Ur, Uu, Ur, Ur, Ur, Uu, Ur, Xu, Ur, Xu, Ur, Xu, Ur, Xu, Ur, Xu, Xu, Xu
Xu, Xu, Xu, Xu, Uu, Uu, Ur, Ur, Ur, Ur, Ur, Ur, Ur, Ur, Ur, Ur, Ur, Ur, Ur, Uu, Ur, Uu, Ur, Uu, Ur, Ur, Ur, Ur, Uu, Xu, Xu, Xu, Xu, Xu, Xu, Uu, Uu, Rr, Ur, Rr, Uu, Rr, Xu, Xu, Xu, Rr, Rr, Rr, Rr, Rr, 2 Rr, Rr, Rr, Rr, Rr, Rr, Xu, Xu, Ur, Rr, Ur, Rr, Ur, Uu, Uu, Uu, Xu, Xu, Xu, Xu, Xu, Uu, Ur, Uu, Xu, Uu, Xu, Uu, Xu, Ur, Uu, Ur, Xu, Ur, Xu, Ur, Xu, Ur, Xu, Ur, Xu, Ur, Uu, Ur, Uu, Ur, Ur, Ur, Xu, Xu, Xu, Xu
Xu, Xu, Xu, Uu, Uu, Uu, Ur, Uu, Xu, Uu, Xu, Uu, Uu^Em, Uu, Uu, Uu^Vu, Uu, Uu, Uu, Ur, Uu, Ur, Uu, Ur, Uu, Ur^Es, Uu, Ur, Ur, Uu, Uu, Xu, Xu, Xu, Xu, Xu, Xu, Uu, Ur, Uu, Xu, Xu, Xu, Xu, Xu, Xu, Rr, Rr, Rr, Rr, Rr, Rr, Rr, Rr, Rr, Rr, Xu, Xu, Uu, Ur, Rr, Ur, Ur, Rr, Uu, Uu, Xu, Xu, Xu, Xu, Xu, Uu, Ur, Xu, Xu, Xu, Xu, Xu, Xu, Xu, Xu, Xu, Xu, Xu, Xu, Xu, Xu, Xu, Uu, Xu, Uu, Xu, Xu, Xu, Xu, Xu, Xol, Xu, Xu, Xu, Xu, Xu
Xu, Xu, Xu, Uu, Ur, Ur, Uu, Uu, Xu, Xu, Xu, Xu, Xu, Xu, Xu, Uu, Xu, Uu, Uu, Uu, Xu, Uu, Xu, Uu, Uu, Uu, Xu, Uu, Uu^Es, Ur, Ur, Uu, Uu, Xu, Xu, Xu, Xu, Xu, Xos, Xu, Xu, Xu, Uu, Xu, Xu, Xu, Xu, Rr, Rr, Rr, Rr, Rr, Rr, Rr, Rr, Xu, Xu, Xu, Xu, Uu, Uu, Rr, Uu, Ur, Uu, Uu, Xu, Xu, Xu, Xu, Xu, Uu, Ur, Xu, Xu, Xu, Uu, Uu, Uu, Xu, Uu, Uu, Uu, Uu, Uu, Xu, Xu, Xu, Uu, Uu^Vu, Ur, Uu, Ur, Uu, Uu, Xu, Ur, Xu, Uu, Xu, Xu, Xu
Xu, Xu, Xu, Xu, Ur, Ur, Uu, Uu, Xu, Xu, Xu, Xu, Uu, Xu, Uu, Xu, Xu, Xu, Xu, Xu, Xu, Xu, Xu, Xu, Xu, Xu, Xu, Xu, Xu, Uu^Es, Uu^Es, Ur, Ur, Uu, Uu, Xu, Xu, Xu, Ur, Xu, Xu, Uu, Uu, Xu, Xu, Xu, Xu, Rr, Rr, Rr, Rr, Rr, Rr, Rr, Xu, Xu, Xu, Xu, Xu, Xu, Xu, Uu, Xu, Ur, Xu, Uu, Xu, Xu, Xu, Xu, Xu, Ur, Uu, Xu, Xu, Xu, Uu, Uh, Uh, Uu, Uh, Uu^Vu, Uu, Xu, Xu, Uu, Xu, Xu, Ur, Ur, Uu, Ur, Uu, Ur, Ur, Ur, Ur, Uu, Uu, Xu, Xu, Xu
Xu, Xu, Xu, Xu, Xol, Xu, Uu, Uu, Xu, Xu, Xu, Xu, Xu, Uu, Uu^Es, Uu, Uu, Uu, Uu, Xu, Uu, Xu, Uu^Es, Xu, Xu, Xu, Xu, Xu, Xu, Xu, Xu, Uu^Es, Uu, Ur, Ur, Uu, Ur, Xu, Ur, Xu, Xu, Uu, Uu, Ur, Uu, Xu, Xu, Xu, Xu, Rr, Xu, Rr, Xu, Xu, Xu, Xu, Uu, Uu, Uu, Xu, Xu, Xu, Xu, Xos, Xu, Xu, Xu, Xu, Xu, Xu, Xu, Ur, Uu, Xu, Xu, Xu, Uu, Uh, Uh, Uh, Uu, Uu, Xu, Xu, Xu, Xu, Xu, Xu, Xol, Xu, Xu, Uu, Xu, Uu, Xu, Ur, Xu, Uu, Xu, Xu, Xu, Xu
Xu, Xu, Uu, Xu, Ur, Xu, Xu, Uu, Xu, Xu, Xu, Xu, Uu, Uu, Uu^Es, Uu^Vu, Ur, Ur, Ur, Ur, Ur, Uu, Uu, Uu, Xu, Xu, Xu, Xu, Xu, Xu, Xu, Xu, Xu, Uu, Uu, Ur, Ur, Ur, Uu, Xu, Xu, Uu, Uu, Ur, Uu, Xu, Xu, Xu, Xu, Xu, Xu, Xu, Xu, Xu, Xu, Ur, Ur, Uu, Uu, Uu, Xu, Xu, Xu, Ur, Xu, Xu, Xu, Xu, Xu, Xu, Ur, Ur, Uu, Xu, Xu, Xu, Uu, Uh, Uh, Uh, Uu, Uu, Uu, Xu, Xu, Xu, Xu, Xu, Ur, Xu, Xu, Xu, Xu, Xu, Xu, Xol, Xu, Xu, Xu, Xu, Xu, Xu
Xu, Xu, Uu, Uu, Ur, Uu, Uu, Xu, Xu, Xu, Xu, Xu, Uu, Uu^Es, Uu^Es, Uu, Ur, Ur, Uu, Uu, Xu, Ur, Xu, Xu, Xu, Xu, Xu, Xu, Xu, Xu, Uu, Xu, Xu, Xu, Xu, Xu, Xol, Xu, Xu, Xu, Xu, Uu, Ur, Ur, Uu, Uu, Xu, Xu, Xu, Xu, Ur, Xu, Xu, Xu, Xu, Uu, Ur, Uh, Uh, Uu, Xu, Xu, Xu, Ur, Xu, Xu, Xu, Xu, Xu, Xu, Ur, Ur, Uu, Xu, Xu, Xu, Uu, Uu, Uu, Uh, Uu, Uu, Xu, Xu, Xu, Xu, Uu, Uu, Ur, Xu, Xu, Xu, Xu, Xu, Uu, Ur, Xu, Xu, Xu, Xu, Xu, Xu
Xu, Xu, Uu, Ur, Ur, Uu, Uu, Xu, Xu, Xu, Uu, Uu, Uu, Uu^Es, Uu, Ur, Uu, Uu, Uu, Uu, Xu, Xol, Xu, Xu, Xu, Xu, Xu, Xu, Uu, Uu, Uu, Uu, Uu, Xu, Uu, Xu, Ur, Xu, Xu, Xu, Xu, Uu, Ur, Ur, Uu, Uu, Xu, Xu, Uu, Rr, Ur, Rr, Uu, Xu, Xu, Uu, Uu, Ur, Uu, Uh, Xu, Xu, Xu, Ur, Ur, Uu, Uu, Uu, Ur, Ur, Uu, Uu, Xu, Xu, Xu, Xu, Uu, Uu, Uu, Uu, Ur, Ur, Ur, Ur, Ur, Ur, Ur, Ur, Xu, Xu, Xu, Xu, Uu, Uu, Ur, Ur, Uu, Uu, Uu^Em, Xu, Xu, Xu
Xu, Xu, Uu, Ur, Uu, Uu, Uu, Xu, Xu, Xu, Uu, Uu, Uu, Uu, Uu, Ur, Uu, Uu, Xu, Xu, Uu, Ur, Ur, Xu, Xu, Xu, Xu, Xu, Xu, Uu, Ur, Ur, Ur, Ur, Ur, Ur, Uu, Uu, Uu, Xu, Xu, Uu, Ur, Ur, Uu, Uu, Xu, Xu, Uu, Rr, Ur, Rr, Uu, Xu, Xu, Uu, Uu, Ur, Ur, Uu, Uu, Xu, Xu, Ur, Ur, Ur, Ur, Ur, Uu, Uu, Xu, Xu, Xu, Xu, Uu, Uu, Uu, Uu, Ur, Ur, Xu, Xu, Xu, Xu, Xu, Xu, Xu, Xu, Xu, Xu, Xu, Xu, Uu, Uu, Ur, Uu, Uu, Uu^Vu, Uu, Uu, Xu, Xu
Xu, Xu, Uu, Ur, Uu, Uu, Uu, Xu, Xu, Xu, Xu, Uu, Uu, Uu, Ur, Ur, Uu, Uu, Xu, Xu, Xu, Uu, Ur, Xu, Uu, Xu, Uu, Xu, Xu, Xu, Xol, Xu, Xu, Ur, Uu, Uu, Uu, Uu, Xu, Xu, Xu, Uu, Uu, Ur, Uu, Xu, Xu, Xu, Uu, Rr, Ur, Rr, Uu, Xu, Xu, Uu, Uu, Uu, Ur, Uu, Uu, Xu, Xu, Xu, Xu, Uu, Uu, Uu, Xu, Xu, Xu, Xu, Ur, Uu, Ur, Uu, Ur, Ur, Uu, Uu, Xu, Xu, Xu, Xu, Xu, Xu, Ur, Xu, Xu, Xu, Xu, Uu, Uu, Ur, Uu, Uu, Uu, Uu^Em, Uu, Xu, Xu, Xu
Xu, Xu, Uu, Ur, Uu, Uu, Uu, Xu, Xu, Xu, Uu, Uu, Uu, Uu, Ur, Uu, Xu, Xu, Xu, Xu, Xu, Uu, Uu, Ur, Ur, Uu, Uu, Uu, Ur, Xu, Ur, Xu, Xu, Ur, Uu, Uu, Uu, Uu, Uu, Xu, Xu, Uu, Uu, Ur, Xu, Xu, Xu, Xu, Uu, Uu, Ur, Uu, Uu, Xu, Xu, Xu, Uu, Uu, Ur, Uu, Xu, Xu, Xu, Xu, Xu, Xu, Xu, Xu, Xu, Xu, Xu, Uu, Ur, Ur, Xu, Ur, Ur, Uu, Uu, Xu, Xu, Xu, Xu, Uu, Uu^Vu, Uu, Ur, Uu, Xu, Xu, Xu, Uu, Ur, Ur, Uu, Uu, Xu, Uu, Xu, Xu, Xu, Xu
Xu, Xu, Xu, Ur, Xu, Uu, Xu, Xu, Xu, Xu, Xu, Xu, Xu, Xu, Xol, Xu, Xu, Xu, Xu, Xu, Xu, Uu, Uu, Uu, Ur, Uu, Ur, Ur, Uu, Ur, Uu, Xu, Xu, Ur, Uu, Uu, Uu, Uu, Xu, Xu, Xu, Xu, Uu, Ur, Uu, Xu, Xu, Xu, Uu, Uu, Ur, Ur, Uu, Xu, Xu, Xu, Xu, Xuc, Xol, Xu, Xu, Xu, Xu, Xu, Xu, Xu, Xu, Xu, Xu, Xu, Xu, Xu, Xol, Xu, Xu, Xu, Xu, Ur, Xu, Xu, Xu, Xu, Uu, Uu, Uu, Uu, Ur, Uu, Xu, Xu, Xu, Xu, Ur, Uu, Xu, Uu, Xu, Xu, Xu, Xu, Xu, Xu
Xu, Xu, Xu, Xol, Xu, Uu, Xu, Xu, Xu, Xu, Xu, Xu, Uu, Xu, Ur, Xu, Xu, Xu, Xu, Xu, Xu, Xu, Uu, Uu^Vu, Uu, Ur, Uu, Uu, Xu, Uu, Xu, Xu, Xu, Ur, Uu, Uu, Uu, Xu, Xu, Xu, Xu, Uu, Ur, Ur, Uu, Uu, Xu, Xu, Xu, Uu, Xos, Uu, Xu, Xu, Xu, Xu, Xu, Xu, Ur, Xu, Uu, Xu, Uu, Xu, Xu, Xu, Xu, Xu, Xu, Xu, Xu, Xu, Ur, Xu, Xu, Xu, Xu, Xol, Xu, Xu, Xu, Xu, Uu, Uu, Uu, Uu, Ur, Uu, Xu, Xu, Xu, Xu, Xol, Xu, Xu, Xu, Xu, Xu, Xu, Xu, Xu, Xu
Xu, Xu, Uu, Ur, Uu, Xu, Xu, Xu, Xu, Xu, Xu, Xu, Uu, Uu, Ur, Uu, Uu, Uu, Uu, Uu, Xu, Xu, Xu, Uu, Uu, Ur, Uu, Uu, Xu, Xu, Xu, Xu, Xu, Ur, Xu, Uu, Xu, Xu, Xu, Xu, Uu, Uu, Ur, Uu, Uu, Uu, Xu, Xu, Xu, Xu, Ur, Xu, Xu, Xu, Xu, Xu, Xu, Xu, Ur, Uu, Xu, Uu, Ur, Ur, Ur, Ur, Ur, Ur, Ur, Xu, Ur, Ur, Xu, Xu, Xu, Uu, Uu, Uu, Uu, Uu, Xu, Xu, Xu, Uu, Uu, Uu, Ur, Uu, Xu, Xu, Uu, Xu, Ur, Xu, Uu, Xu, Xu, Xu, Xu, Xu, Xu, Xu
Xu, Xu, Uu, Ur, Uu, Uu, Xu, Xu, Xu, Xu, Xu, Uu, Uu, Uu, Ur, Uu, Uu, Uu, Uu, Uu, Xu, Xu, Xu, Xu, Xu, Ur, Xu, Xu, Xu, Xu, Xu, Xu, Xu, Xol, Xu, Xu, Xu, Xu, Xu, Xu, Uu, Ur, Uu, Uu, Uu, Uu, Uu, Xu, Xu, Xu, Ur, Xu, Xu, Xu, Xu, Xu, Xu, Xu, Ur, Ur, Ur, Ur, Xu, Uu, Uu, Uu, Uu, Uu, Uu, Ur, Ur, Xu, Xu, Xu, Xu, Uu, Uu, Uu^Vu, Uu, Uu, Xu, Xu, Xu, Xu, Xu, Uu, Ur, Xu, Xu, Uu, Uu^Vu, Uu, Ur, Uu, Uh, Uu, Uu, Xu, Xu, Xu, Xu, Xu
Xu, Xu, Uu, Ur, Uu, Uu, Xu, Xu, Xu, Xu, Xu, Uu, Uu, Uu, Uu, Ur, Uu, Uu, Uu, Uu, Xu, Xu, Xu, Xu, Xu, Xol, Xu, Xu, Xu, Xu, Uu, Uu^Vu, Ur, Ur, Uu, Xu, Xu, Xu, Xu, Xu, Uu, Ur, Uu, Uu, Uu, Uu, Xu, Xu, Xu, Xu, Ur, Xu, Uu, Xu, Xu, Xu, Xu, Xu, Ur, Ur, Uu, Uu, Uu, Xu, Xu, Xu, Xu, Xu, Uu, Uu, Xu, Ur, Xu, Xu, Xu, Xu, Xu, Uu, Uu, Uu, Xu, Xu, Xu, Xu, Xu, Xu, Ur, Xu, Xu, Uu, Uu, Ur, Ur, Uu, Uh, Uu, Uu, Xu, Xu, Xu, Xu, Xu
Xu, Xu, Uu, Ur, Uu, Uu, Xu, Xu, Xu, Xu, Xu, Uu, Uu, Uu, Uu, Ur, Uu, Uu, Uu, Uu, Xu, Xu, Xu, Xu, Uu^Vu, Ur, Uu, Xu, Xu, Xu, Uu, Uu, Ur, Uu, Uu, Uu, Uu, Xu, Xu, Xu, Xu, Ur, Xu, Uu, Xu, Xu, Xu, Xu, Uu, Xu, Ur, Uu, Uu, Uu, Xu, Xu, Xu, Xu, Xol, Xu, Xu, Xu, Xu, Xu, Uu, Uu, Uu, Uu, Xu, Xu, Xu, Ur, Xu, Xu, Xu, Xu, Xu, Xu, Xu, Uu, Xu, Xu, Xu, Xu, Xu, Xu, Ur, Xu, Xu, Uu, Uu, Ur, Ur, Uu, Uu, Uu, Xu, Xu, Xu, Xu, Xu, Xu
Xu, Xu, Uu, Ur, Uu, Uu, Xu, Xu, Xu, Xu, Xu, Uu, Uu, Uu, Uu, Ur, Uu, Uu, Xu, Xu, Xu, Xu, Xu, Uu, Ur, Ur, Uu, Uu, Uu, Xu, Uu, Uu^Es, Ur, Ur, Uu, Uu^Es, Uu, Xu, Xu, Xu, Xu, Xol, Xu, Xu, Xu, Xu, Xu, Uu, Uu, Uu, Ur, Ur, Uu, Uu, Xu, Xu, Xu, Xu, Ur, Xu, Xu, Xu, Xu, Uu, Uu^Vu, Uu, Xu, Xu, Xu, Xu, Xu, Ur, Xu, Xu, Xu, Xu, Xu, Xu, Xu, Uu, Xu, Xu, Xu, Xu, Xu, Xu, Ur, Xu, Xu, Xu, Xu, Uu, Ur, Uu, Uu, Uu, Xu, Xu, Xu, Xu, Xu, Xu
Xu, Xu, Xu, Ur, Uu, Uu, Xu, Xu, Xu, Xu, Xu, Xu, Xu, Uu, Uu, Ur, Uu, Uu, Xu, Xu, Xu, Xu, Ur, Ur, Uu, Uu, Uu, Uu, Uu, Xu, Uu, Uu^Es, Uu, Ur, Uu, Uu^Es, Uu, Xu, Xu, Xu, Uu, Ur, Uu, Xu, Uu, Xu, Uu, Uu, Uu, Uu, Ur, Ur, Uu, Uu, Xu, Xu, Uu^Vu, Uu, Ur, Uu, Uu, Xu, Xu, Xu, Xu, Xu, Xu, Xu, Xu, Xu, Xu, Xol, Xu, Xu, Xu, Xu, Xu, Xu, Xu, Uu, Xu, Xu, Xu, Xu, Xu, Xu, Ur, Xu, Xu, Xu, Xu, Xu, Xol, Xu, Xu, Xu, Xu, Xu, Xu, Xu, Xu, Xu
Xu, Xu, Xu, Ur, Xu, Xu, Xu, Xu, Xu, Xu, Xu, Xu, Xu, Xu, Xu, Xu, Xu, Xu, Xu, Xu, Uu, Uu, Ur, Ur, Ur, Uu, Ur, Uu, Ur, Uu, Ur, Uu^Es, Ur, Ur, Ur, Uu^Es, Uu, Uu, Uu, Uu, Ur, Ur, Ur, Uu, Ur, Uu, Ur, Ur, Ur, Ur, Uu, Xu, Xu, Xu, Uu, Uu, Uu, Uu, Ur, Uu, Uu, Uu, Uu, Xu, Xu, Xu, Uu, Uu, Uu, Uu, Uu, Ur, Ur, Uu, Uu, Uu, Uu, Xu, Xu, Xol, Xu, Xu, Xu, Xu, Xu, Xu, Xol, Xu, Xu, Xu, Uu, Xu, Ur, Xu, Xu, Xu, Xu, Xu, Xu, Xu, Xu, Xu
Xu, Xu, Xu, Xu, Xu, Xu, Xu, Xu, Xu, Xu, Uu, Xu, Xu, Xu, Xu, Xu, Xu, Xu, Xu, Xu, Ur, Ur, Uu, Uu, Uu, Ur, Uu, Ur, Uu, Ur, Uu, Ur, Uu, Ur, Ur, Ur, Ur, Ur, Ur, Ur, Ur, Ur, Uu, Ur, Uu, Ur, Uu, Uu, Ur, Uu, Uu, Xu, Xu, Xu, Uu, Uu, Ur, Ur, Uu, Ur, Ur, Ur, Ur, Ur, Ur, Uu, Ur, Uu, Ur, Ur, Ur, Ur, Uu, Ur, Ur, Ur, Ur, Ur, Ur, Ur, Ur, Ur, Ur, Uu, Ur, Xu, Ur, Xu, Ur, Ur, Ur, Ur, Uu, Uu, Uu, Xu, Xu, Xu, Xu, Xu, Xu, Xu
Xu, Xu, Xu, Xu, Xu, Xu, Xu, Xu, Xu, Xu, Uu, Uu, Ur, Ur, Ur, Uu, Ur, Xu, Ur, Ur, Uu, Uu, Xu, Uu, Xu, Uu, Xu, Uu, Xu, Uu, Xu, Uu, Uu, Uu, Uu, Uu, Uu, Uu, Uu, Uu, Uu, Uu, Uu, Uu, Uu, Uu, Uu, Uu, Ur, Ur, Ur, Uu, Ur, Ur, Ur, Ur, Uu, Uu, Uu, Uu, Uu, Uu, Uu, Uu, Uu, Ur, Uu, Ur, Uu, Uu, Uu, Uu, Uu, Uu, Uu, Uu, Uu, Uu, Uu, Uu, Uu, Uu, Uu, Ur, Uu, Ur, Uu, Ur, Uu, Uu, Ur, Uu, Ur, Uu, Uu, Uu, Uu, Uu, Uu, Xu, Xu, Xu
Xu, Xu, Xu, Xu, Xu, Xu, Xu, Xu, Xu, Uu, Uu, Ur, Uu, Ur, Xu, Ur, Uu, Ur, Ur, Uu, Xu, Xu, Xu, Xu, Xu, Xu, Xu, Xu, Xu, Xu, Xu, Xu, Xu, Xu, Xu, Xu, Xu, Xu, Xu, Xu, Xu, Xu, Xu, Uu, Xu, Uu, Xu, Uu, Xu, Ur, Uu, Ur, Uu, Ur, Uu, Uu, Xu, Uu, Xu, Uu, Xu, Uu, Uu, Uu, Uu, Uu, Uu, Uu, Uu, Uu, Uu, Uu, Uu, Uu, Uu, Uu, Uu, Uu, Uu, Uu, Uu, Uu, Uu, Uu, Uu, Uu, Uu, Uu, Uu, Uu, Uu, Ur, Uu, Ur, Ur, Ur, Ur, Uu, Uu, Uu, Xu, Xu
Xu, Xu, Xu, Xu, Xu, Xu, Xu, Xu, Uu, Uu, Ur, Ur, Uu, Xu, Xu, Xu, Uu, Uu, Ur, Uu, Xu, Xu, Xu, Xu, Xu, Xu, Xu, Xu, Xu, Xu, Uu, Xu, Uu, Xu, Xu, Xu, Xu, Xu, Xu, Xu, Xu, Xu, Xu, Xu, Xu, Xu, Xu, Xu, Xu, Xu, Xu, Xu, Xu, Xu, Xu, Xu, Xu, Xu, Xu, Xu, Xu, Xu, Xu, Xu, Xu, Xu, Xu, Xu, Xu, Xu, Xu, Xu, Xu, Xu, Xu, Xu, Xu, Uu, Xu, Uu, Uu, Uu, Uu, Uu, Uu, Uu, Uu, Uu, Xu, Uu, Xu, Uu, Xu, Uu, Uu, Ur, Ur, Uu, Uu, Uu, Xu, Xu
Xu, Xu, Uu, Xu, Uu, Xu, Xu, Xu, Uu, Uu, Ur, Uu, Uu, Uu, Xu, Xu, Uu, Ur, Uu, Uu, Xu, Xu, Xu, Xu, Uu, Uu, Uu, Uu, Uu, Uu, Uu, Uu, Uu, Uu, Uu^Edt, Uu, Uu, Uu, Uu, Xu, Xu, Xu, Xu, Xu, Xu, Xu, Xu, Xu, Xu, Xu, Xu, Xu, Uu, Xu, Uu, Uu, Uu, Uu, Uu, Xu, Uu, Xu, Xu, Xu, Xu, Xu, Xu, Xu, Xu, Xu, Xu, Xu, Xu, Xu, Xu, Xu, Xu, Xu, Xu, Xu, Xu, Xu, Xu, Xu, Xu, Xu, Xu, Xu, Uu, Xu, Uu, Xu, Xu, Xu, Xu, Uu, Uu, Ur, Uu, Uu, Xu, Xu
Xu, Xu, Uu, Uu, Uu, Xu, Xu, Uu, Uu, Ur, Ur, Uu, Uu, Uu, Xu, Xu, Uu, Ur, Uu, Uu, Xu, Xu, Xu, Uu, Uu, Uu, Uu, Uu, Uu, Uu, Uu, Uu, Uu, Uu^Edt, Uu^Edt, Uu^Edt, Uu^Edt, Uu, Uu, Uu, Uu, Xu, Xu, Xu, Xu, Xu, Uu, Uu, Uu, Xu, Xu, Uu, Uu, Uu, Uh, Uu, Uu, Uu, Uh, Uu, Uu, Uu, Uu, Xu, Xu, Xu, Xu, Xu, Xu, Xu, Xu, Xu, Uu, Uu, Uu, Uu, Uh, Uu, Uu, Xu, Xu, Xu, Xu, Xu, Xu, Xu, Uu, Uu, Uu, Uu, Uh, Uu, Uu, Xu, Xu, Xu, Uu, Ur, Uu, Uu, Xu, Xu
Xu, Xu, Uu, Ur, Uu, Xu, Xu, Uu, Uu, Ur, Uu, Uu, Uu, Uu, Xu, Xu, Ur, Ur, Uu, Uu^Vu, Xu, Xu, Xu, Uu, Uu, Uu^Vu, Uu, Uu, Uu, Uu, Uu, Uu, Uu, Uu, Uu, Uu, Uu, Uu^Vu, Uu^Edt, Uu, Uu, Xu, Xu, Xu, Xu, Xu, Uu, Uu^Vu, Uu^Es, Xu, Xu, Uu, Uu, Uu, Uu, Uh, Uh, Uh, Uh, Uu, Uu^Vu, Uu, Uu, Xu, Xu, Xu, Xu, Xu, Xu, Xu, Uu^Vu, Uu, Uu, Uu, Uh, Uh, Uh, Uh, Uu, Uu, Uu, Xu, Xu, Xu, Xu, Xu, Uu, Uu, Uh, Uh, Uh, Uh, Uu, Xu, Xu, Xu, Uu, Ur, Ur, Uu, Xu, Xu
Xu, Xu, Uu, Ur, Uu, Xu, Xu, Uu, Ur, Ur, Uu, Uu, Uu, Uu, Xu, Xu, Ur, Uu, Uu, Uu, Xu, Xu, Xu, Uu, Uu, Uu, Uu, Uu, Uu, Uu, Uh, Uh, Uh, Uh, Uh, Uu, Uu^Edt, Uu^Edt, Uu, Uu, Uu, Uu, Ur, Xu, Ur, Xu, Xu, Uu, Uu, Xu, Xu, Uu, Uu, Uu, Uu, Uu, Uh, Uh, Uu, Uu, Uu, Uu, Uu, Xu, Xu, Xu, Xu, Xu, Uu, Uu, Uu, Uu, Uh, Uh, Ur, Uu, Uu, Uh, Uh, Uu, Uu, Uu, Xu, Xu, Xu, Uu, Uu, Uu, Ur, Ur, Uu, Uh, Uu, Xu, Xu, Xu, Uu, Ur, Ur, Uu, Xu, Xu
Xu, Xu, Uu, Ur, Uu, Xu, Xu, Uu, Ur, Uu, Uu, Uh, Uu, Uu, Xu, Xu, Ur, Xu, Xu, Xu, Xu, Xu, Xu, Uu, Uu, Uh, Uh, Uh, Uh, Uh, Uh, Uh, Uh, Uh, Uh, Uu, Uu^Edt, Uu, Uu, Uu, Ur, Ur, Ur, Ur, Xu, Xol, Xu, Uu^Es, Uu^Es, Xu, Xu, Xu, Uu, Uu, Uh, Uh, Uu, Uu, Uu, Uu, Uu, Uu, Uu, Xu, Xu, Xu, Xu, Xu, Xu, Uu, Uu, Uu, Uh, Uu, Uu, Ur, Uu, Uu, Uh, Uu, Uu^Vu, Uu, Xu, Xu, Xu, Uu, Uu, Uu^Vu, Ur, Uu, Uu, Uu, Uu, Xu, Xu, Xu, Uu, Uu, Ur, Uu, Xu, Xu
Xu, Xu, Uu, Ur, Ur, Xol, Ur, Ur, Uu, Uu, Uh, Uh, Uu, Xu, Xu, Xu, Xu, Xol, Xu, Xu, Xu, Xu, Uu, Uu, Uu, Uu, Uu, Uh, Uh, Uu, Uh, Uh, Uh, Uu, Uh, Uu, Uu, Uu, Ur, Ur, Uu, Ur, Xu, Xu, Uu, Ur, Uu, Uu, Uu, Xu, Xu, Xu, Uu, Uu, Uu, Uu, Uu^Es, Uu, Uu, Uu, Ur, Uu, Ur, Uu, Uu, Xu, Xu, Xu, Xu, Uu, Uu, Uu, Uh, Uh, Uu, Ur, Ur, Uu, Uh, Uh, Uu, Uu, Xu, Xu, Xu, Uu, Uu, Uu, Ur, Uu, Uu, Uu, Uu, Xu, Xu, Xu, Uu, Uu, Ur, Uu, Xu, Xu
Xu, Xu, Uu, Ur, Uu, Xu, Xu, Ur, Uu, Uu, Uh, Uu, Uu, Xu, Xu, Xu, Uu, Ur, Ur, Xu, Ur, Uu, Ur, Uu, Ur, Uu, Uu, Uu, Uu, Uh, Uu, Uh, Uu, Uh, Ur, Uu, Ur, Ur, Uu, Uu, Uu, Uu, Xu, Xu, Uu, Ur, Ur, Uu, Uu, Xu, Xu, Xu, Uu, Uu^Es, Uu, Uu^Es, Uu, Uu, Ur, Ur, Uu, Ur, Ur, Ur, Ur, Xu, Xu, Xu, Xu, Xu, Uu, Uu, Uu, Uh, Uu, Ur, Ur, Uu, Uu, Uh, Uu, Uu, Xu, Xu, Xu, Uu, Uu, Uu, Ur, Uu, Uu, Uu, Xu, Xu, Xu, Xu, Uu, Uu, Ur, Uu, Xu, Xu
Xu, Xu, Uu, Ur, Uu, Xu, Xu, Ur, Uu, Uu, Uh, Uu, Uu, Xu, Xu, Uu, Uu, Uu, Uu, Ur, Uu, Ur, Uu, Ur, Ur, Ur, Ur, Uu, Ur, Uu, Uu, Uu, Ur, Ur, Ur, Ur, Uu, Uu, Uu, Uu, Uu, Uu, Xu, Xu, Uu, Uu, Ur, Uu, Uu, Xu, Xu, Xu, Uu, Uu, Uu, Uu, Uu, Ur, Uu, Uu, Uu, Xu, Xu, Ur, Uu, Ur, Ur, Xu, Xu, Xu, Uu, Uu, Uu, Uu, Uu, Uu, Ur, Uu, Uu, Uu, Uu, Uu, Xu, Xu, Xu, Xu, Xu, Uu, Ur, Uu, Xu, Xu, Xu, Xu, Uu, Uu, Uu, Uu, Ur, Uu, Xu, Xu
Xu, Xu, Uu, Ur, Uu, Xu, Xu, Ur, Uu, Uu, Uu, Uu, Uu, Xu, Xu, Uu, Uu, Uu, Uu, Uu, Uu, Uu, Xu, Xu, Xu, Uu, Uu, Ur, Uu, Ur, Ur, Ur, Ur, Ur, Uu^Vu, Uu, Uu, Uu, Uu, Uu, Uu, Uu, Xu, Xu, Xu, Uu, Ur, Ur, Uu, Xu, Xu, Xu, Xu, Uu, Uu, Uu, Ur, Ur, Uu, Uu, Xu, Xu, Xu, Xu, Xu, Ur, Ur, Xu, Xu, Xu, Xu, Uu, Uu, Uu, Uu, Uu, Ur, Uu, Uu, Uu, Xu, Xu, Xu, Xu, Xu, Xu, Xu, Xu, Xol, Xu, Xu, Xu, Xu, Xu, Uu, Uu, Ur, Ur, Uu, Uu, Xu, Xu
Xu, Xu, Uu, Uu, Uu, Xu, Xu, Ur, Uu, Uu, Uu, Uu, Uu, Xu, Xu, Uu, Uu, Uu, Uu, Uu, Uu, Uu, Xu, Xu, Xu, Xu, Xu, Uu, Uu, Uu, Ur, Ur, Uu, Uu, Uu, Uu, Uu, Uu, Uu, Uu, Uu, Uu, Xu, Xu, Xu, Xu, Ur, Ur, Uu, Xu, Xu, Xu, Xu, Xu, Xu, Uu, Ur, Uu, Uu, Uu, Xu, Xu, Xu, Xu, Xu, Xu, Ur, Xu, Xu, Xu, Xu, Xu, Xu, Uu, Xu, Uu, Ur, Uu, Uu, Xu, Xu, Xu, Xu, Xu, Xu, Xu, Uu, Xu, Ur, Xu, Uu, Xu, Xu, Xu, Ur, Ur, Ur, Uu, Uu, Uu, Xu, Xu
Xu, Xu, Xu, Uu, Uu^Vu, Xu, Xu, Ur, Ur, Uu, Uu, Uu, Uu, Xu, Xu, Uu, Uu, Uu, Uu, Uu, Uu, Uu, Xu, Xu, Xu, Xu, Xu, Xu, Xol, Ur, Uu, Uu, Uu, Uu, Xu, Xu, Xu, Uu, Xu, Uu, Xu, Xu, Ur, Xu, Xu, Xu, Uu, Ur, Uu, Xu, Xu, Xu, Xu, Xu, Xu, Xu, Xol, Xu, Xu, Xu, Xu, Xu, Xu, Xu, Xu, Xu, Xol, Xu, Xu, Xu, Xu, Xu, Xu, Xu, Xu, Xu, Xol, Xu, Xu, Xu, Xu, Xu, Xu, Xu, Uu, Uu, Uu, Uu, Ur, Ur, Uu, Uu, Xu, Xu, Ur, Ur, Uu, Uu, Xu, Xu, Xu, Xu
Xu, Xu, Xu, Xu, Xu, Xu, Xu, Ur, Ur, Uu, Uu, Uu, Uu, Xu, Xu, Xu, Xu, Uu, Uu, Uu, Xu, Xu, Xu, Xu, Xu, Xu, Xu, Xu, Ur, Xu, Xu, Xu, Xu, Xu, Xu, Xu, Xu, Xu, Xu, Xu, Xu, Xu, Ur, Xu, Xu, Xu, Uu, Ur, Uu, Xu, Xu, Xu, Xu, Xu, Uu, Xu, Ur, Xu, Uu, Xu, Uu, Xu, Xu, Xu, Xu, Xu, Ur, Xu, Xu, Xu, Xu, Xu, Xu, Xu, Xu, Xu, Ur, Xu, Xu, Xu, Xu, Xu, Xu, Xu, Ur, Ur, Ur, Ur, Ur, Uu, Uu, Uu, Uu, Xu, Xol, Xu, Xu, Xu, Xu, Xu, Xu, Xu
Xu, Xu, Xu, Xu, Xu, Xu, Xu, Ur, Ur, Uu, Uu, Uu, Uu, Uu, Xu, Xu, Xu, Xu, Xu, Xu, Xu, Xu, Xu, Xu, Xu, Xu, Xu, Ur, Uu, Xu, Xu, Xu, Uu, Xu, Uu, Xu, Uu, Xu, Xu, Xu, Xu, Uu, Ur, Uu, Xu, Xu, Xu, Ur, Xu, Xu, Xu, Xu, Uu, Uu, Uu, Uu, Ur, Uu, Uu, Uu, Uh, Uu, Uu, Xu, Xu, Uu, Uu, Ur, Ur, Xu, Xu, Uu, Uu, Uu, Uu, Uu, Ur, Uu, Uu, Uu, Uu, Xu, Xu, Xu, Ur, Uu, Uu, Uu, Uu, Ur, Ur, Uu, Uu, Xu, Ur, Xu, Uu, Xu, Xu, Xu, Xu, Xu
Xu, Xu, Xu, Xu, Xu, Xu, Uu, Uu, Ur, Uu, Xu, Uu, Uu, Uu, Xu, Xu, Xu, Xu, Xu, Xu, Xu, Xu, Xu, Xu, Uu, Uu, Ur, Ur, Xu, Xu, Xu, Uu, Uu, Uu, Uh, Uu, Uu, Uu, Uu, Uu, Ur, Ur, Uu^Edt, Uu, Xu, Xu, Xu, Ur, Xu, Xu, Xu, Xu, Uu, Uu^Em, Uu, Uh, Uu, Ur, Uu, Uu^Vu, Uh, Uu, Uu, Xu, Xu, Xu, Xu, Uu, Uu, Ur, Ur, Uu, Uu, Uu, Uu, Uu, Ur, Uu, Uu, Uu^Vu, Uu, Uu, Xu, Xu, Xol, Xu, Uu, Uu, Uu, Uu, Uu, Ur, Ur, Uu, Ur, Uu, Uu, Uu, Xu, Xu, Xu, Xu
Xu, Xu, Xu, Xu, Xu, Xu, Uu, Xu, Ur, Xu, Xu, Xu, Xu, Xu, Xu, Xu, Xu, Xu, Xu, Xu, Xu, Xu, Uu, Uu, Uu, Uu, Ur, Uu, Uu, Xu, Xu, Uu, Uu, Uh, Uh, Uh, Uh, Uu, Ur, Ur, Ur, Uu, Uu^Edt, Uu, Xu, Xu, Xu, Ur, Xu, Xu, Xu, Xu, Uu, Uu, Uu, Uh, Uh, Ur, Ur, Uu, Uu, Uh, Uu, Uu, Xu, Xu, Xu, Xu, Xu, Uu, Uu, Ur, Ur, Ur, Ur, Uu, Ur, Ur, Ur, Ur, Ur, Uu, Uu, Xu, Ur, Xu, Xu, Uu, Uu, Uu, Uu, Uu^Vu, Uu, Ur, Uu, Uu, Uu, Uu, Xu, Xu, Xu, Xu
Xu, Xu, Xu, Xu, Xu, Uu, Xu, Ur, Xu, Xu, Xu, Xu, Xu, Xu, Xu, Xu, Uu, Xu, Xu, Xu, Xu, Xu, Xu, Uu, Uu, Uu, Uu, Ur, Ur, Xu, Xu, Xu, Xu, Uu, Uu, Uh, Uu, Uu, Ur, Ur, Uu^Edt, Uu^Vu, Uu, Uu, Xu, Xu, Xu, Ur, Xu, Xu, Xu, Xu, Xu, Uu, Uu, Uu, Uh, Uu, Ur, Uu, Uu, Uh, Uu, Uu, Xu, Xu, Xu, Xu, Xu, Xu, Xu, Uu, Uu, Ur, Uu, Ur, Ur, Uu, Uu, Ur, Uu, Ur, Ur, Ur, Ur, Uu, Uu, Xu, Xu, Uu, Uu, Uu, Uu, Uu, Xu, Xu, Xu, Xu, Xu, Xu, Xu, Xu
Xu, Xu, Xu, Xu, Xu, Uu, Ur, Ur, Xu, Xu, Xu, Xu, Uu, Uu^Vu, Uu, Uu, Xu, Uu, Uu, Uu, Uu, Xu, Xu, Xu, Xu, Uu, Uu, Ur, Ur, Ur, Uu, Xu, Xu, Uu, Uu, Uu, Ur, Ur, Uu, Uu, Uu^Edt, Uu^Edt, Uu, Uu, Xu, Xu, Xu, Ur, Xu, Xu, Xu, Xu, Xu, Uu, Uu, Uu, Uu, Uu, Ur, Uu, Uu, Uu, Uu, Uu, Xu, Xu, Xu, Xu, Xu, Xu, Xu, Xu, Xu, Uu, Xu, Ur, Ur, Uu, Uu, Uu, Uu, Uu, Uu, Ur, Uu, Uu, Uu, Xu, Xu, Xu, Xu, Uu, Xu, Xu, Xu, Xu, Uu, Xu, Xu, Xu, Xu, Xu
Xu, Xu, Xu, Xu, Uu, Uu, Ur, Xu, Xu, Xu, Xu, Xu, Uu, Uu, Xu, Uu, Xu, Xu, Xu, Uu, Uu, Uu, Uu, Xu, Xu, Xu, Xu, Uu, Uu, Ur, Ur, Uu, Uu, Xu, Xu, Uu, Ur, Uu, Xu, Uu, Uu, Uu, Xu, Xu, Xu, Xu, Xu, Ur, Xu, Xu, Xu, Xu, Xu, Xu, Xu, Uu, Uu, Uu, Ur, Uu, Uu, Uu, Xu, Xu, Xu, Xu, Xu, Xu, Xu, Xu, Xu, Xu, Xu, Xu, Xu, Xu, Xol, Xu, Xu, Xu, Xu, Uu, Uu, Uu, Uu, Uu, Uu, Xu, Xu, Xu, Xu, Xu, Uu, Uu, Uu, Uu, Uu^Vu, Uu, Uu, Xu, Xu, Xu
Xu, Xu, Xu, Xu, Uu, Ur, Xu, Xu, Xu, Xu, Xu, Xu, Uu, Xu, Xu, Uu, Xu, Uu, Xu, Uu, Uu, Uu, Uu, Uu, Uu, Xu, Xu, Xu, Xu, Uu, Uu, Ur, Ur, Uu, Uu, Xu, Xol, Xu, Xu, Xu, Uu, Uu, Xu, Xu, Xu, Xu, Xu, Ur, Xu, Xu, Xu, Xu, Xu, Xu, Xu, Xu, Uu, Uu, Ur, Uu, Uu, Xu, Xu, Xu, Xu, Xu, Xu, Xu, Xu, Xu, Xu, Xu, Xu, Xu, Xu, Xu, Ur, Xu, Xu, Xu, Xu, Xu, Xu, Uu, Uu, Uu, Uu, Xu, Xu, Xu, Uu, Uu, Uu, Uu, Ur, Uu, Ur, Uu, Uu, Uu, Xu, Xu
Xu, Xu, Xu, Xu, Uu, Ur, Xu, Xu, Xu, Xu, Xu, Xu, Uu, Xu, Ur, Uu, Ur, Uu, Uu, Ur, Ur, Ur, Ur, Ur, Ur, Uu, Uu, Xu, Xu, Xu, Xu, Uu, Uu, Ur, Ur, Xu, Ur, Xu, Xu, Xu, Xu, Uu, Xu, Xu, Xu, Xu, Uu, Ur, Uu, Xu, Xu, Xu, Xu, Xu, Xu, Xu, Xu, Uu, Ur, Uu, Xu, Xu, Xu, Xu, Xu, Xu, Xu, Xu, Xu, Xu, Xu, Xu, Xu, Xu, Xu, Xu, Ur, Xu, Xu, Xu, Xu, Xu, Xu, Xu, Xu, Uu, Xu, Xu, Uu, Xu, Uu, Uu, Ur, Ur, Ur, Ur, Uu, Ur, Uu, Uu, Xu, Xu
Xu, Xu, Xu, Xu, Uu, Ur, Uu, Xu, Xu, Xu, Xu, Xu, Ur, Ur, Ur, Ur, Uu, Ur, Ur, Ur, Uu, Xu, Xu, Uu, Uu, Ur, Ur, Uu, Xu, Xu, Xu, Xu, Xu, Uu, Uu, Ur, Ur, Uu^Vu, Uu^Edt, Xu, Xu, Xu, Xu, Xu, Uu, Uu, Uu, Ur, Uu, Uu, Uu, Xu, Xu, Xu, Xu, Xu, Xu, Xu, Xol, Xu, Xu, Xu, Xu, Xu, Xu, Xu, Uu, Xu, Uu, Uu, Uu, Uu, Uu, Uu, Uu, Uu, Ur, Xu, Xu, Xu, Xu, Xu, Xu, Xu, Xu, Xu, Xu, Xu, Uu, Uu, Uu, Uu, Ur, Uu, Uu, Uu, Uu, Ur, Uu, Uu, Xu, Xu
Xu, Xu, Xu, Xu, Ur, Ur, Xu, Xu, Xu, Xu, Xu, Xu, Ur, Xu, Xu, Xu, Xu, Uu, Uu, Uu, Uu, Uu, Uu, Xu, Uu, Uu, Ur, Uu, Uu, Xu, Xu, Xu, Xu, Xu, Xu, Uu, Uu, Ur, Ur, Uu^Edt, Ur, Xu, Ur, Uu, Uu, Uu, Ur, Ur, Ur, Uu, Uu, Uu, Uu, Xu, Xu, Xu, Xu, Xu, Ur, Xu, Uu, Uu, Ur, Uu, Ur, Ur, Ur, Ur, Ur, Ur, Ur, Uu, Uu, Xu, Uu, Uu, Ur, Xu, Xu, Xu, Xu, Xu, Xu, Xu, Xu, Xu, Uu, Uu, Uu, Uu, Uu, Uu, Ur, Uu, Ur, Ur, Ur, Ur, Uu, Uu, Xu, Xu
Xu, Xu, Xu, Xu, Ur, Ur, Xu, Xu, Xu, Xu, Xu, Xu, Xol, Xu, Xu, Xu, Xu, Xu, Xu, Uu, Uu, Uu, Uu, Uu, Uu, Xu, Xu, Ur, Ur, Uu, Uu, Xu, Uu^Vu, Xu, Xu, Xu, Xu, Uu, Uu, Ur, Uu, Ur, Uu, Ur, Ur, Ur, Cud, Cud, Cud, Uu, Ur, Uu, Uu, Uu, Uu, Xu, Ur, Ur, Ur, Ur, Ur, Ur, Ur, Ur, Uu, Ur, Xu, Uu, Xu, Ur, Uu, Ur, Ur, Ur, Ur, Ur, Ur, Ur, Ur, Uu, Uu, Xu, Xu, Xu, Uu, Uu, Uu, Uu, Uu, Uu, Uu, Uu, Ur, Ur, Uu, Uu, Uu, Uu, Uu, Xu, Xu, Xu
Xu, Xu, Xu, Xu, Uu, Ur, Ur, Xu, Ur, Xu, Uu, Xu, Ur, Xu, Xu, Xu, Xu, Xu, Xu, Xu, Xu, Uu, Uu, Uu, Uu, Uu, Uu, Uu, Uu, Ur, Ur, Uu, Uu, Uu, Uu, Xu, Xu, Xu, Uu, Uu, Xu, Uu, Uu, Uu, Uu, Uu, Cud, 1 Kud, Cud, Ur, Uu, Ur, Ur, Ur, Ur, Ur, Ur, Ur, Ur, Uu, Uu, Uu, Uu, Uu, Xu, Xu, Xu, Xu, Xu, Xu, Xu, Uu, Uu, Ur, Uu^Vu, Ur, Ur, Ur, Ur, Ur, Ur, Uu, Uu, Xu, Xu, Uu, Xu, Uu, Xu, Uu, Xu, Xu, Xol, Xu, Xu, Uu, Uu, Uu, Uu, Xu, Xu, Xu
Xu, Xu, Xu, Xu, Uu, Uu, Uu, Ur, Ur, Ur, Ur, Ur, Uu, Xu, Xu, Xu, Xu, Xu, Xu, Xu, Xu, Xu, Xu, Uu, Uu^Vu, Uu, Uu, Uu, Uu, Uu, Uu, Ur, Ur, Ur, Ur, Uu, Uu, Xu, Xu, Uu, Uu, Xu, Xu, Uu, Uu, Uu, Uu, Cud, Ur, Uu, Uu, Uu, Uu, Ur, Ur, Ur, Ur, Ur, Xu, Uu, Xu, Uu, Uu, Xu, Xu, Xu, Xu, Xu, Uu, Xu, Xu, Xu, Ur, Ur, Ur, Ur, Ur, Ur, Ur, Ur, Ur, Ur, Ur, Xu, Ur, Xu, Ur, Xu, Ur, Xu, Ur, Xu, Ur, Xu, Xu, Xu, Xu, Xu, Xu, Xu, Xu, Xu
Xu, Xu, Xu, Xu, Xu, Uu, Uu, Uu, Uu, Uu^Vu, Uu, Uu, Uu, Xu, Xu, Xu, Xu, Xu, Xu, Xu, Xu, Xu, Xu, Xu, Xu, Xu, Xu, Uu, Xu, Uu, Xu, Uu, Uu, Ur, Uu, Ur, Uu, Uu, Uu, Xu, Xu, Uu, Uu, Uu, Uu, Uu, Uu, Ur, Ur, Uu, Uu, Uu, Xu, Xu, Xu, Xu, Xu, Ur, Ur, Ur, Ur, Xu, Ur, Ur, Ur, Ur, Ur, Ur, Ur, Ur, Ur, Ur, Uu, Ur, Xu, Uu, Uu, Uu, Uu, Uu, Uu, Uu, Uu, Ur, Uu, Ur, Uu, Ur, Uu, Ur, Uu, Ur, Ur, Uu, Uu, Xu, Xu, Xu, Xu, Xu, Xu, Xu
Xu, Xu, Xu, Xu, Xu, Xu, Xu, Uu, Xu, Uu, Xu, Uu, Xu, Uu, Xu, Xu, Xu, Xu, Xu, Xu, Xu, Xu, Xu, Xu, Xu, Xu, Xu, Xu, Xu, Xu, Xu, Xu, Xu, Xu, Xu, Xu, Xu, Xu, Xu, Xu, Xu, Xu, Xu, Xu, Xu, Uu, Uu, Ur, Ur, Uu, Xu, Xu, Xu, Xu, Xu, Xu, Xu, Xu, Xu, Xu, Xu, Ur, Xu, Xu, Xu, Ur, Xu, Uu, Xu, Xu, Xu, Uu, Xu, Xu, Xu, Xu, Xu, Uu, Xu, Uu, Xu, Uu, Xu, Uu, Xu, Uu, Xu, Uu, Xu, Xu, Xu, Xu, Xu, Xu, Xu, Xu, Xu, Xu, Xu, Xu, Xu, Xu
Xu, Xu, Xu, Xu, Xu, Xu, Xu, Xu, Xu, Xu, Xu, Xu, Xu, Xu, Xu, Xu, Xu, Xu, Xu, Xu, Xu, Xu, Xu, Xu, Xu, Xu, Xu, Xu, Xu, Xu, Xu, Xu, Xu, Xu, Xu, Xu, Xu, Xu, Xu, Xu, Xu, Xu, Xu, Xu, Xu, Xu, Uu, Ur, Rr, Uu, Xu, Xu, Xu, Xu, Xu, Xu, Xu, Xu, Xu, Xu, Xu, Xu, Xu, Xu, Xu, Xu, Xu, Xu, Xu, Xu, Xu, Xu, Xu, Xu, Xu, Xu, Xu, Xu, Xu, Xu, Xu, Xu, Xu, Xu, Xu, Xu, Xu, Xu, Xu, Xu, Xu, Xu, Xu, Xu, Xu, Xu, Xu, Xu, Xu, Xu, Xu, Xu
