border_size=1
usage=map

Xu, Xu, Xu, Xu, Xu, Xu, Xu, Xu, Xu, Xu, Xu, Xu, Xu, Xu, Xu, Xu, Xu, Xu, Xu, Xu, Xu, Xu, Xu, Urb, Urb, Xu, Xu, Xu, Xu, Xu, Xu, Xu
Xu, Xu, Xu, Xu, Xu, Xu, Uu, Xu, Xu, Xu, Xu, Xu, Xu, Xu, Xu, Xu, Xu, Xu, Xu, Xu, Xu, Xu, Xu, Urb, Urb, Xu, Xu, Xu, Uu, Xu, Xu, Xu
Xu, Xu, Xu, Xu, Uu, Uu, Uu^Vud, Uu, Xu, Xu, Uu, Uu, Xu, Xu, Urb, Urb, Urb, Xu, Xu, Xu, Xu, Xu, Xu, Urb, Urb, Xu, Xu, Uu, Uu^Vud, Uu, Xu, Xu
Xu, Xu, Uu, Xu, Xu, Uu, Uu, Uu, Xu, Xu, Uu, Uu^Vud, Xu, Urb, Urb, Urb, Urb, Urb, Urb, Xu, Urb, Xu, Urb, Urb, Urb, Xu, Xu, Uu, Uu, Uu, Xu, Xu
Xu, Xu, Uu, Uu^Vud, Xu, Xu, Xu, Ur, Ur, Xu, Xu, Uu, Ur, Xu, Xu, Urb, Urb, Urb, Urb, Urb, Urb, Urb, Urb, Urb, Xu, Xu, Uu, Uu, Xu, Xu, Xu, Xu
Xu, Xu, Uu, Uu, Uu, Xu, Xu, Xu, Uu, Ur, Xu, Xu, Ur, Xu, Xu, Xu, Xu, Xuc, Xuc, Urb, Urb, Urb, Xu, Xu, Uu, Uu, Xu, Xu, Xu, Xu, Xu, Xu
Xu, Xu, Xu, Uu, Uu, Xu, Xu, Xu, Xu, Ur, Xu, Xu, Xu, Ur, Xu, Xu, Ur, Ur, Ur, Xuc, Xuc, Xu, Xu, Uu, Xu, Xu, Ur, Xu, Xu, Xu, Xu, Xu
Xu, Xu, Xu, Uu, Xos, Uu, Xu, Xu, Xu, Ur, Xos, Xu, Xu, Ur, Xu, Ur, Ur, Ur, Ur, Ur, Xu, Xu, Xu, Uu, Xu, Xu, Ur, Ur, Ur, Ur, Ur, Ur
Uu, Xu, Ur, Xu, Ur, Xu, Ur, Xu, Ur, Xu, Ur, Xu, Xu, Xos, Xu, Ur, Ur, Ur, Ur, Ur, Ur, Xu, Xu, Xos, Xu, Xu, Ur, Ur, Ur, Ur, Ur, Ur
Ur, Ur, Uu, Ur, Ce, Ur, Ce, Ur, Ur, Ur, Ur, Ur, Ur, Ur, Ur, Ur, Ur, Ur, Ur, Ur, Xu, Ur, Ur, Ur, Ur, Xos, Ur, Ur, Ur, Ur, Ur, Ur
Uu, Uu, Uu, Ce, Ce, 1 Ke, Ce, Ce, Uu, Uu, Uu, Uu^Vud, Ur, Uu, Ur, Xu, Xu, Uu, Xu, Ur, Ur, Xu, Xu, Xu, Xu, Xu, Ur, Ur, Ur, Ur, Ur, Ur
Uu, Uu, Uu, Uu, Uu, Uu, Uu, Uu, Xu, Uu, Xu, Uu, Ur, Uu, Ur, Xu, Xu, Xos, Xu, Xu, Xu, Ur, Ur, Xu, Xu, Xu, Ur, Ur, Ur, Ur, Ur, Ur
Xu, Xu, Xu, Xu, Xu, Xu, Xu, Xu, Xu, Xu, Xu, Xu, Xos, Xu, Xos, Xu, Xu, Ur, Xu, Xu, Xu, Xu, Xu, Ur, Ur, Xu, Ur, Ur, Ur, Ur, Ur, Ur
Xu, Xu, Uu, Uu, Uu, Uu^Vud, Uu, Uu, Ur, Ur, Ur, Ur, Xu, Xu, Ur, Xu, Xu, Ur, Ur, Uu^Vud, Uu, Xu, Xu, Xu, Ur, Xu, Xu, Ur, Xu, Ur, Xu, Xu
Xu, Uh, Uh, Cud, Uu, Uu, Ur, Ur, Xu, Xu, Xu, Xu, Uu, Xu, Ur, Xu, Xu, Xu, Ur, Uu, Cud, Uu, Uh, Xu, Ur, Uu^Vud, Uu, Xu, Uu, Xu, Xu, Xu
Xu, Xu, Xu, Uh, Xu, Xu, Xu, Xu, Xu, Xu, Uu^Vud, Uu, Uu, Uu, Ur, Xu, Xu, Xu, Xu, Uu, Uh, Uh, Xu, Xu, Ur, Uu, Co, 2 Ko, Co, Uu, Xu, Xu
Xu, Xu, Xu, Xu, Xu, Xu, Xu, Xu, Xu, Uu, Xu, Uu, Uu, Uu, Xu, Xu, Xu, Xu, Xu, Xu, Xu, Xu, Xu, Xu, Xu, Uu, Uu, Uu, Uu, Uu, Xu, Xu
Xu, Xu, Xu, Xu, Xu, Xu, Xu, Xu, Xu, Xu, Xu, Xu, Xu, Xu, Xu, Xu, Xu, Xu, Xu, Xu, Xu, Xu, Xu, Xu, Xu, Xu, Xu, Xu, Xu, Xu, Xu, Xu
